../Drivers/CMSIS/Include/core_cm4.h:1933:34:__NVIC_SystemReset	4	static,ignoring_inline_asm
../Core/Src/main.c:155:13:txCallback	40	static
../Core/Src/main.c:181:13:rxCallback	40	static
../Core/Src/main.c:204:6:cbLinkChange	32	static
../Core/Src/main.c:229:6:printStats	80	static
../Core/Src/main.c:295:5:main	480	static
../Core/Src/main.c:544:6:SystemClock_Config	96	static
../Core/Src/main.c:599:13:MX_NVIC_Init	8	static
../Core/Src/main.c:637:6:HAL_GPIO_EXTI_Callback	32	static
../Core/Src/main.c:673:6:HAL_TIM_PeriodElapsedCallback	16	static
../Core/Src/main.c:690:6:Error_Handler	4	static,ignoring_inline_asm
