../Core/Src/syscalls.c:67:5:_gettimeofday	80	static
../Core/Src/syscalls.c:92:6:initialise_monitor_handles	4	static
../Core/Src/syscalls.c:101:5:_getpid	4	static
../Core/Src/syscalls.c:113:5:_kill	16	static
../Core/Src/syscalls.c:126:6:_exit	16	static
../Core/Src/syscalls.c:140:27:_read	32	static
../Core/Src/syscalls.c:162:5:_write	24	static
../Core/Src/syscalls.c:180:5:_close	16	static
../Core/Src/syscalls.c:193:5:_fstat	16	static
../Core/Src/syscalls.c:206:5:_isatty	16	static
../Core/Src/syscalls.c:220:5:_lseek	24	static
../Core/Src/syscalls.c:236:5:_open	12	static
../Core/Src/syscalls.c:250:5:_wait	16	static
../Core/Src/syscalls.c:263:5:_unlink	16	static
../Core/Src/syscalls.c:276:5:_times	16	static
../Core/Src/syscalls.c:289:5:_stat	16	static
../Core/Src/syscalls.c:303:5:_link	16	static
../Core/Src/syscalls.c:316:5:_fork	8	static
../Core/Src/syscalls.c:330:5:_execve	24	static
