Archive member included to satisfy reference by file (symbol)

C:/ST/STM32CubeIDE_1.17.0/STM32CubeIDE/plugins/com.st.stm32cube.ide.mcu.externaltools.gnu-tools-for-stm32.12.3.rel1.win32_1.1.0.202410251130/tools/bin/../lib/gcc/arm-none-eabi/12.3.1/../../../../arm-none-eabi/lib/thumb/v7e-m+fp/hard\libc_nano.a(libc_a-exit.o)
                              C:/ST/STM32CubeIDE_1.17.0/STM32CubeIDE/plugins/com.st.stm32cube.ide.mcu.externaltools.gnu-tools-for-stm32.12.3.rel1.win32_1.1.0.202410251130/tools/bin/../lib/gcc/arm-none-eabi/12.3.1/../../../../arm-none-eabi/lib/thumb/v7e-m+fp/hard/crt0.o (exit)
C:/ST/STM32CubeIDE_1.17.0/STM32CubeIDE/plugins/com.st.stm32cube.ide.mcu.externaltools.gnu-tools-for-stm32.12.3.rel1.win32_1.1.0.202410251130/tools/bin/../lib/gcc/arm-none-eabi/12.3.1/../../../../arm-none-eabi/lib/thumb/v7e-m+fp/hard\libc_nano.a(libc_a-nano-vfprintf_float.o)
                              (_printf_float)
C:/ST/STM32CubeIDE_1.17.0/STM32CubeIDE/plugins/com.st.stm32cube.ide.mcu.externaltools.gnu-tools-for-stm32.12.3.rel1.win32_1.1.0.202410251130/tools/bin/../lib/gcc/arm-none-eabi/12.3.1/../../../../arm-none-eabi/lib/thumb/v7e-m+fp/hard\libc_nano.a(libc_a-nano-vfprintf_i.o)
                              C:/ST/STM32CubeIDE_1.17.0/STM32CubeIDE/plugins/com.st.stm32cube.ide.mcu.externaltools.gnu-tools-for-stm32.12.3.rel1.win32_1.1.0.202410251130/tools/bin/../lib/gcc/arm-none-eabi/12.3.1/../../../../arm-none-eabi/lib/thumb/v7e-m+fp/hard\libc_nano.a(libc_a-nano-vfprintf_float.o) (_printf_common)
C:/ST/STM32CubeIDE_1.17.0/STM32CubeIDE/plugins/com.st.stm32cube.ide.mcu.externaltools.gnu-tools-for-stm32.12.3.rel1.win32_1.1.0.202410251130/tools/bin/../lib/gcc/arm-none-eabi/12.3.1/../../../../arm-none-eabi/lib/thumb/v7e-m+fp/hard\libc_nano.a(libc_a-findfp.o)
                              C:/ST/STM32CubeIDE_1.17.0/STM32CubeIDE/plugins/com.st.stm32cube.ide.mcu.externaltools.gnu-tools-for-stm32.12.3.rel1.win32_1.1.0.202410251130/tools/bin/../lib/gcc/arm-none-eabi/12.3.1/../../../../arm-none-eabi/lib/thumb/v7e-m+fp/hard\libc_nano.a(libc_a-exit.o) (__stdio_exit_handler)
C:/ST/STM32CubeIDE_1.17.0/STM32CubeIDE/plugins/com.st.stm32cube.ide.mcu.externaltools.gnu-tools-for-stm32.12.3.rel1.win32_1.1.0.202410251130/tools/bin/../lib/gcc/arm-none-eabi/12.3.1/../../../../arm-none-eabi/lib/thumb/v7e-m+fp/hard\libc_nano.a(libc_a-fwalk.o)
                              C:/ST/STM32CubeIDE_1.17.0/STM32CubeIDE/plugins/com.st.stm32cube.ide.mcu.externaltools.gnu-tools-for-stm32.12.3.rel1.win32_1.1.0.202410251130/tools/bin/../lib/gcc/arm-none-eabi/12.3.1/../../../../arm-none-eabi/lib/thumb/v7e-m+fp/hard\libc_nano.a(libc_a-findfp.o) (_fwalk_sglue)
C:/ST/STM32CubeIDE_1.17.0/STM32CubeIDE/plugins/com.st.stm32cube.ide.mcu.externaltools.gnu-tools-for-stm32.12.3.rel1.win32_1.1.0.202410251130/tools/bin/../lib/gcc/arm-none-eabi/12.3.1/../../../../arm-none-eabi/lib/thumb/v7e-m+fp/hard\libc_nano.a(libc_a-printf.o)
                              ./Core/Src/adi_spi_oa.o (printf)
C:/ST/STM32CubeIDE_1.17.0/STM32CubeIDE/plugins/com.st.stm32cube.ide.mcu.externaltools.gnu-tools-for-stm32.12.3.rel1.win32_1.1.0.202410251130/tools/bin/../lib/gcc/arm-none-eabi/12.3.1/../../../../arm-none-eabi/lib/thumb/v7e-m+fp/hard\libc_nano.a(libc_a-puts.o)
                              ./Core/Src/adi_spi_oa.o (puts)
C:/ST/STM32CubeIDE_1.17.0/STM32CubeIDE/plugins/com.st.stm32cube.ide.mcu.externaltools.gnu-tools-for-stm32.12.3.rel1.win32_1.1.0.202410251130/tools/bin/../lib/gcc/arm-none-eabi/12.3.1/../../../../arm-none-eabi/lib/thumb/v7e-m+fp/hard\libc_nano.a(libc_a-sprintf.o)
                              ./Core/Src/main.o (sprintf)
C:/ST/STM32CubeIDE_1.17.0/STM32CubeIDE/plugins/com.st.stm32cube.ide.mcu.externaltools.gnu-tools-for-stm32.12.3.rel1.win32_1.1.0.202410251130/tools/bin/../lib/gcc/arm-none-eabi/12.3.1/../../../../arm-none-eabi/lib/thumb/v7e-m+fp/hard\libc_nano.a(libc_a-stdio.o)
                              C:/ST/STM32CubeIDE_1.17.0/STM32CubeIDE/plugins/com.st.stm32cube.ide.mcu.externaltools.gnu-tools-for-stm32.12.3.rel1.win32_1.1.0.202410251130/tools/bin/../lib/gcc/arm-none-eabi/12.3.1/../../../../arm-none-eabi/lib/thumb/v7e-m+fp/hard\libc_nano.a(libc_a-findfp.o) (__sread)
C:/ST/STM32CubeIDE_1.17.0/STM32CubeIDE/plugins/com.st.stm32cube.ide.mcu.externaltools.gnu-tools-for-stm32.12.3.rel1.win32_1.1.0.202410251130/tools/bin/../lib/gcc/arm-none-eabi/12.3.1/../../../../arm-none-eabi/lib/thumb/v7e-m+fp/hard\libc_nano.a(libc_a-wbuf.o)
                              C:/ST/STM32CubeIDE_1.17.0/STM32CubeIDE/plugins/com.st.stm32cube.ide.mcu.externaltools.gnu-tools-for-stm32.12.3.rel1.win32_1.1.0.202410251130/tools/bin/../lib/gcc/arm-none-eabi/12.3.1/../../../../arm-none-eabi/lib/thumb/v7e-m+fp/hard\libc_nano.a(libc_a-puts.o) (__swbuf_r)
[...]
Memory Configuration

Name             Origin             Length             Attributes
RAM              0x20000000         0x00040000         xrw
RAM2             0x10000000         0x00010000         xrw
FLASH            0x08000000         0x00100000         xr
*default*        0x00000000         0xffffffff

Linker script and memory map

LOAD C:/ST/STM32CubeIDE_1.17.0/STM32CubeIDE/plugins/com.st.stm32cube.ide.mcu.externaltools.gnu-tools-for-stm32.12.3.rel1.win32_1.1.0.202410251130/tools/bin/../lib/gcc/arm-none-eabi/12.3.1/thumb/v7e-m+fp/hard/crti.o
LOAD C:/ST/STM32CubeIDE_1.17.0/STM32CubeIDE/plugins/com.st.stm32cube.ide.mcu.externaltools.gnu-tools-for-stm32.12.3.rel1.win32_1.1.0.202410251130/tools/bin/../lib/gcc/arm-none-eabi/12.3.1/thumb/v7e-m+fp/hard/crtbegin.o
LOAD C:/ST/STM32CubeIDE_1.17.0/STM32CubeIDE/plugins/com.st.stm32cube.ide.mcu.externaltools.gnu-tools-for-stm32.12.3.rel1.win32_1.1.0.202410251130/tools/bin/../lib/gcc/arm-none-eabi/12.3.1/../../../../arm-none-eabi/lib/thumb/v7e-m+fp/hard/crt0.o
LOAD ./Core/Src/adi_mac.o
LOAD ./Core/Src/adi_phy.o
LOAD ./Core/Src/adi_spi_oa.o
LOAD ./Core/Src/adin1110.o
LOAD ./Core/Src/boardsupport.o
LOAD ./Core/Src/dma.o
LOAD ./Core/Src/fcs.o
LOAD ./Core/Src/frames.o
LOAD ./Core/Src/gpio.o
LOAD ./Core/Src/hal.o
LOAD ./Core/Src/main.o
LOAD ./Core/Src/spi.o
LOAD ./Core/Src/stm32l4xx_hal_msp.o
LOAD ./Core/Src/stm32l4xx_it.o
LOAD ./Core/Src/syscalls.o
LOAD ./Core/Src/sysmem.o
LOAD ./Core/Src/system_stm32l4xx.o
LOAD ./Core/Src/usart.o
LOAD ./Core/Startup/startup_stm32l496zgtxp.o
LOAD ./Drivers/STM32L4xx_HAL_Driver/Src/stm32l4xx_hal.o
LOAD ./Drivers/STM32L4xx_HAL_Driver/Src/stm32l4xx_hal_cortex.o
LOAD ./Drivers/STM32L4xx_HAL_Driver/Src/stm32l4xx_hal_dma.o
LOAD ./Drivers/STM32L4xx_HAL_Driver/Src/stm32l4xx_hal_dma_ex.o
LOAD ./Drivers/STM32L4xx_HAL_Driver/Src/stm32l4xx_hal_exti.o
LOAD ./Drivers/STM32L4xx_HAL_Driver/Src/stm32l4xx_hal_flash.o
LOAD ./Drivers/STM32L4xx_HAL_Driver/Src/stm32l4xx_hal_flash_ex.o
LOAD ./Drivers/STM32L4xx_HAL_Driver/Src/stm32l4xx_hal_flash_ramfunc.o
LOAD ./Drivers/STM32L4xx_HAL_Driver/Src/stm32l4xx_hal_gpio.o
LOAD ./Drivers/STM32L4xx_HAL_Driver/Src/stm32l4xx_hal_i2c.o
LOAD ./Drivers/STM32L4xx_HAL_Driver/Src/stm32l4xx_hal_i2c_ex.o
LOAD ./Drivers/STM32L4xx_HAL_Driver/Src/stm32l4xx_hal_pwr.o
LOAD ./Drivers/STM32L4xx_HAL_Driver/Src/stm32l4xx_hal_pwr_ex.o
LOAD ./Drivers/STM32L4xx_HAL_Driver/Src/stm32l4xx_hal_rcc.o
LOAD ./Drivers/STM32L4xx_HAL_Driver/Src/stm32l4xx_hal_rcc_ex.o
LOAD ./Drivers/STM32L4xx_HAL_Driver/Src/stm32l4xx_hal_spi.o
LOAD ./Drivers/STM32L4xx_HAL_Driver/Src/stm32l4xx_hal_spi_ex.o
LOAD ./Drivers/STM32L4xx_HAL_Driver/Src/stm32l4xx_hal_uart.o
LOAD ./Drivers/STM32L4xx_HAL_Driver/Src/stm32l4xx_hal_uart_ex.o
START GROUP
LOAD C:/ST/STM32CubeIDE_1.17.0/STM32CubeIDE/plugins/com.st.stm32cube.ide.mcu.externaltools.gnu-tools-for-stm32.12.3.rel1.win32_1.1.0.202410251130/tools/bin/../lib/gcc/arm-none-eabi/12.3.1/../../../../arm-none-eabi/lib/thumb/v7e-m+fp/hard\libc_nano.a
LOAD C:/ST/STM32CubeIDE_1.17.0/STM32CubeIDE/plugins/com.st.stm32cube.ide.mcu.externaltools.gnu-tools-for-stm32.12.3.rel1.win32_1.1.0.202410251130/tools/bin/../lib/gcc/arm-none-eabi/12.3.1/../../../../arm-none-eabi/lib/thumb/v7e-m+fp/hard\libm.a
END GROUP
START GROUP
LOAD C:/ST/STM32CubeIDE_1.17.0/STM32CubeIDE/plugins/com.st.stm32cube.ide.mcu.externaltools.gnu-tools-for-stm32.12.3.rel1.win32_1.1.0.202410251130/tools/bin/../lib/gcc/arm-none-eabi/12.3.1/thumb/v7e-m+fp/hard\libgcc.a
LOAD C:/ST/STM32CubeIDE_1.17.0/STM32CubeIDE/plugins/com.st.stm32cube.ide.mcu.externaltools.gnu-tools-for-stm32.12.3.rel1.win32_1.1.0.202410251130/tools/bin/../lib/gcc/arm-none-eabi/12.3.1/../../../../arm-none-eabi/lib/thumb/v7e-m+fp/hard\libc_nano.a
END GROUP
START GROUP
LOAD C:/ST/STM32CubeIDE_1.17.0/STM32CubeIDE/plugins/com.st.stm32cube.ide.mcu.externaltools.gnu-tools-for-stm32.12.3.rel1.win32_1.1.0.202410251130/tools/bin/../lib/gcc/arm-none-eabi/12.3.1/thumb/v7e-m+fp/hard\libgcc.a
LOAD C:/ST/STM32CubeIDE_1.17.0/STM32CubeIDE/plugins/com.st.stm32cube.ide.mcu.externaltools.gnu-tools-for-stm32.12.3.rel1.win32_1.1.0.202410251130/tools/bin/../lib/gcc/arm-none-eabi/12.3.1/../../../../arm-none-eabi/lib/thumb/v7e-m+fp/hard\libc_nano.a
LOAD C:/ST/STM32CubeIDE_1.17.0/STM32CubeIDE/plugins/com.st.stm32cube.ide.mcu.externaltools.gnu-tools-for-stm32.12.3.rel1.win32_1.1.0.202410251130/tools/bin/../lib/gcc/arm-none-eabi/12.3.1/../../../../arm-none-eabi/lib/thumb/v7e-m+fp/hard\libnosys.a
END GROUP
START GROUP
LOAD C:/ST/STM32CubeIDE_1.17.0/STM32CubeIDE/plugins/com.st.stm32cube.ide.mcu.externaltools.gnu-tools-for-stm32.12.3.rel1.win32_1.1.0.202410251130/tools/bin/../lib/gcc/arm-none-eabi/12.3.1/thumb/v7e-m+fp/hard\libgcc.a
LOAD C:/ST/STM32CubeIDE_1.17.0/STM32CubeIDE/plugins/com.st.stm32cube.ide.mcu.externaltools.gnu-tools-for-stm32.12.3.rel1.win32_1.1.0.202410251130/tools/bin/../lib/gcc/arm-none-eabi/12.3.1/../../../../arm-none-eabi/lib/thumb/v7e-m+fp/hard\libc_nano.a
LOAD C:/ST/STM32CubeIDE_1.17.0/STM32CubeIDE/plugins/com.st.stm32cube.ide.mcu.externaltools.gnu-tools-for-stm32.12.3.rel1.win32_1.1.0.202410251130/tools/bin/../lib/gcc/arm-none-eabi/12.3.1/../../../../arm-none-eabi/lib/thumb/v7e-m+fp/hard\libnosys.a
END GROUP
LOAD C:/ST/STM32CubeIDE_1.17.0/STM32CubeIDE/plugins/com.st.stm32cube.ide.mcu.externaltools.gnu-tools-for-stm32.12.3.rel1.win32_1.1.0.202410251130/tools/bin/../lib/gcc/arm-none-eabi/12.3.1/thumb/v7e-m+fp/hard/crtend.o
LOAD C:/ST/STM32CubeIDE_1.17.0/STM32CubeIDE/plugins/com.st.stm32cube.ide.mcu.externaltools.gnu-tools-for-stm32.12.3.rel1.win32_1.1.0.202410251130/tools/bin/../lib/gcc/arm-none-eabi/12.3.1/thumb/v7e-m+fp/hard/crtn.o
                0x20040000                        _estack = (ORIGIN (RAM) + LENGTH (RAM))
                0x00000200                        _Min_Heap_Size = 0x200
                0x00000400                        _Min_Stack_Size = 0x400

.isr_vector     0x08000000      0x1ac
                0x08000000                        . = ALIGN (0x4)
 *(.isr_vector)
 .isr_vector    0x08000000      0x1ac ./Core/Startup/startup_stm32l496zgtxp.o
                0x08000000                g_pfnVectors
                0x080001ac                        . = ALIGN (0x4)

.text           0x080001b0     0xe1e8
                0x080001b0                        . = ALIGN (0x4)
 *(.text)
 .text          0x080001b0       0x40 C:/ST/STM32CubeIDE_1.17.0/STM32CubeIDE/plugins/com.st.stm32cube.ide.mcu.externaltools.gnu-tools-for-stm32.12.3.rel1.win32_1.1.0.202410251130/tools/bin/../lib/gcc/arm-none-eabi/12.3.1/thumb/v7e-m+fp/hard/crtbegin.o
 .text          0x080001f0       0xa0 C:/ST/STM32CubeIDE_1.17.0/STM32CubeIDE/plugins/com.st.stm32cube.ide.mcu.externaltools.gnu-tools-for-stm32.12.3.rel1.win32_1.1.0.202410251130/tools/bin/../lib/gcc/arm-none-eabi/12.3.1/../../../../arm-none-eabi/lib/thumb/v7e-m+fp/hard\libc_nano.a(libc_a-memchr.o)
                0x080001f0                memchr
 .text          0x08000290       0x10 C:/ST/STM32CubeIDE_1.17.0/STM32CubeIDE/plugins/com.st.stm32cube.ide.mcu.externaltools.gnu-tools-for-stm32.12.3.rel1.win32_1.1.0.202410251130/tools/bin/../lib/gcc/arm-none-eabi/12.3.1/../../../../arm-none-eabi/lib/thumb/v7e-m+fp/hard\libc_nano.a(libc_a-strlen.o)
                0x08000290                strlen
 .text          0x080002a0      0x378 C:/ST/STM32CubeIDE_1.17.0/STM32CubeIDE/plugins/com.st.stm32cube.ide.mcu.externaltools.gnu-tools-for-stm32.12.3.rel1.win32_1.1.0.202410251130/tools/bin/../lib/gcc/arm-none-eabi/12.3.1/thumb/v7e-m+fp/hard\libgcc.a(_arm_addsubdf3.o)
                0x080002a0                __aeabi_drsub
                0x080002a8                __aeabi_dsub
                0x080002a8                __subdf3
                0x080002ac                __aeabi_dadd
                0x080002ac                __adddf3
                0x08000524                __floatunsidf
                0x08000524                __aeabi_ui2d
                0x08000544                __floatsidf
                0x08000544                __aeabi_i2d
                0x08000568                __aeabi_f2d
                0x08000568                __extendsfdf2
                0x080005ac                __floatundidf
                0x080005ac                __aeabi_ul2d
                0x080005bc                __floatdidf
                0x080005bc                __aeabi_l2d
 .text          0x08000618      0x424 C:/ST/STM32CubeIDE_1.17.0/STM32CubeIDE/plugins/com.st.stm32cube.ide.mcu.externaltools.gnu-tools-for-stm32.12.3.rel1.win32_1.1.0.202410251130/tools/bin/../lib/gcc/arm-none-eabi/12.3.1/thumb/v7e-m+fp/hard\libgcc.a(_arm_muldivdf3.o)
                0x08000618                __aeabi_dmul
                0x08000618                __muldf3
                0x0800086c                __divdf3
                0x0800086c                __aeabi_ddiv
 .text          0x08000a3c      0x110 C:/ST/STM32CubeIDE_1.17.0/STM32CubeIDE/plugins/com.st.stm32cube.ide.mcu.externaltools.gnu-tools-for-stm32.12.3.rel1.win32_1.1.0.202410251130/tools/bin/../lib/gcc/arm-none-eabi/12.3.1/thumb/v7e-m+fp/hard\libgcc.a(_arm_cmpdf2.o)
                0x08000a3c                __gtdf2
                0x08000a3c                __gedf2
                0x08000a44                __ltdf2
                0x08000a44                __ledf2
                0x08000a4c                __nedf2
                0x08000a4c                __eqdf2
                0x08000a4c                __cmpdf2
                0x08000ac8                __aeabi_cdrcmple
                0x08000ad8                __aeabi_cdcmpeq
                0x08000ad8                __aeabi_cdcmple
                0x08000ae8                __aeabi_dcmpeq
                0x08000afc                __aeabi_dcmplt
                0x08000b10                __aeabi_dcmple
                0x08000b24                __aeabi_dcmpge
                0x08000b38                __aeabi_dcmpgt
 .text          0x08000b4c       0x2c C:/ST/STM32CubeIDE_1.17.0/STM32CubeIDE/plugins/com.st.stm32cube.ide.mcu.externaltools.gnu-tools-for-stm32.12.3.rel1.win32_1.1.0.202410251130/tools/bin/../lib/gcc/arm-none-eabi/12.3.1/thumb/v7e-m+fp/hard\libgcc.a(_arm_unorddf2.o)
                0x08000b4c                __unorddf2
                0x08000b4c                __aeabi_dcmpun
 .text          0x08000b78       0x50 C:/ST/STM32CubeIDE_1.17.0/STM32CubeIDE/plugins/com.st.stm32cube.ide.mcu.externaltools.gnu-tools-for-stm32.12.3.rel1.win32_1.1.0.202410251130/tools/bin/../lib/gcc/arm-none-eabi/12.3.1/thumb/v7e-m+fp/hard\libgcc.a(_arm_fixdfsi.o)
                0x08000b78                __aeabi_d2iz
                0x08000b78                __fixdfsi
 .text          0x08000bc8       0x40 C:/ST/STM32CubeIDE_1.17.0/STM32CubeIDE/plugins/com.st.stm32cube.ide.mcu.externaltools.gnu-tools-for-stm32.12.3.rel1.win32_1.1.0.202410251130/tools/bin/../lib/gcc/arm-none-eabi/12.3.1/thumb/v7e-m+fp/hard\libgcc.a(_arm_fixunsdfsi.o)
                0x08000bc8                __aeabi_d2uiz
                0x08000bc8                __fixunsdfsi
 .text          0x08000c08       0xa0 C:/ST/STM32CubeIDE_1.17.0/STM32CubeIDE/plugins/com.st.stm32cube.ide.mcu.externaltools.gnu-tools-for-stm32.12.3.rel1.win32_1.1.0.202410251130/tools/bin/../lib/gcc/arm-none-eabi/12.3.1/thumb/v7e-m+fp/hard\libgcc.a(_aeabi_ldivmod.o)
                0x08000c08                __aeabi_ldivmod
 .text          0x08000ca8       0x30 C:/ST/STM32CubeIDE_1.17.0/STM32CubeIDE/plugins/com.st.stm32cube.ide.mcu.externaltools.gnu-tools-for-stm32.12.3.rel1.win32_1.1.0.202410251130/tools/bin/../lib/gcc/arm-none-eabi/12.3.1/thumb/v7e-m+fp/hard\libgcc.a(_aeabi_uldivmod.o)
                0x08000ca8                __aeabi_uldivmod
 .text          0x08000cd8      0x2bc C:/ST/STM32CubeIDE_1.17.0/STM32CubeIDE/plugins/com.st.stm32cube.ide.mcu.externaltools.gnu-tools-for-stm32.12.3.rel1.win32_1.1.0.202410251130/tools/bin/../lib/gcc/arm-none-eabi/12.3.1/thumb/v7e-m+fp/hard\libgcc.a(_udivmoddi4.o)
                0x08000cd8                __udivmoddi4
 .text          0x08000f94        0x4 C:/ST/STM32CubeIDE_1.17.0/STM32CubeIDE/plugins/com.st.stm32cube.ide.mcu.externaltools.gnu-tools-for-stm32.12.3.rel1.win32_1.1.0.202410251130/tools/bin/../lib/gcc/arm-none-eabi/12.3.1/thumb/v7e-m+fp/hard\libgcc.a(_dvmd_tls.o)
                0x08000f94                __aeabi_idiv0
                0x08000f94                __aeabi_ldiv0
 *(.text*)
 .text.queueInit
                0x08000f98       0x62 ./Core/Src/adi_mac.o
                0x08000f98                queueInit
 .text.queueCount
                0x08000ffa       0x44 ./Core/Src/adi_mac.o
 .text.queueIsFull
                0x0800103e       0x28 ./Core/Src/adi_mac.o
                0x0800103e                queueIsFull
 .text.queueIsEmpty
                0x08001066       0x2e ./Core/Src/adi_mac.o
                0x08001066                queueIsEmpty
 .text.queueAdd
                0x08001094       0x36 ./Core/Src/adi_mac.o
                0x08001094                queueAdd
 .text.queueRemove
                0x080010ca       0x36 ./Core/Src/adi_mac.o
                0x080010ca                queueRemove
 .text.macCallback
                0x08001100       0x1e ./Core/Src/adi_mac.o
 *fill*         0x0800111e        0x2 
 .text.MAC_Init
                0x08001120      0x1e0 ./Core/Src/adi_mac.o
 .text.macInit  0x08001300      0x17c ./Core/Src/adi_mac.o
 .text.MAC_UnInit
                0x0800147c       0x2c ./Core/Src/adi_mac.o
 .text.MAC_Reset
                0x080014a8       0xe8 ./Core/Src/adi_mac.o
 .text.MAC_RegisterCallback
                0x08001590       0xda ./Core/Src/adi_mac.o
 *fill*         0x0800166a        0x2 
 .text.MAC_ReadRegister
                0x0800166c       0xec ./Core/Src/adi_mac.o
                0x0800166c                MAC_ReadRegister
 .text.MAC_WriteRegister
                0x08001758       0xec ./Core/Src/adi_mac.o
                0x08001758                MAC_WriteRegister
 .text.waitMdioReady
                0x08001844       0x7e ./Core/Src/adi_mac.o
 *fill*         0x080018c2        0x2 
 .text.waitDeviceReady
                0x080018c4       0xe4 ./Core/Src/adi_mac.o
 .text.MAC_PhyRead
                0x080019a8       0xd4 ./Core/Src/adi_mac.o
 .text.MAC_PhyWrite
                0x08001a7c       0xbc ./Core/Src/adi_mac.o
 .text.MAC_SubmitTxBuffer
                0x08001b38      0x122 ./Core/Src/adi_mac.o
 .text.MAC_SubmitRxBuffer
                0x08001c5a       0xa8 ./Core/Src/adi_mac.o
 .text.MAC_ProcessTxQueue
                0x08001d02       0x76 ./Core/Src/adi_mac.o
 .text.MAC_GetStatCounters
                0x08001d78      0x1fc ./Core/Src/adi_mac.o
 .text.MAC_AddAddressFilter
                0x08001f74      0x1c8 ./Core/Src/adi_mac.o
 .text.MAC_ClearAddressFilter
                0x0800213c       0x84 ./Core/Src/adi_mac.o
 .text.MAC_GetLinkStatus
                0x080021c0       0x44 ./Core/Src/adi_mac.o
 .text.MAC_SetChunkSize
                0x08002204       0x94 ./Core/Src/adi_mac.o
                0x08002204                MAC_SetChunkSize
 .text.MAC_GetChunkSize
                0x08002298       0x60 ./Core/Src/adi_mac.o
                0x08002298                MAC_GetChunkSize
 .text.MAC_SetCutThroughMode
                0x080022f8       0x7e ./Core/Src/adi_mac.o
                0x080022f8                MAC_SetCutThroughMode
 .text.MAC_GetCutThroughMode
                0x08002376       0x6e ./Core/Src/adi_mac.o
                0x08002376                MAC_GetCutThroughMode
 .text.MAC_SetFifoSizes
                0x080023e4       0x36 ./Core/Src/adi_mac.o
                0x080023e4                MAC_SetFifoSizes
 .text.MAC_GetFifoSizes
                0x0800241a       0x1e ./Core/Src/adi_mac.o
                0x0800241a                MAC_GetFifoSizes
 .text.MAC_ClearFifos
                0x08002438       0x34 ./Core/Src/adi_mac.o
                0x08002438                MAC_ClearFifos
 .text.MAC_SetPromiscuousMode
                0x0800246c       0x6c ./Core/Src/adi_mac.o
 .text.MAC_GetPromiscuousMode
                0x080024d8       0x50 ./Core/Src/adi_mac.o
 .text.MAC_TsEnable
                0x08002528      0x118 ./Core/Src/adi_mac.o
                0x08002528                MAC_TsEnable
 .text.MAC_TsClear
                0x08002640       0x4a ./Core/Src/adi_mac.o
                0x08002640                MAC_TsClear
 .text.MAC_TsTimerStart
                0x0800268a      0x132 ./Core/Src/adi_mac.o
                0x0800268a                MAC_TsTimerStart
 .text.MAC_TsTimerStop
                0x080027bc       0x4a ./Core/Src/adi_mac.o
                0x080027bc                MAC_TsTimerStop
 *fill*         0x08002806        0x2 
 .text.MAC_TsConvert
                0x08002808       0xfc ./Core/Src/adi_mac.o
                0x08002808                MAC_TsConvert
 .text.MAC_TsGetExtCaptTimestamp
                0x08002904       0xba ./Core/Src/adi_mac.o
                0x08002904                MAC_TsGetExtCaptTimestamp
 .text.MAC_TsGetEgressTimestamp
                0x080029be       0xc0 ./Core/Src/adi_mac.o
                0x080029be                MAC_TsGetEgressTimestamp
 *fill*         0x08002a7e        0x2 
 .text.MAC_TsSetTimerAbsolute
                0x08002a80       0xb0 ./Core/Src/adi_mac.o
                0x08002a80                MAC_TsSetTimerAbsolute
 .text.MAC_TsSyncClock
                0x08002b30      0x10a ./Core/Src/adi_mac.o
                0x08002b30                MAC_TsSyncClock
 *fill*         0x08002c3a        0x2 
 .text.MAC_TsSubtract
                0x08002c3c       0xe8 ./Core/Src/adi_mac.o
                0x08002c3c                MAC_TsSubtract
 .text.MAC_SyncConfig
                0x08002d24       0x60 ./Core/Src/adi_mac.o
 .text.MAC_CalculateParity
                0x08002d84       0x74 ./Core/Src/adi_mac.o
                0x08002d84                MAC_CalculateParity
 .text.PHY_Init
                0x08002df8       0xbc ./Core/Src/adi_phy.o
 .text.PHY_UnInit
                0x08002eb4       0x2c ./Core/Src/adi_phy.o
 .text.PHY_ReInitPhy
                0x08002ee0       0x18 ./Core/Src/adi_phy.o
 .text.phyInit  0x08002ef8      0x17c ./Core/Src/adi_phy.o
 .text.PHY_RegisterCallback
                0x08003074       0x78 ./Core/Src/adi_phy.o
 .text.irqCb    0x080030ec       0x36 ./Core/Src/adi_phy.o
 *fill*         0x08003122        0x2 
 .text.PHY_ReadIrqStatus
                0x08003124       0x7c ./Core/Src/adi_phy.o
 .text.PHY_AnAdvTxMode
                0x080031a0       0x90 ./Core/Src/adi_phy.o
 .text.PHY_AnAdvMstSlvCfg
                0x08003230       0xd4 ./Core/Src/adi_phy.o
 .text.PHY_AnEnable
                0x08003304       0x50 ./Core/Src/adi_phy.o
 .text.PHY_Renegotiate
                0x08003354       0x40 ./Core/Src/adi_phy.o
 .text.PHY_GetAnStatus
                0x08003394      0x114 ./Core/Src/adi_phy.o
 .text.PHY_GetCapabilities
                0x080034a8       0x80 ./Core/Src/adi_phy.o
 .text.setSoftwarePowerdown
                0x08003528       0x9c ./Core/Src/adi_phy.o
 .text.PHY_EnterSoftwarePowerdown
                0x080035c4       0x1a ./Core/Src/adi_phy.o
 .text.PHY_ExitSoftwarePowerdown
                0x080035de       0x1a ./Core/Src/adi_phy.o
 .text.PHY_GetSoftwarePowerdown
                0x080035f8       0x60 ./Core/Src/adi_phy.o
 .text.PHY_GetLinkStatus
                0x08003658       0x94 ./Core/Src/adi_phy.o
 .text.phyStaticConfig
                0x080036ec      0x294 ./Core/Src/adi_phy.o
 .text.PHY_Reset
                0x08003980       0x64 ./Core/Src/adi_phy.o
 .text.PHY_SetLoopbackMode
                0x080039e4      0x248 ./Core/Src/adi_phy.o
 .text.PHY_SetTestMode
                0x08003c2c      0x198 ./Core/Src/adi_phy.o
 .text.PHY_LedEn
                0x08003dc4       0x8c ./Core/Src/adi_phy.o
 .text.PHY_LedBlinkTime
                0x08003e50       0x88 ./Core/Src/adi_phy.o
 .text.PHY_Write
                0x08003ed8       0x4a ./Core/Src/adi_phy.o
 .text.PHY_Read
                0x08003f22       0x48 ./Core/Src/adi_phy.o
 *fill*         0x08003f6a        0x2 
 .text.PHY_GetMseLinkQuality
                0x08003f6c       0x9c ./Core/Src/adi_phy.o
 .text.PHY_FrameGenEn
                0x08004008       0xb0 ./Core/Src/adi_phy.o
 .text.PHY_FrameGenSetMode
                0x080040b8       0x30 ./Core/Src/adi_phy.o
 .text.PHY_FrameGenSetFrameCnt
                0x080040e8       0x58 ./Core/Src/adi_phy.o
 .text.PHY_FrameGenSetFramePayload
                0x08004140       0x44 ./Core/Src/adi_phy.o
 .text.PHY_FrameGenSetFrameLen
                0x08004184       0x30 ./Core/Src/adi_phy.o
 .text.PHY_FrameGenSetIfgLen
                0x080041b4       0x30 ./Core/Src/adi_phy.o
 .text.PHY_FrameGenRestart
                0x080041e4       0x70 ./Core/Src/adi_phy.o
 .text.PHY_FrameGenDone
                0x08004254       0x4c ./Core/Src/adi_phy.o
 .text.PHY_FrameChkEn
                0x080042a0       0x40 ./Core/Src/adi_phy.o
 .text.PHY_FrameChkSourceSelect
                0x080042e0       0x30 ./Core/Src/adi_phy.o
 .text.PHY_FrameChkReadFrameCnt
                0x08004310       0x6c ./Core/Src/adi_phy.o
 .text.PHY_FrameChkReadRxErrCnt
                0x0800437c       0x2c ./Core/Src/adi_phy.o
 .text.PHY_FrameChkReadErrorCnt
                0x080043a8      0x110 ./Core/Src/adi_phy.o
 .text.checkIdentity
                0x080044b8       0x94 ./Core/Src/adi_phy.o
 .text.oaIrqHandler
                0x0800454c       0x2a ./Core/Src/adi_spi_oa.o
                0x0800454c                oaIrqHandler
 .text.spiCallback
                0x08004576       0x1e ./Core/Src/adi_spi_oa.o
                0x08004576                spiCallback
 .text.oaStateMachine
                0x08004594      0xf00 ./Core/Src/adi_spi_oa.o
                0x08004594                oaStateMachine
 .text.oaPhyRegReadStart
                0x08005494       0xe6 ./Core/Src/adi_spi_oa.o
 .text.oaPhyRegReadStep
                0x0800557a       0xac ./Core/Src/adi_spi_oa.o
 .text.oaSpiIntHandle
                0x08005626      0x17e ./Core/Src/adi_spi_oa.o
 .text.oaSpiProcess
                0x080057a4      0x1a0 ./Core/Src/adi_spi_oa.o
 .text.oaCreateNextChunk
                0x08005944      0x2a2 ./Core/Src/adi_spi_oa.o
 .text.oaCtrlSetup
                0x08005be6       0x72 ./Core/Src/adi_spi_oa.o
 .text.oaCtrlCmdHeader
                0x08005c58       0xaa ./Core/Src/adi_spi_oa.o
 .text.oaCtrlCmdReadData
                0x08005d02       0x76 ./Core/Src/adi_spi_oa.o
 .text.oaCtrlCmdWriteData
                0x08005d78       0x6a ./Core/Src/adi_spi_oa.o
 .text.MAC_SendFrame
                0x08005de2       0x28 ./Core/Src/adi_spi_oa.o
                0x08005de2                MAC_SendFrame
 *fill*         0x08005e0a        0x2 
 .text.PhyWrite
                0x08005e0c       0x38 ./Core/Src/adin1110.o
 .text.PhyRead  0x08005e44       0x34 ./Core/Src/adin1110.o
 .text.adin1110_Init
                0x08005e78       0xcc ./Core/Src/adin1110.o
                0x08005e78                adin1110_Init
 .text.adin1110_UnInit
                0x08005f44       0x64 ./Core/Src/adin1110.o
                0x08005f44                adin1110_UnInit
 .text.adin1110_Enable
                0x08005fa8       0x2c ./Core/Src/adin1110.o
                0x08005fa8                adin1110_Enable
 .text.adin1110_SyncConfig
                0x08005fd4       0x24 ./Core/Src/adin1110.o
                0x08005fd4                adin1110_SyncConfig
 .text.adin1110_GetLinkStatus
                0x08005ff8       0x28 ./Core/Src/adin1110.o
                0x08005ff8                adin1110_GetLinkStatus
 .text.adin1110_GetStatCounters
                0x08006020       0x28 ./Core/Src/adin1110.o
                0x08006020                adin1110_GetStatCounters
 .text.adin1110_AddAddressFilter
                0x08006048       0x50 ./Core/Src/adin1110.o
                0x08006048                adin1110_AddAddressFilter
 .text.adin1110_SubmitTxBuffer
                0x08006098       0x44 ./Core/Src/adin1110.o
                0x08006098                adin1110_SubmitTxBuffer
 .text.adin1110_SubmitRxBuffer
                0x080060dc       0x28 ./Core/Src/adin1110.o
                0x080060dc                adin1110_SubmitRxBuffer
 .text.adin1110_RegisterCallback
                0x08006104       0x2c ./Core/Src/adin1110.o
                0x08006104                adin1110_RegisterCallback
 .text.adin1110_WriteRegister
                0x08006130       0x2c ./Core/Src/adin1110.o
                0x08006130                adin1110_WriteRegister
 .text.adin1110_ReadRegister
                0x0800615c       0x2c ./Core/Src/adin1110.o
                0x0800615c                adin1110_ReadRegister
 .text.adin1110_HandleInterrupt
                0x08006188      0x180 ./Core/Src/adin1110.o
                0x08006188                adin1110_HandleInterrupt
 .text.bspLedSet
                0x08006308       0x38 ./Core/Src/boardsupport.o
 .text.bspLedToggle
                0x08006340       0x1e ./Core/Src/boardsupport.o
 *fill*         0x0800635e        0x2 
 .text.BSP_HeartBeat
                0x08006360       0x18 ./Core/Src/boardsupport.o
                0x08006360                BSP_HeartBeat
 .text.BSP_ErrorLed
                0x08006378       0x24 ./Core/Src/boardsupport.o
                0x08006378                BSP_ErrorLed
 .text.BSP_spi2_write_and_read
                0x0800639c       0x4c ./Core/Src/boardsupport.o
                0x0800639c                BSP_spi2_write_and_read
 .text.msgWrite
                0x080063e8       0x32 ./Core/Src/boardsupport.o
                0x080063e8                msgWrite
 .text.BSP_SysNow
                0x0800641a        0xe ./Core/Src/boardsupport.o
                0x0800641a                BSP_SysNow
 .text.common_Fail
                0x08006428       0x50 ./Core/Src/boardsupport.o
                0x08006428                common_Fail
 .text.common_Perf
                0x08006478       0x38 ./Core/Src/boardsupport.o
                0x08006478                common_Perf
 .text.BSP_RegisterIRQCallback
                0x080064b0       0x2e ./Core/Src/boardsupport.o
                0x080064b0                BSP_RegisterIRQCallback
 *fill*         0x080064de        0x2 
 .text.BSP_spi2_register_callback
                0x080064e0       0x44 ./Core/Src/boardsupport.o
                0x080064e0                BSP_spi2_register_callback
 .text.ADIN1110_CS_Select
                0x08006524       0x18 ./Core/Src/boardsupport.o
                0x08006524                ADIN1110_CS_Select
 .text.ADIN1110_CS_Deselect
                0x0800653c       0x18 ./Core/Src/boardsupport.o
                0x0800653c                ADIN1110_CS_Deselect
 .text.MX_DMA_Init
                0x08006554       0x4c ./Core/Src/dma.o
                0x08006554                MX_DMA_Init
 .text.HAL_FcsInit
                0x080065a0       0x10 ./Core/Src/fcs.o
                0x080065a0                HAL_FcsInit
 .text.HAL_FcsCalculate
                0x080065b0       0x54 ./Core/Src/fcs.o
                0x080065b0                HAL_FcsCalculate
 .text.MX_GPIO_Init
                0x08006604      0x198 ./Core/Src/gpio.o
                0x08006604                MX_GPIO_Init
 .text.HAL_INT_N_DisableIRQ
                0x0800679c        0xe ./Core/Src/gpio.o
                0x0800679c                HAL_INT_N_DisableIRQ
 .text.HAL_INT_N_EnableIRQ
                0x080067aa       0x18 ./Core/Src/gpio.o
                0x080067aa                HAL_INT_N_EnableIRQ
 *fill*         0x080067c2        0x2 
 .text.MX_Led_Toggle
                0x080067c4       0x14 ./Core/Src/gpio.o
                0x080067c4                MX_Led_Toggle
 .text.__NVIC_GetEnableIRQ
                0x080067d8       0x40 ./Core/Src/hal.o
 .text.HAL_DisableIrq
                0x08006818        0xe ./Core/Src/hal.o
                0x08006818                HAL_DisableIrq
 .text.HAL_EnableIrq
                0x08006826        0xe ./Core/Src/hal.o
                0x08006826                HAL_EnableIrq
 .text.HAL_GetEnableIrq
                0x08006834       0x10 ./Core/Src/hal.o
                0x08006834                HAL_GetEnableIrq
 .text.HAL_RegisterCallback
                0x08006844       0x1c ./Core/Src/hal.o
                0x08006844                HAL_RegisterCallback
 .text.HAL_SpiReadWrite
                0x08006860       0x24 ./Core/Src/hal.o
                0x08006860                HAL_SpiReadWrite
 .text.HAL_SpiRegisterCallback
                0x08006884       0x1e ./Core/Src/hal.o
                0x08006884                HAL_SpiRegisterCallback
 .text.HAL_Init_Hook
                0x080068a2       0x10 ./Core/Src/hal.o
                0x080068a2                HAL_Init_Hook
 .text.HAL_UnInit_Hook
                0x080068b2       0x10 ./Core/Src/hal.o
                0x080068b2                HAL_UnInit_Hook
 *fill*         0x080068c2        0x2 
 .text.txCallback
                0x080068c4       0x98 ./Core/Src/main.o
 .text.rxCallback
                0x0800695c       0x60 ./Core/Src/main.o
 .text.cbLinkChange
                0x080069bc       0x68 ./Core/Src/main.o
                0x080069bc                cbLinkChange
 .text.printStats
                0x08006a24      0x378 ./Core/Src/main.o
                0x08006a24                printStats
 .text.main     0x08006d9c      0x6ac ./Core/Src/main.o
                0x08006d9c                main
 .text.SystemClock_Config
                0x08007448       0xa2 ./Core/Src/main.o
                0x08007448                SystemClock_Config
 *fill*         0x080074ea        0x2 
 .text.HAL_GPIO_EXTI_Callback
                0x080074ec       0x5c ./Core/Src/main.o
                0x080074ec                HAL_GPIO_EXTI_Callback
 .text.Error_Handler
                0x08007548        0xc ./Core/Src/main.o
                0x08007548                Error_Handler
 .text.MX_SPI1_Init
                0x08007554       0x7c ./Core/Src/spi.o
                0x08007554                MX_SPI1_Init
 .text.HAL_SPI_MspInit
                0x080075d0      0x14c ./Core/Src/spi.o
                0x080075d0                HAL_SPI_MspInit
 .text.HAL_SPI_TxRxCpltCallback
                0x0800771c       0x64 ./Core/Src/spi.o
                0x0800771c                HAL_SPI_TxRxCpltCallback
 .text.HAL_MspInit
                0x08007780       0x48 ./Core/Src/stm32l4xx_hal_msp.o
                0x08007780                HAL_MspInit
 .text.NMI_Handler
                0x080077c8        0x8 ./Core/Src/stm32l4xx_it.o
                0x080077c8                NMI_Handler
 .text.HardFault_Handler
                0x080077d0        0x8 ./Core/Src/stm32l4xx_it.o
                0x080077d0                HardFault_Handler
 .text.MemManage_Handler
                0x080077d8        0x8 ./Core/Src/stm32l4xx_it.o
                0x080077d8                MemManage_Handler
 .text.BusFault_Handler
                0x080077e0        0x8 ./Core/Src/stm32l4xx_it.o
                0x080077e0                BusFault_Handler
 .text.UsageFault_Handler
                0x080077e8        0x8 ./Core/Src/stm32l4xx_it.o
                0x080077e8                UsageFault_Handler
 .text.SVC_Handler
                0x080077f0        0xe ./Core/Src/stm32l4xx_it.o
                0x080077f0                SVC_Handler
 .text.DebugMon_Handler
                0x080077fe        0xe ./Core/Src/stm32l4xx_it.o
                0x080077fe                DebugMon_Handler
 .text.PendSV_Handler
                0x0800780c        0xe ./Core/Src/stm32l4xx_it.o
                0x0800780c                PendSV_Handler
 .text.SysTick_Handler
                0x0800781a        0xc ./Core/Src/stm32l4xx_it.o
                0x0800781a                SysTick_Handler
 *fill*         0x08007826        0x2 
 .text.DMA1_Channel2_IRQHandler
                0x08007828       0x1c ./Core/Src/stm32l4xx_it.o
                0x08007828                DMA1_Channel2_IRQHandler
 .text.DMA1_Channel3_IRQHandler
                0x08007844       0x1c ./Core/Src/stm32l4xx_it.o
                0x08007844                DMA1_Channel3_IRQHandler
 .text.SPI1_IRQHandler
                0x08007860       0x14 ./Core/Src/stm32l4xx_it.o
                0x08007860                SPI1_IRQHandler
 .text.EXTI15_10_IRQHandler
                0x08007874       0x18 ./Core/Src/stm32l4xx_it.o
                0x08007874                EXTI15_10_IRQHandler
 .text._getpid  0x0800788c       0x10 ./Core/Src/syscalls.o
                0x0800788c                _getpid
 .text._kill    0x0800789c       0x20 ./Core/Src/syscalls.o
                0x0800789c                _kill
 .text._exit    0x080078bc       0x16 ./Core/Src/syscalls.o
                0x080078bc                _exit
 .text._read    0x080078d2       0x3a ./Core/Src/syscalls.o
                0x080078d2                _read
 .text._write   0x0800790c       0x40 ./Core/Src/syscalls.o
                0x0800790c                _write
 .text._close   0x0800794c       0x18 ./Core/Src/syscalls.o
                0x0800794c                _close
 .text._fstat   0x08007964       0x20 ./Core/Src/syscalls.o
                0x08007964                _fstat
 .text._isatty  0x08007984       0x16 ./Core/Src/syscalls.o
                0x08007984                _isatty
 .text._lseek   0x0800799a       0x1a ./Core/Src/syscalls.o
                0x0800799a                _lseek
 .text._sbrk    0x080079b4       0x6c ./Core/Src/sysmem.o
                0x080079b4                _sbrk
 .text.SystemInit
                0x08007a20       0x24 ./Core/Src/system_stm32l4xx.o
                0x08007a20                SystemInit
 .text.MX_LPUART1_UART_Init
                0x08007a44       0x58 ./Core/Src/usart.o
                0x08007a44                MX_LPUART1_UART_Init
 .text.HAL_UART_MspInit
                0x08007a9c       0xc0 ./Core/Src/usart.o
                0x08007a9c                HAL_UART_MspInit
 .text.submitTxBuffer
                0x08007b5c       0x28 ./Core/Src/usart.o
                0x08007b5c                submitTxBuffer
 .text.Reset_Handler
                0x08007b84       0x50 ./Core/Startup/startup_stm32l496zgtxp.o
                0x08007b84                Reset_Handler
 .text.Default_Handler
                0x08007bd4        0x2 ./Core/Startup/startup_stm32l496zgtxp.o
                0x08007bd4                RTC_Alarm_IRQHandler
                0x08007bd4                EXTI2_IRQHandler
                0x08007bd4                TIM8_TRG_COM_IRQHandler
                0x08007bd4                TIM8_CC_IRQHandler
                0x08007bd4                TIM1_CC_IRQHandler
                0x08007bd4                TSC_IRQHandler
                0x08007bd4                TAMP_STAMP_IRQHandler
                0x08007bd4                CAN2_RX1_IRQHandler
                0x08007bd4                EXTI3_IRQHandler
                0x08007bd4                LPTIM2_IRQHandler
                0x08007bd4                DFSDM1_FLT1_IRQHandler
                0x08007bd4                I2C3_ER_IRQHandler
                0x08007bd4                DFSDM1_FLT2_IRQHandler
                0x08007bd4                EXTI0_IRQHandler
                0x08007bd4                I2C2_EV_IRQHandler
                0x08007bd4                CAN1_RX0_IRQHandler
                0x08007bd4                FPU_IRQHandler
                0x08007bd4                TIM1_UP_TIM16_IRQHandler
                0x08007bd4                CAN2_SCE_IRQHandler
                0x08007bd4                ADC1_2_IRQHandler
                0x08007bd4                TIM6_DAC_IRQHandler
                0x08007bd4                DCMI_IRQHandler
                0x08007bd4                CAN2_RX0_IRQHandler
                0x08007bd4                TIM8_UP_IRQHandler
                0x08007bd4                DMA2_Channel2_IRQHandler
                0x08007bd4                DMA1_Channel4_IRQHandler
                0x08007bd4                SAI2_IRQHandler
                0x08007bd4                DFSDM1_FLT3_IRQHandler
                0x08007bd4                USART3_IRQHandler
                0x08007bd4                DMA1_Channel7_IRQHandler
                0x08007bd4                CAN1_RX1_IRQHandler
                0x08007bd4                LCD_IRQHandler
                0x08007bd4                UART5_IRQHandler
                0x08007bd4                ADC3_IRQHandler
                0x08007bd4                TIM4_IRQHandler
                0x08007bd4                DMA2_Channel1_IRQHandler
                0x08007bd4                QUADSPI_IRQHandler
                0x08007bd4                I2C1_EV_IRQHandler
                0x08007bd4                DMA1_Channel6_IRQHandler
                0x08007bd4                UART4_IRQHandler
                0x08007bd4                DMA2_Channel4_IRQHandler
                0x08007bd4                TIM3_IRQHandler
                0x08007bd4                RCC_IRQHandler
                0x08007bd4                DMA1_Channel1_IRQHandler
                0x08007bd4                Default_Handler
                0x08007bd4                DMA2_Channel7_IRQHandler
                0x08007bd4                TIM7_IRQHandler
                0x08007bd4                SDMMC1_IRQHandler
                0x08007bd4                CAN2_TX_IRQHandler
                0x08007bd4                TIM5_IRQHandler
                0x08007bd4                I2C3_EV_IRQHandler
                0x08007bd4                EXTI9_5_IRQHandler
                0x08007bd4                RTC_WKUP_IRQHandler
                0x08007bd4                PVD_PVM_IRQHandler
                0x08007bd4                SPI2_IRQHandler
                0x08007bd4                CAN1_TX_IRQHandler
                0x08007bd4                DMA2_Channel5_IRQHandler
                0x08007bd4                CRS_IRQHandler
                0x08007bd4                DMA1_Channel5_IRQHandler
                0x08007bd4                EXTI4_IRQHandler
                0x08007bd4                RNG_IRQHandler
                0x08007bd4                TIM1_TRG_COM_TIM17_IRQHandler
                0x08007bd4                COMP_IRQHandler
                0x08007bd4                WWDG_IRQHandler
                0x08007bd4                I2C4_EV_IRQHandler
                0x08007bd4                LPUART1_IRQHandler
                0x08007bd4                DMA2_Channel6_IRQHandler
                0x08007bd4                TIM2_IRQHandler
                0x08007bd4                EXTI1_IRQHandler
                0x08007bd4                USART2_IRQHandler
                0x08007bd4                DFSDM1_FLT0_IRQHandler
                0x08007bd4                I2C2_ER_IRQHandler
                0x08007bd4                TIM8_BRK_IRQHandler
                0x08007bd4                CAN1_SCE_IRQHandler
                0x08007bd4                FLASH_IRQHandler
                0x08007bd4                USART1_IRQHandler
                0x08007bd4                OTG_FS_IRQHandler
                0x08007bd4                SPI3_IRQHandler
                0x08007bd4                I2C1_ER_IRQHandler
                0x08007bd4                FMC_IRQHandler
                0x08007bd4                SWPMI1_IRQHandler
                0x08007bd4                LPTIM1_IRQHandler
                0x08007bd4                I2C4_ER_IRQHandler
                0x08007bd4                SAI1_IRQHandler
                0x08007bd4                DMA2_Channel3_IRQHandler
                0x08007bd4                TIM1_BRK_TIM15_IRQHandler
 .text.HAL_Init
                0x08007bd6       0x30 ./Drivers/STM32L4xx_HAL_Driver/Src/stm32l4xx_hal.o
                0x08007bd6                HAL_Init
 *fill*         0x08007c06        0x2 
 .text.HAL_InitTick
                0x08007c08       0x78 ./Drivers/STM32L4xx_HAL_Driver/Src/stm32l4xx_hal.o
                0x08007c08                HAL_InitTick
 .text.HAL_IncTick
                0x08007c80       0x28 ./Drivers/STM32L4xx_HAL_Driver/Src/stm32l4xx_hal.o
                0x08007c80                HAL_IncTick
 .text.HAL_GetTick
                0x08007ca8       0x18 ./Drivers/STM32L4xx_HAL_Driver/Src/stm32l4xx_hal.o
                0x08007ca8                HAL_GetTick
 .text.HAL_Delay
                0x08007cc0       0x48 ./Drivers/STM32L4xx_HAL_Driver/Src/stm32l4xx_hal.o
                0x08007cc0                HAL_Delay
 .text.__NVIC_SetPriorityGrouping
                0x08007d08       0x48 ./Drivers/STM32L4xx_HAL_Driver/Src/stm32l4xx_hal_cortex.o
 .text.__NVIC_GetPriorityGrouping
                0x08007d50       0x1c ./Drivers/STM32L4xx_HAL_Driver/Src/stm32l4xx_hal_cortex.o
 .text.__NVIC_EnableIRQ
                0x08007d6c       0x3c ./Drivers/STM32L4xx_HAL_Driver/Src/stm32l4xx_hal_cortex.o
 .text.__NVIC_DisableIRQ
                0x08007da8       0x48 ./Drivers/STM32L4xx_HAL_Driver/Src/stm32l4xx_hal_cortex.o
 .text.__NVIC_SetPriority
                0x08007df0       0x54 ./Drivers/STM32L4xx_HAL_Driver/Src/stm32l4xx_hal_cortex.o
 .text.NVIC_EncodePriority
                0x08007e44       0x66 ./Drivers/STM32L4xx_HAL_Driver/Src/stm32l4xx_hal_cortex.o
 *fill*         0x08007eaa        0x2 
 .text.SysTick_Config
                0x08007eac       0x44 ./Drivers/STM32L4xx_HAL_Driver/Src/stm32l4xx_hal_cortex.o
 .text.HAL_NVIC_SetPriorityGrouping
                0x08007ef0       0x16 ./Drivers/STM32L4xx_HAL_Driver/Src/stm32l4xx_hal_cortex.o
                0x08007ef0                HAL_NVIC_SetPriorityGrouping
 .text.HAL_NVIC_SetPriority
                0x08007f06       0x38 ./Drivers/STM32L4xx_HAL_Driver/Src/stm32l4xx_hal_cortex.o
                0x08007f06                HAL_NVIC_SetPriority
 .text.HAL_NVIC_EnableIRQ
                0x08007f3e       0x1c ./Drivers/STM32L4xx_HAL_Driver/Src/stm32l4xx_hal_cortex.o
                0x08007f3e                HAL_NVIC_EnableIRQ
 .text.HAL_NVIC_DisableIRQ
                0x08007f5a       0x1c ./Drivers/STM32L4xx_HAL_Driver/Src/stm32l4xx_hal_cortex.o
                0x08007f5a                HAL_NVIC_DisableIRQ
 .text.HAL_SYSTICK_Config
                0x08007f76       0x18 ./Drivers/STM32L4xx_HAL_Driver/Src/stm32l4xx_hal_cortex.o
                0x08007f76                HAL_SYSTICK_Config
 *fill*         0x08007f8e        0x2 
 .text.HAL_DMA_Init
                0x08007f90      0x170 ./Drivers/STM32L4xx_HAL_Driver/Src/stm32l4xx_hal_dma.o
                0x08007f90                HAL_DMA_Init
 .text.HAL_DMA_Start_IT
                0x08008100       0xc0 ./Drivers/STM32L4xx_HAL_Driver/Src/stm32l4xx_hal_dma.o
                0x08008100                HAL_DMA_Start_IT
 .text.HAL_DMA_Abort_IT
                0x080081c0       0x82 ./Drivers/STM32L4xx_HAL_Driver/Src/stm32l4xx_hal_dma.o
                0x080081c0                HAL_DMA_Abort_IT
 .text.HAL_DMA_IRQHandler
                0x08008242      0x15e ./Drivers/STM32L4xx_HAL_Driver/Src/stm32l4xx_hal_dma.o
                0x08008242                HAL_DMA_IRQHandler
 .text.DMA_SetConfig
                0x080083a0       0x60 ./Drivers/STM32L4xx_HAL_Driver/Src/stm32l4xx_hal_dma.o
 .text.HAL_GPIO_Init
                0x08008400      0x324 ./Drivers/STM32L4xx_HAL_Driver/Src/stm32l4xx_hal_gpio.o
                0x08008400                HAL_GPIO_Init
 .text.HAL_GPIO_WritePin
                0x08008724       0x30 ./Drivers/STM32L4xx_HAL_Driver/Src/stm32l4xx_hal_gpio.o
                0x08008724                HAL_GPIO_WritePin
 .text.HAL_GPIO_TogglePin
                0x08008754       0x34 ./Drivers/STM32L4xx_HAL_Driver/Src/stm32l4xx_hal_gpio.o
                0x08008754                HAL_GPIO_TogglePin
 .text.HAL_GPIO_EXTI_IRQHandler
                0x08008788       0x30 ./Drivers/STM32L4xx_HAL_Driver/Src/stm32l4xx_hal_gpio.o
                0x08008788                HAL_GPIO_EXTI_IRQHandler
 .text.HAL_PWREx_GetVoltageRange
                0x080087b8       0x1c ./Drivers/STM32L4xx_HAL_Driver/Src/stm32l4xx_hal_pwr_ex.o
                0x080087b8                HAL_PWREx_GetVoltageRange
 .text.HAL_PWREx_ControlVoltageScaling
                0x080087d4       0xac ./Drivers/STM32L4xx_HAL_Driver/Src/stm32l4xx_hal_pwr_ex.o
                0x080087d4                HAL_PWREx_ControlVoltageScaling
 .text.HAL_PWREx_EnableVddIO2
                0x08008880       0x20 ./Drivers/STM32L4xx_HAL_Driver/Src/stm32l4xx_hal_pwr_ex.o
                0x08008880                HAL_PWREx_EnableVddIO2
 .text.HAL_RCC_OscConfig
                0x080088a0      0x834 ./Drivers/STM32L4xx_HAL_Driver/Src/stm32l4xx_hal_rcc.o
                0x080088a0                HAL_RCC_OscConfig
 .text.HAL_RCC_ClockConfig
                0x080090d4      0x200 ./Drivers/STM32L4xx_HAL_Driver/Src/stm32l4xx_hal_rcc.o
                0x080090d4                HAL_RCC_ClockConfig
 .text.HAL_RCC_GetSysClockFreq
                0x080092d4      0x118 ./Drivers/STM32L4xx_HAL_Driver/Src/stm32l4xx_hal_rcc.o
                0x080092d4                HAL_RCC_GetSysClockFreq
 .text.HAL_RCC_GetHCLKFreq
                0x080093ec       0x18 ./Drivers/STM32L4xx_HAL_Driver/Src/stm32l4xx_hal_rcc.o
                0x080093ec                HAL_RCC_GetHCLKFreq
 .text.HAL_RCC_GetPCLK1Freq
                0x08009404       0x2c ./Drivers/STM32L4xx_HAL_Driver/Src/stm32l4xx_hal_rcc.o
                0x08009404                HAL_RCC_GetPCLK1Freq
 .text.HAL_RCC_GetPCLK2Freq
                0x08009430       0x2c ./Drivers/STM32L4xx_HAL_Driver/Src/stm32l4xx_hal_rcc.o
                0x08009430                HAL_RCC_GetPCLK2Freq
 .text.RCC_SetFlashLatencyFromMSIRange
                0x0800945c       0xc0 ./Drivers/STM32L4xx_HAL_Driver/Src/stm32l4xx_hal_rcc.o
 .text.HAL_RCCEx_PeriphCLKConfig
                0x0800951c      0x5f8 ./Drivers/STM32L4xx_HAL_Driver/Src/stm32l4xx_hal_rcc_ex.o
                0x0800951c                HAL_RCCEx_PeriphCLKConfig
 .text.RCCEx_PLLSAI1_Config
                0x08009b14      0x1e4 ./Drivers/STM32L4xx_HAL_Driver/Src/stm32l4xx_hal_rcc_ex.o
 .text.RCCEx_PLLSAI2_Config
                0x08009cf8      0x1b8 ./Drivers/STM32L4xx_HAL_Driver/Src/stm32l4xx_hal_rcc_ex.o
 .text.HAL_SPI_Init
                0x08009eb0      0x146 ./Drivers/STM32L4xx_HAL_Driver/Src/stm32l4xx_hal_spi.o
                0x08009eb0                HAL_SPI_Init
 *fill*         0x08009ff6        0x2 
 .text.HAL_SPI_TransmitReceive_DMA
                0x08009ff8      0x30c ./Drivers/STM32L4xx_HAL_Driver/Src/stm32l4xx_hal_spi.o
                0x08009ff8                HAL_SPI_TransmitReceive_DMA
 .text.HAL_SPI_IRQHandler
                0x0800a304      0x1e8 ./Drivers/STM32L4xx_HAL_Driver/Src/stm32l4xx_hal_spi.o
                0x0800a304                HAL_SPI_IRQHandler
 .text.HAL_SPI_RxCpltCallback
                0x0800a4ec       0x14 ./Drivers/STM32L4xx_HAL_Driver/Src/stm32l4xx_hal_spi.o
                0x0800a4ec                HAL_SPI_RxCpltCallback
 .text.HAL_SPI_RxHalfCpltCallback
                0x0800a500       0x14 ./Drivers/STM32L4xx_HAL_Driver/Src/stm32l4xx_hal_spi.o
                0x0800a500                HAL_SPI_RxHalfCpltCallback
 .text.HAL_SPI_TxRxHalfCpltCallback
                0x0800a514       0x14 ./Drivers/STM32L4xx_HAL_Driver/Src/stm32l4xx_hal_spi.o
                0x0800a514                HAL_SPI_TxRxHalfCpltCallback
 .text.HAL_SPI_ErrorCallback
                0x0800a528       0x14 ./Drivers/STM32L4xx_HAL_Driver/Src/stm32l4xx_hal_spi.o
                0x0800a528                HAL_SPI_ErrorCallback
 .text.SPI_DMAReceiveCplt
                0x0800a53c       0xa8 ./Drivers/STM32L4xx_HAL_Driver/Src/stm32l4xx_hal_spi.o
 .text.SPI_DMATransmitReceiveCplt
                0x0800a5e4       0x90 ./Drivers/STM32L4xx_HAL_Driver/Src/stm32l4xx_hal_spi.o
 .text.SPI_DMAHalfReceiveCplt
                0x0800a674       0x1c ./Drivers/STM32L4xx_HAL_Driver/Src/stm32l4xx_hal_spi.o
 .text.SPI_DMAHalfTransmitReceiveCplt
                0x0800a690       0x1c ./Drivers/STM32L4xx_HAL_Driver/Src/stm32l4xx_hal_spi.o
 .text.SPI_DMAError
                0x0800a6ac       0x40 ./Drivers/STM32L4xx_HAL_Driver/Src/stm32l4xx_hal_spi.o
 .text.SPI_DMAAbortOnError
                0x0800a6ec       0x2a ./Drivers/STM32L4xx_HAL_Driver/Src/stm32l4xx_hal_spi.o
 *fill*         0x0800a716        0x2 
 .text.SPI_WaitFlagStateUntilTimeout
                0x0800a718      0x110 ./Drivers/STM32L4xx_HAL_Driver/Src/stm32l4xx_hal_spi.o
 .text.SPI_WaitFifoStateUntilTimeout
                0x0800a828      0x12c ./Drivers/STM32L4xx_HAL_Driver/Src/stm32l4xx_hal_spi.o
 .text.SPI_EndRxTransaction
                0x0800a954       0xb0 ./Drivers/STM32L4xx_HAL_Driver/Src/stm32l4xx_hal_spi.o
 .text.SPI_EndRxTxTransaction
                0x0800aa04       0x8c ./Drivers/STM32L4xx_HAL_Driver/Src/stm32l4xx_hal_spi.o
 .text.HAL_UART_Init
                0x0800aa90       0x9c ./Drivers/STM32L4xx_HAL_Driver/Src/stm32l4xx_hal_uart.o
                0x0800aa90                HAL_UART_Init
 .text.HAL_UART_Transmit
                0x0800ab2c      0x112 ./Drivers/STM32L4xx_HAL_Driver/Src/stm32l4xx_hal_uart.o
                0x0800ab2c                HAL_UART_Transmit
 *fill*         0x0800ac3e        0x2 
 .text.UART_SetConfig
                0x0800ac40      0x570 ./Drivers/STM32L4xx_HAL_Driver/Src/stm32l4xx_hal_uart.o
                0x0800ac40                UART_SetConfig
 .text.UART_AdvFeatureConfig
                0x0800b1b0      0x144 ./Drivers/STM32L4xx_HAL_Driver/Src/stm32l4xx_hal_uart.o
                0x0800b1b0                UART_AdvFeatureConfig
 .text.UART_CheckIdleState
                0x0800b2f4      0x150 ./Drivers/STM32L4xx_HAL_Driver/Src/stm32l4xx_hal_uart.o
                0x0800b2f4                UART_CheckIdleState
 .text.UART_WaitOnFlagUntilTimeout
                0x0800b444       0xda ./Drivers/STM32L4xx_HAL_Driver/Src/stm32l4xx_hal_uart.o
                0x0800b444                UART_WaitOnFlagUntilTimeout
 .text.UART_EndRxTransfer
                0x0800b51e       0xc8 ./Drivers/STM32L4xx_HAL_Driver/Src/stm32l4xx_hal_uart.o
 *fill*         0x0800b5e6        0x2 
 .text.exit     0x0800b5e8       0x24 C:/ST/STM32CubeIDE_1.17.0/STM32CubeIDE/plugins/com.st.stm32cube.ide.mcu.externaltools.gnu-tools-for-stm32.12.3.rel1.win32_1.1.0.202410251130/tools/bin/../lib/gcc/arm-none-eabi/12.3.1/../../../../arm-none-eabi/lib/thumb/v7e-m+fp/hard\libc_nano.a(libc_a-exit.o)
                0x0800b5e8                exit
 .text.__cvt    0x0800b60c       0xca C:/ST/STM32CubeIDE_1.17.0/STM32CubeIDE/plugins/com.st.stm32cube.ide.mcu.externaltools.gnu-tools-for-stm32.12.3.rel1.win32_1.1.0.202410251130/tools/bin/../lib/gcc/arm-none-eabi/12.3.1/../../../../arm-none-eabi/lib/thumb/v7e-m+fp/hard\libc_nano.a(libc_a-nano-vfprintf_float.o)
                0x0800b60c                __cvt
 .text.__exponent
                0x0800b6d6       0x74 C:/ST/STM32CubeIDE_1.17.0/STM32CubeIDE/plugins/com.st.stm32cube.ide.mcu.externaltools.gnu-tools-for-stm32.12.3.rel1.win32_1.1.0.202410251130/tools/bin/../lib/gcc/arm-none-eabi/12.3.1/../../../../arm-none-eabi/lib/thumb/v7e-m+fp/hard\libc_nano.a(libc_a-nano-vfprintf_float.o)
                0x0800b6d6                __exponent
 *fill*         0x0800b74a        0x2 
 .text._printf_float
                0x0800b74c      0x454 C:/ST/STM32CubeIDE_1.17.0/STM32CubeIDE/plugins/com.st.stm32cube.ide.mcu.externaltools.gnu-tools-for-stm32.12.3.rel1.win32_1.1.0.202410251130/tools/bin/../lib/gcc/arm-none-eabi/12.3.1/../../../../arm-none-eabi/lib/thumb/v7e-m+fp/hard\libc_nano.a(libc_a-nano-vfprintf_float.o)
                0x0800b74c                _printf_float
 .text._printf_common
                0x0800bba0       0xda C:/ST/STM32CubeIDE_1.17.0/STM32CubeIDE/plugins/com.st.stm32cube.ide.mcu.externaltools.gnu-tools-for-stm32.12.3.rel1.win32_1.1.0.202410251130/tools/bin/../lib/gcc/arm-none-eabi/12.3.1/../../../../arm-none-eabi/lib/thumb/v7e-m+fp/hard\libc_nano.a(libc_a-nano-vfprintf_i.o)
                0x0800bba0                _printf_common
 *fill*         0x0800bc7a        0x2 
 .text._printf_i
                0x0800bc7c      0x240 C:/ST/STM32CubeIDE_1.17.0/STM32CubeIDE/plugins/com.st.stm32cube.ide.mcu.externaltools.gnu-tools-for-stm32.12.3.rel1.win32_1.1.0.202410251130/tools/bin/../lib/gcc/arm-none-eabi/12.3.1/../../../../arm-none-eabi/lib/thumb/v7e-m+fp/hard\libc_nano.a(libc_a-nano-vfprintf_i.o)
                0x0800bc7c                _printf_i
 .text.std      0x0800bebc       0x6c C:/ST/STM32CubeIDE_1.17.0/STM32CubeIDE/plugins/com.st.stm32cube.ide.mcu.externaltools.gnu-tools-for-stm32.12.3.rel1.win32_1.1.0.202410251130/tools/bin/../lib/gcc/arm-none-eabi/12.3.1/../../../../arm-none-eabi/lib/thumb/v7e-m+fp/hard\libc_nano.a(libc_a-findfp.o)
 .text.stdio_exit_handler
                0x0800bf28       0x18 C:/ST/STM32CubeIDE_1.17.0/STM32CubeIDE/plugins/com.st.stm32cube.ide.mcu.externaltools.gnu-tools-for-stm32.12.3.rel1.win32_1.1.0.202410251130/tools/bin/../lib/gcc/arm-none-eabi/12.3.1/../../../../arm-none-eabi/lib/thumb/v7e-m+fp/hard\libc_nano.a(libc_a-findfp.o)
 .text.cleanup_stdio
                0x0800bf40       0x40 C:/ST/STM32CubeIDE_1.17.0/STM32CubeIDE/plugins/com.st.stm32cube.ide.mcu.externaltools.gnu-tools-for-stm32.12.3.rel1.win32_1.1.0.202410251130/tools/bin/../lib/gcc/arm-none-eabi/12.3.1/../../../../arm-none-eabi/lib/thumb/v7e-m+fp/hard\libc_nano.a(libc_a-findfp.o)
 .text.global_stdio_init.part.0
                0x0800bf80       0x3c C:/ST/STM32CubeIDE_1.17.0/STM32CubeIDE/plugins/com.st.stm32cube.ide.mcu.externaltools.gnu-tools-for-stm32.12.3.rel1.win32_1.1.0.202410251130/tools/bin/../lib/gcc/arm-none-eabi/12.3.1/../../../../arm-none-eabi/lib/thumb/v7e-m+fp/hard\libc_nano.a(libc_a-findfp.o)
 .text.__sfp_lock_acquire
                0x0800bfbc        0xc C:/ST/STM32CubeIDE_1.17.0/STM32CubeIDE/plugins/com.st.stm32cube.ide.mcu.externaltools.gnu-tools-for-stm32.12.3.rel1.win32_1.1.0.202410251130/tools/bin/../lib/gcc/arm-none-eabi/12.3.1/../../../../arm-none-eabi/lib/thumb/v7e-m+fp/hard\libc_nano.a(libc_a-findfp.o)
                0x0800bfbc                __sfp_lock_acquire
 .text.__sfp_lock_release
                0x0800bfc8        0xc C:/ST/STM32CubeIDE_1.17.0/STM32CubeIDE/plugins/com.st.stm32cube.ide.mcu.externaltools.gnu-tools-for-stm32.12.3.rel1.win32_1.1.0.202410251130/tools/bin/../lib/gcc/arm-none-eabi/12.3.1/../../../../arm-none-eabi/lib/thumb/v7e-m+fp/hard\libc_nano.a(libc_a-findfp.o)
                0x0800bfc8                __sfp_lock_release
 .text.__sinit  0x0800bfd4       0x30 C:/ST/STM32CubeIDE_1.17.0/STM32CubeIDE/plugins/com.st.stm32cube.ide.mcu.externaltools.gnu-tools-for-stm32.12.3.rel1.win32_1.1.0.202410251130/tools/bin/../lib/gcc/arm-none-eabi/12.3.1/../../../../arm-none-eabi/lib/thumb/v7e-m+fp/hard\libc_nano.a(libc_a-findfp.o)
                0x0800bfd4                __sinit
 .text._fwalk_sglue
                0x0800c004       0x3c C:/ST/STM32CubeIDE_1.17.0/STM32CubeIDE/plugins/com.st.stm32cube.ide.mcu.externaltools.gnu-tools-for-stm32.12.3.rel1.win32_1.1.0.202410251130/tools/bin/../lib/gcc/arm-none-eabi/12.3.1/../../../../arm-none-eabi/lib/thumb/v7e-m+fp/hard\libc_nano.a(libc_a-fwalk.o)
                0x0800c004                _fwalk_sglue
 .text.printf   0x0800c040       0x24 C:/ST/STM32CubeIDE_1.17.0/STM32CubeIDE/plugins/com.st.stm32cube.ide.mcu.externaltools.gnu-tools-for-stm32.12.3.rel1.win32_1.1.0.202410251130/tools/bin/../lib/gcc/arm-none-eabi/12.3.1/../../../../arm-none-eabi/lib/thumb/v7e-m+fp/hard\libc_nano.a(libc_a-printf.o)
                0x0800c040                iprintf
                0x0800c040                printf
 .text._puts_r  0x0800c064       0xaa C:/ST/STM32CubeIDE_1.17.0/STM32CubeIDE/plugins/com.st.stm32cube.ide.mcu.externaltools.gnu-tools-for-stm32.12.3.rel1.win32_1.1.0.202410251130/tools/bin/../lib/gcc/arm-none-eabi/12.3.1/../../../../arm-none-eabi/lib/thumb/v7e-m+fp/hard\libc_nano.a(libc_a-puts.o)
                0x0800c064                _puts_r
 *fill*         0x0800c10e        0x2 
 .text.puts     0x0800c110       0x10 C:/ST/STM32CubeIDE_1.17.0/STM32CubeIDE/plugins/com.st.stm32cube.ide.mcu.externaltools.gnu-tools-for-stm32.12.3.rel1.win32_1.1.0.202410251130/tools/bin/../lib/gcc/arm-none-eabi/12.3.1/../../../../arm-none-eabi/lib/thumb/v7e-m+fp/hard\libc_nano.a(libc_a-puts.o)
                0x0800c110                puts
 .text.sprintf  0x0800c120       0x40 C:/ST/STM32CubeIDE_1.17.0/STM32CubeIDE/plugins/com.st.stm32cube.ide.mcu.externaltools.gnu-tools-for-stm32.12.3.rel1.win32_1.1.0.202410251130/tools/bin/../lib/gcc/arm-none-eabi/12.3.1/../../../../arm-none-eabi/lib/thumb/v7e-m+fp/hard\libc_nano.a(libc_a-sprintf.o)
                0x0800c120                siprintf
                0x0800c120                sprintf
 .text.__sread  0x0800c160       0x22 C:/ST/STM32CubeIDE_1.17.0/STM32CubeIDE/plugins/com.st.stm32cube.ide.mcu.externaltools.gnu-tools-for-stm32.12.3.rel1.win32_1.1.0.202410251130/tools/bin/../lib/gcc/arm-none-eabi/12.3.1/../../../../arm-none-eabi/lib/thumb/v7e-m+fp/hard\libc_nano.a(libc_a-stdio.o)
                0x0800c160                __sread
 .text.__swrite
                0x0800c182       0x38 C:/ST/STM32CubeIDE_1.17.0/STM32CubeIDE/plugins/com.st.stm32cube.ide.mcu.externaltools.gnu-tools-for-stm32.12.3.rel1.win32_1.1.0.202410251130/tools/bin/../lib/gcc/arm-none-eabi/12.3.1/../../../../arm-none-eabi/lib/thumb/v7e-m+fp/hard\libc_nano.a(libc_a-stdio.o)
                0x0800c182                __swrite
 .text.__sseek  0x0800c1ba       0x24 C:/ST/STM32CubeIDE_1.17.0/STM32CubeIDE/plugins/com.st.stm32cube.ide.mcu.externaltools.gnu-tools-for-stm32.12.3.rel1.win32_1.1.0.202410251130/tools/bin/../lib/gcc/arm-none-eabi/12.3.1/../../../../arm-none-eabi/lib/thumb/v7e-m+fp/hard\libc_nano.a(libc_a-stdio.o)
                0x0800c1ba                __sseek
 .text.__sclose
                0x0800c1de        0x8 C:/ST/STM32CubeIDE_1.17.0/STM32CubeIDE/plugins/com.st.stm32cube.ide.mcu.externaltools.gnu-tools-for-stm32.12.3.rel1.win32_1.1.0.202410251130/tools/bin/../lib/gcc/arm-none-eabi/12.3.1/../../../../arm-none-eabi/lib/thumb/v7e-m+fp/hard\libc_nano.a(libc_a-stdio.o)
                0x0800c1de                __sclose
 .text.__swbuf_r
                0x0800c1e6       0x7c C:/ST/STM32CubeIDE_1.17.0/STM32CubeIDE/plugins/com.st.stm32cube.ide.mcu.externaltools.gnu-tools-for-stm32.12.3.rel1.win32_1.1.0.202410251130/tools/bin/../lib/gcc/arm-none-eabi/12.3.1/../../../../arm-none-eabi/lib/thumb/v7e-m+fp/hard\libc_nano.a(libc_a-wbuf.o)
                0x0800c1e6                __swbuf_r
 *fill*         0x0800c262        0x2 
 .text.__swsetup_r
                0x0800c264       0xac C:/ST/STM32CubeIDE_1.17.0/STM32CubeIDE/plugins/com.st.stm32cube.ide.mcu.externaltools.gnu-tools-for-stm32.12.3.rel1.win32_1.1.0.202410251130/tools/bin/../lib/gcc/arm-none-eabi/12.3.1/../../../../arm-none-eabi/lib/thumb/v7e-m+fp/hard\libc_nano.a(libc_a-wsetup.o)
                0x0800c264                __swsetup_r
 .text.memset   0x0800c310       0x10 C:/ST/STM32CubeIDE_1.17.0/STM32CubeIDE/plugins/com.st.stm32cube.ide.mcu.externaltools.gnu-tools-for-stm32.12.3.rel1.win32_1.1.0.202410251130/tools/bin/../lib/gcc/arm-none-eabi/12.3.1/../../../../arm-none-eabi/lib/thumb/v7e-m+fp/hard\libc_nano.a(libc_a-memset.o)
                0x0800c310                memset
 .text._localeconv_r
                0x0800c320        0x8 C:/ST/STM32CubeIDE_1.17.0/STM32CubeIDE/plugins/com.st.stm32cube.ide.mcu.externaltools.gnu-tools-for-stm32.12.3.rel1.win32_1.1.0.202410251130/tools/bin/../lib/gcc/arm-none-eabi/12.3.1/../../../../arm-none-eabi/lib/thumb/v7e-m+fp/hard\libc_nano.a(libc_a-localeconv.o)
                0x0800c320                _localeconv_r
 .text._close_r
                0x0800c328       0x20 C:/ST/STM32CubeIDE_1.17.0/STM32CubeIDE/plugins/com.st.stm32cube.ide.mcu.externaltools.gnu-tools-for-stm32.12.3.rel1.win32_1.1.0.202410251130/tools/bin/../lib/gcc/arm-none-eabi/12.3.1/../../../../arm-none-eabi/lib/thumb/v7e-m+fp/hard\libc_nano.a(libc_a-closer.o)
                0x0800c328                _close_r
 .text._lseek_r
                0x0800c348       0x24 C:/ST/STM32CubeIDE_1.17.0/STM32CubeIDE/plugins/com.st.stm32cube.ide.mcu.externaltools.gnu-tools-for-stm32.12.3.rel1.win32_1.1.0.202410251130/tools/bin/../lib/gcc/arm-none-eabi/12.3.1/../../../../arm-none-eabi/lib/thumb/v7e-m+fp/hard\libc_nano.a(libc_a-lseekr.o)
                0x0800c348                _lseek_r
 .text._read_r  0x0800c36c       0x24 C:/ST/STM32CubeIDE_1.17.0/STM32CubeIDE/plugins/com.st.stm32cube.ide.mcu.externaltools.gnu-tools-for-stm32.12.3.rel1.win32_1.1.0.202410251130/tools/bin/../lib/gcc/arm-none-eabi/12.3.1/../../../../arm-none-eabi/lib/thumb/v7e-m+fp/hard\libc_nano.a(libc_a-readr.o)
                0x0800c36c                _read_r
 .text._write_r
                0x0800c390       0x24 C:/ST/STM32CubeIDE_1.17.0/STM32CubeIDE/plugins/com.st.stm32cube.ide.mcu.externaltools.gnu-tools-for-stm32.12.3.rel1.win32_1.1.0.202410251130/tools/bin/../lib/gcc/arm-none-eabi/12.3.1/../../../../arm-none-eabi/lib/thumb/v7e-m+fp/hard\libc_nano.a(libc_a-writer.o)
                0x0800c390                _write_r
 .text.__errno  0x0800c3b4        0xc C:/ST/STM32CubeIDE_1.17.0/STM32CubeIDE/plugins/com.st.stm32cube.ide.mcu.externaltools.gnu-tools-for-stm32.12.3.rel1.win32_1.1.0.202410251130/tools/bin/../lib/gcc/arm-none-eabi/12.3.1/../../../../arm-none-eabi/lib/thumb/v7e-m+fp/hard\libc_nano.a(libc_a-errno.o)
                0x0800c3b4                __errno
 .text.__libc_init_array
                0x0800c3c0       0x48 C:/ST/STM32CubeIDE_1.17.0/STM32CubeIDE/plugins/com.st.stm32cube.ide.mcu.externaltools.gnu-tools-for-stm32.12.3.rel1.win32_1.1.0.202410251130/tools/bin/../lib/gcc/arm-none-eabi/12.3.1/../../../../arm-none-eabi/lib/thumb/v7e-m+fp/hard\libc_nano.a(libc_a-init.o)
                0x0800c3c0                __libc_init_array
 .text.__retarget_lock_init_recursive
                0x0800c408        0x2 C:/ST/STM32CubeIDE_1.17.0/STM32CubeIDE/plugins/com.st.stm32cube.ide.mcu.externaltools.gnu-tools-for-stm32.12.3.rel1.win32_1.1.0.202410251130/tools/bin/../lib/gcc/arm-none-eabi/12.3.1/../../../../arm-none-eabi/lib/thumb/v7e-m+fp/hard\libc_nano.a(libc_a-lock.o)
                0x0800c408                __retarget_lock_init_recursive
 .text.__retarget_lock_acquire_recursive
                0x0800c40a        0x2 C:/ST/STM32CubeIDE_1.17.0/STM32CubeIDE/plugins/com.st.stm32cube.ide.mcu.externaltools.gnu-tools-for-stm32.12.3.rel1.win32_1.1.0.202410251130/tools/bin/../lib/gcc/arm-none-eabi/12.3.1/../../../../arm-none-eabi/lib/thumb/v7e-m+fp/hard\libc_nano.a(libc_a-lock.o)
                0x0800c40a                __retarget_lock_acquire_recursive
 .text.__retarget_lock_release_recursive
                0x0800c40c        0x2 C:/ST/STM32CubeIDE_1.17.0/STM32CubeIDE/plugins/com.st.stm32cube.ide.mcu.externaltools.gnu-tools-for-stm32.12.3.rel1.win32_1.1.0.202410251130/tools/bin/../lib/gcc/arm-none-eabi/12.3.1/../../../../arm-none-eabi/lib/thumb/v7e-m+fp/hard\libc_nano.a(libc_a-lock.o)
                0x0800c40c                __retarget_lock_release_recursive
 .text.memcpy   0x0800c40e       0x1c C:/ST/STM32CubeIDE_1.17.0/STM32CubeIDE/plugins/com.st.stm32cube.ide.mcu.externaltools.gnu-tools-for-stm32.12.3.rel1.win32_1.1.0.202410251130/tools/bin/../lib/gcc/arm-none-eabi/12.3.1/../../../../arm-none-eabi/lib/thumb/v7e-m+fp/hard\libc_nano.a(libc_a-memcpy-stub.o)
                0x0800c40e                memcpy
 .text.quorem   0x0800c42a      0x110 C:/ST/STM32CubeIDE_1.17.0/STM32CubeIDE/plugins/com.st.stm32cube.ide.mcu.externaltools.gnu-tools-for-stm32.12.3.rel1.win32_1.1.0.202410251130/tools/bin/../lib/gcc/arm-none-eabi/12.3.1/../../../../arm-none-eabi/lib/thumb/v7e-m+fp/hard\libc_nano.a(libc_a-dtoa.o)
 *fill*         0x0800c53a        0x6 
 .text._dtoa_r  0x0800c540      0xb88 C:/ST/STM32CubeIDE_1.17.0/STM32CubeIDE/plugins/com.st.stm32cube.ide.mcu.externaltools.gnu-tools-for-stm32.12.3.rel1.win32_1.1.0.202410251130/tools/bin/../lib/gcc/arm-none-eabi/12.3.1/../../../../arm-none-eabi/lib/thumb/v7e-m+fp/hard\libc_nano.a(libc_a-dtoa.o)
                0x0800c540                _dtoa_r
 .text._free_r  0x0800d0c8       0x94 C:/ST/STM32CubeIDE_1.17.0/STM32CubeIDE/plugins/com.st.stm32cube.ide.mcu.externaltools.gnu-tools-for-stm32.12.3.rel1.win32_1.1.0.202410251130/tools/bin/../lib/gcc/arm-none-eabi/12.3.1/../../../../arm-none-eabi/lib/thumb/v7e-m+fp/hard\libc_nano.a(libc_a-freer.o)
                0x0800d0c8                _free_r
 .text.malloc   0x0800d15c       0x10 C:/ST/STM32CubeIDE_1.17.0/STM32CubeIDE/plugins/com.st.stm32cube.ide.mcu.externaltools.gnu-tools-for-stm32.12.3.rel1.win32_1.1.0.202410251130/tools/bin/../lib/gcc/arm-none-eabi/12.3.1/../../../../arm-none-eabi/lib/thumb/v7e-m+fp/hard\libc_nano.a(libc_a-malloc.o)
                0x0800d15c                malloc
 .text.sbrk_aligned
                0x0800d16c       0x44 C:/ST/STM32CubeIDE_1.17.0/STM32CubeIDE/plugins/com.st.stm32cube.ide.mcu.externaltools.gnu-tools-for-stm32.12.3.rel1.win32_1.1.0.202410251130/tools/bin/../lib/gcc/arm-none-eabi/12.3.1/../../../../arm-none-eabi/lib/thumb/v7e-m+fp/hard\libc_nano.a(libc_a-mallocr.o)
 .text._malloc_r
                0x0800d1b0      0x100 C:/ST/STM32CubeIDE_1.17.0/STM32CubeIDE/plugins/com.st.stm32cube.ide.mcu.externaltools.gnu-tools-for-stm32.12.3.rel1.win32_1.1.0.202410251130/tools/bin/../lib/gcc/arm-none-eabi/12.3.1/../../../../arm-none-eabi/lib/thumb/v7e-m+fp/hard\libc_nano.a(libc_a-mallocr.o)
                0x0800d1b0                _malloc_r
 .text.__malloc_lock
                0x0800d2b0        0xc C:/ST/STM32CubeIDE_1.17.0/STM32CubeIDE/plugins/com.st.stm32cube.ide.mcu.externaltools.gnu-tools-for-stm32.12.3.rel1.win32_1.1.0.202410251130/tools/bin/../lib/gcc/arm-none-eabi/12.3.1/../../../../arm-none-eabi/lib/thumb/v7e-m+fp/hard\libc_nano.a(libc_a-mlock.o)
                0x0800d2b0                __malloc_lock
 .text.__malloc_unlock
                0x0800d2bc        0xc C:/ST/STM32CubeIDE_1.17.0/STM32CubeIDE/plugins/com.st.stm32cube.ide.mcu.externaltools.gnu-tools-for-stm32.12.3.rel1.win32_1.1.0.202410251130/tools/bin/../lib/gcc/arm-none-eabi/12.3.1/../../../../arm-none-eabi/lib/thumb/v7e-m+fp/hard\libc_nano.a(libc_a-mlock.o)
                0x0800d2bc                __malloc_unlock
 .text._Balloc  0x0800d2c8       0x80 C:/ST/STM32CubeIDE_1.17.0/STM32CubeIDE/plugins/com.st.stm32cube.ide.mcu.externaltools.gnu-tools-for-stm32.12.3.rel1.win32_1.1.0.202410251130/tools/bin/../lib/gcc/arm-none-eabi/12.3.1/../../../../arm-none-eabi/lib/thumb/v7e-m+fp/hard\libc_nano.a(libc_a-mprec.o)
                0x0800d2c8                _Balloc
 .text._Bfree   0x0800d348       0x44 C:/ST/STM32CubeIDE_1.17.0/STM32CubeIDE/plugins/com.st.stm32cube.ide.mcu.externaltools.gnu-tools-for-stm32.12.3.rel1.win32_1.1.0.202410251130/tools/bin/../lib/gcc/arm-none-eabi/12.3.1/../../../../arm-none-eabi/lib/thumb/v7e-m+fp/hard\libc_nano.a(libc_a-mprec.o)
                0x0800d348                _Bfree
 .text.__multadd
                0x0800d38c       0x8c C:/ST/STM32CubeIDE_1.17.0/STM32CubeIDE/plugins/com.st.stm32cube.ide.mcu.externaltools.gnu-tools-for-stm32.12.3.rel1.win32_1.1.0.202410251130/tools/bin/../lib/gcc/arm-none-eabi/12.3.1/../../../../arm-none-eabi/lib/thumb/v7e-m+fp/hard\libc_nano.a(libc_a-mprec.o)
                0x0800d38c                __multadd
 .text.__hi0bits
                0x0800d418       0x3e C:/ST/STM32CubeIDE_1.17.0/STM32CubeIDE/plugins/com.st.stm32cube.ide.mcu.externaltools.gnu-tools-for-stm32.12.3.rel1.win32_1.1.0.202410251130/tools/bin/../lib/gcc/arm-none-eabi/12.3.1/../../../../arm-none-eabi/lib/thumb/v7e-m+fp/hard\libc_nano.a(libc_a-mprec.o)
                0x0800d418                __hi0bits
 .text.__lo0bits
                0x0800d456       0x5a C:/ST/STM32CubeIDE_1.17.0/STM32CubeIDE/plugins/com.st.stm32cube.ide.mcu.externaltools.gnu-tools-for-stm32.12.3.rel1.win32_1.1.0.202410251130/tools/bin/../lib/gcc/arm-none-eabi/12.3.1/../../../../arm-none-eabi/lib/thumb/v7e-m+fp/hard\libc_nano.a(libc_a-mprec.o)
                0x0800d456                __lo0bits
 .text.__i2b    0x0800d4b0       0x2c C:/ST/STM32CubeIDE_1.17.0/STM32CubeIDE/plugins/com.st.stm32cube.ide.mcu.externaltools.gnu-tools-for-stm32.12.3.rel1.win32_1.1.0.202410251130/tools/bin/../lib/gcc/arm-none-eabi/12.3.1/../../../../arm-none-eabi/lib/thumb/v7e-m+fp/hard\libc_nano.a(libc_a-mprec.o)
                0x0800d4b0                __i2b
 .text.__multiply
                0x0800d4dc      0x154 C:/ST/STM32CubeIDE_1.17.0/STM32CubeIDE/plugins/com.st.stm32cube.ide.mcu.externaltools.gnu-tools-for-stm32.12.3.rel1.win32_1.1.0.202410251130/tools/bin/../lib/gcc/arm-none-eabi/12.3.1/../../../../arm-none-eabi/lib/thumb/v7e-m+fp/hard\libc_nano.a(libc_a-mprec.o)
                0x0800d4dc                __multiply
 .text.__pow5mult
                0x0800d630       0xb4 C:/ST/STM32CubeIDE_1.17.0/STM32CubeIDE/plugins/com.st.stm32cube.ide.mcu.externaltools.gnu-tools-for-stm32.12.3.rel1.win32_1.1.0.202410251130/tools/bin/../lib/gcc/arm-none-eabi/12.3.1/../../../../arm-none-eabi/lib/thumb/v7e-m+fp/hard\libc_nano.a(libc_a-mprec.o)
                0x0800d630                __pow5mult
 .text.__lshift
                0x0800d6e4       0xd8 C:/ST/STM32CubeIDE_1.17.0/STM32CubeIDE/plugins/com.st.stm32cube.ide.mcu.externaltools.gnu-tools-for-stm32.12.3.rel1.win32_1.1.0.202410251130/tools/bin/../lib/gcc/arm-none-eabi/12.3.1/../../../../arm-none-eabi/lib/thumb/v7e-m+fp/hard\libc_nano.a(libc_a-mprec.o)
                0x0800d6e4                __lshift
 .text.__mcmp   0x0800d7bc       0x36 C:/ST/STM32CubeIDE_1.17.0/STM32CubeIDE/plugins/com.st.stm32cube.ide.mcu.externaltools.gnu-tools-for-stm32.12.3.rel1.win32_1.1.0.202410251130/tools/bin/../lib/gcc/arm-none-eabi/12.3.1/../../../../arm-none-eabi/lib/thumb/v7e-m+fp/hard\libc_nano.a(libc_a-mprec.o)
                0x0800d7bc                __mcmp
 *fill*         0x0800d7f2        0x2 
 .text.__mdiff  0x0800d7f4      0x128 C:/ST/STM32CubeIDE_1.17.0/STM32CubeIDE/plugins/com.st.stm32cube.ide.mcu.externaltools.gnu-tools-for-stm32.12.3.rel1.win32_1.1.0.202410251130/tools/bin/../lib/gcc/arm-none-eabi/12.3.1/../../../../arm-none-eabi/lib/thumb/v7e-m+fp/hard\libc_nano.a(libc_a-mprec.o)
                0x0800d7f4                __mdiff
 .text.__d2b    0x0800d91c       0xb0 C:/ST/STM32CubeIDE_1.17.0/STM32CubeIDE/plugins/com.st.stm32cube.ide.mcu.externaltools.gnu-tools-for-stm32.12.3.rel1.win32_1.1.0.202410251130/tools/bin/../lib/gcc/arm-none-eabi/12.3.1/../../../../arm-none-eabi/lib/thumb/v7e-m+fp/hard\libc_nano.a(libc_a-mprec.o)
                0x0800d91c                __d2b
 .text.__ssputs_r
                0x0800d9cc       0xb6 C:/ST/STM32CubeIDE_1.17.0/STM32CubeIDE/plugins/com.st.stm32cube.ide.mcu.externaltools.gnu-tools-for-stm32.12.3.rel1.win32_1.1.0.202410251130/tools/bin/../lib/gcc/arm-none-eabi/12.3.1/../../../../arm-none-eabi/lib/thumb/v7e-m+fp/hard\libc_nano.a(libc_a-nano-svfprintf.o)
                0x0800d9cc                __ssputs_r
 *fill*         0x0800da82        0x2 
 .text._svfprintf_r
                0x0800da84      0x1f8 C:/ST/STM32CubeIDE_1.17.0/STM32CubeIDE/plugins/com.st.stm32cube.ide.mcu.externaltools.gnu-tools-for-stm32.12.3.rel1.win32_1.1.0.202410251130/tools/bin/../lib/gcc/arm-none-eabi/12.3.1/../../../../arm-none-eabi/lib/thumb/v7e-m+fp/hard\libc_nano.a(libc_a-nano-svfprintf.o)
                0x0800da84                _svfiprintf_r
                0x0800da84                _svfprintf_r
 .text.__sfputc_r
                0x0800dc7c       0x2e C:/ST/STM32CubeIDE_1.17.0/STM32CubeIDE/plugins/com.st.stm32cube.ide.mcu.externaltools.gnu-tools-for-stm32.12.3.rel1.win32_1.1.0.202410251130/tools/bin/../lib/gcc/arm-none-eabi/12.3.1/../../../../arm-none-eabi/lib/thumb/v7e-m+fp/hard\libc_nano.a(libc_a-nano-vfprintf.o)
 .text.__sfputs_r
                0x0800dcaa       0x24 C:/ST/STM32CubeIDE_1.17.0/STM32CubeIDE/plugins/com.st.stm32cube.ide.mcu.externaltools.gnu-tools-for-stm32.12.3.rel1.win32_1.1.0.202410251130/tools/bin/../lib/gcc/arm-none-eabi/12.3.1/../../../../arm-none-eabi/lib/thumb/v7e-m+fp/hard\libc_nano.a(libc_a-nano-vfprintf.o)
                0x0800dcaa                __sfputs_r
 *fill*         0x0800dcce        0x2 
 .text._vfprintf_r
                0x0800dcd0      0x230 C:/ST/STM32CubeIDE_1.17.0/STM32CubeIDE/plugins/com.st.stm32cube.ide.mcu.externaltools.gnu-tools-for-stm32.12.3.rel1.win32_1.1.0.202410251130/tools/bin/../lib/gcc/arm-none-eabi/12.3.1/../../../../arm-none-eabi/lib/thumb/v7e-m+fp/hard\libc_nano.a(libc_a-nano-vfprintf.o)
                0x0800dcd0                _vfprintf_r
                0x0800dcd0                _vfiprintf_r
 .text.__sflush_r
                0x0800df00      0x108 C:/ST/STM32CubeIDE_1.17.0/STM32CubeIDE/plugins/com.st.stm32cube.ide.mcu.externaltools.gnu-tools-for-stm32.12.3.rel1.win32_1.1.0.202410251130/tools/bin/../lib/gcc/arm-none-eabi/12.3.1/../../../../arm-none-eabi/lib/thumb/v7e-m+fp/hard\libc_nano.a(libc_a-fflush.o)
                0x0800df00                __sflush_r
 .text._fflush_r
                0x0800e008       0x50 C:/ST/STM32CubeIDE_1.17.0/STM32CubeIDE/plugins/com.st.stm32cube.ide.mcu.externaltools.gnu-tools-for-stm32.12.3.rel1.win32_1.1.0.202410251130/tools/bin/../lib/gcc/arm-none-eabi/12.3.1/../../../../arm-none-eabi/lib/thumb/v7e-m+fp/hard\libc_nano.a(libc_a-fflush.o)
                0x0800e008                _fflush_r
 .text.__swhatbuf_r
                0x0800e058       0x4c C:/ST/STM32CubeIDE_1.17.0/STM32CubeIDE/plugins/com.st.stm32cube.ide.mcu.externaltools.gnu-tools-for-stm32.12.3.rel1.win32_1.1.0.202410251130/tools/bin/../lib/gcc/arm-none-eabi/12.3.1/../../../../arm-none-eabi/lib/thumb/v7e-m+fp/hard\libc_nano.a(libc_a-makebuf.o)
                0x0800e058                __swhatbuf_r
 .text.__smakebuf_r
                0x0800e0a4       0x78 C:/ST/STM32CubeIDE_1.17.0/STM32CubeIDE/plugins/com.st.stm32cube.ide.mcu.externaltools.gnu-tools-for-stm32.12.3.rel1.win32_1.1.0.202410251130/tools/bin/../lib/gcc/arm-none-eabi/12.3.1/../../../../arm-none-eabi/lib/thumb/v7e-m+fp/hard\libc_nano.a(libc_a-makebuf.o)
                0x0800e0a4                __smakebuf_r
 .text.memmove  0x0800e11c       0x34 C:/ST/STM32CubeIDE_1.17.0/STM32CubeIDE/plugins/com.st.stm32cube.ide.mcu.externaltools.gnu-tools-for-stm32.12.3.rel1.win32_1.1.0.202410251130/tools/bin/../lib/gcc/arm-none-eabi/12.3.1/../../../../arm-none-eabi/lib/thumb/v7e-m+fp/hard\libc_nano.a(libc_a-memmove.o)
                0x0800e11c                memmove
 .text._fstat_r
                0x0800e150       0x24 C:/ST/STM32CubeIDE_1.17.0/STM32CubeIDE/plugins/com.st.stm32cube.ide.mcu.externaltools.gnu-tools-for-stm32.12.3.rel1.win32_1.1.0.202410251130/tools/bin/../lib/gcc/arm-none-eabi/12.3.1/../../../../arm-none-eabi/lib/thumb/v7e-m+fp/hard\libc_nano.a(libc_a-fstatr.o)
                0x0800e150                _fstat_r
 .text._isatty_r
                0x0800e174       0x20 C:/ST/STM32CubeIDE_1.17.0/STM32CubeIDE/plugins/com.st.stm32cube.ide.mcu.externaltools.gnu-tools-for-stm32.12.3.rel1.win32_1.1.0.202410251130/tools/bin/../lib/gcc/arm-none-eabi/12.3.1/../../../../arm-none-eabi/lib/thumb/v7e-m+fp/hard\libc_nano.a(libc_a-isattyr.o)
                0x0800e174                _isatty_r
 .text._sbrk_r  0x0800e194       0x20 C:/ST/STM32CubeIDE_1.17.0/STM32CubeIDE/plugins/com.st.stm32cube.ide.mcu.externaltools.gnu-tools-for-stm32.12.3.rel1.win32_1.1.0.202410251130/tools/bin/../lib/gcc/arm-none-eabi/12.3.1/../../../../arm-none-eabi/lib/thumb/v7e-m+fp/hard\libc_nano.a(libc_a-sbrkr.o)
                0x0800e194                _sbrk_r
 .text.__assert_func
                0x0800e1b4       0x3c C:/ST/STM32CubeIDE_1.17.0/STM32CubeIDE/plugins/com.st.stm32cube.ide.mcu.externaltools.gnu-tools-for-stm32.12.3.rel1.win32_1.1.0.202410251130/tools/bin/../lib/gcc/arm-none-eabi/12.3.1/../../../../arm-none-eabi/lib/thumb/v7e-m+fp/hard\libc_nano.a(libc_a-assert.o)
                0x0800e1b4                __assert_func
 .text._calloc_r
                0x0800e1f0       0x28 C:/ST/STM32CubeIDE_1.17.0/STM32CubeIDE/plugins/com.st.stm32cube.ide.mcu.externaltools.gnu-tools-for-stm32.12.3.rel1.win32_1.1.0.202410251130/tools/bin/../lib/gcc/arm-none-eabi/12.3.1/../../../../arm-none-eabi/lib/thumb/v7e-m+fp/hard\libc_nano.a(libc_a-callocr.o)
                0x0800e1f0                _calloc_r
 .text.__ascii_mbtowc
                0x0800e218       0x24 C:/ST/STM32CubeIDE_1.17.0/STM32CubeIDE/plugins/com.st.stm32cube.ide.mcu.externaltools.gnu-tools-for-stm32.12.3.rel1.win32_1.1.0.202410251130/tools/bin/../lib/gcc/arm-none-eabi/12.3.1/../../../../arm-none-eabi/lib/thumb/v7e-m+fp/hard\libc_nano.a(libc_a-mbtowc_r.o)
                0x0800e218                __ascii_mbtowc
 .text._realloc_r
                0x0800e23c       0x5c C:/ST/STM32CubeIDE_1.17.0/STM32CubeIDE/plugins/com.st.stm32cube.ide.mcu.externaltools.gnu-tools-for-stm32.12.3.rel1.win32_1.1.0.202410251130/tools/bin/../lib/gcc/arm-none-eabi/12.3.1/../../../../arm-none-eabi/lib/thumb/v7e-m+fp/hard\libc_nano.a(libc_a-reallocr.o)
                0x0800e23c                _realloc_r
 .text.__ascii_wctomb
                0x0800e298       0x1a C:/ST/STM32CubeIDE_1.17.0/STM32CubeIDE/plugins/com.st.stm32cube.ide.mcu.externaltools.gnu-tools-for-stm32.12.3.rel1.win32_1.1.0.202410251130/tools/bin/../lib/gcc/arm-none-eabi/12.3.1/../../../../arm-none-eabi/lib/thumb/v7e-m+fp/hard\libc_nano.a(libc_a-wctomb_r.o)
                0x0800e298                __ascii_wctomb
 *fill*         0x0800e2b2        0x2 
 .text.fprintf  0x0800e2b4       0x24 C:/ST/STM32CubeIDE_1.17.0/STM32CubeIDE/plugins/com.st.stm32cube.ide.mcu.externaltools.gnu-tools-for-stm32.12.3.rel1.win32_1.1.0.202410251130/tools/bin/../lib/gcc/arm-none-eabi/12.3.1/../../../../arm-none-eabi/lib/thumb/v7e-m+fp/hard\libc_nano.a(libc_a-fprintf.o)
                0x0800e2b4                fiprintf
                0x0800e2b4                fprintf
 .text.abort    0x0800e2d8        0xe C:/ST/STM32CubeIDE_1.17.0/STM32CubeIDE/plugins/com.st.stm32cube.ide.mcu.externaltools.gnu-tools-for-stm32.12.3.rel1.win32_1.1.0.202410251130/tools/bin/../lib/gcc/arm-none-eabi/12.3.1/../../../../arm-none-eabi/lib/thumb/v7e-m+fp/hard\libc_nano.a(libc_a-abort.o)
                0x0800e2d8                abort
 .text._malloc_usable_size_r
                0x0800e2e6       0x10 C:/ST/STM32CubeIDE_1.17.0/STM32CubeIDE/plugins/com.st.stm32cube.ide.mcu.externaltools.gnu-tools-for-stm32.12.3.rel1.win32_1.1.0.202410251130/tools/bin/../lib/gcc/arm-none-eabi/12.3.1/../../../../arm-none-eabi/lib/thumb/v7e-m+fp/hard\libc_nano.a(libc_a-msizer.o)
                0x0800e2e6                _malloc_usable_size_r
 .text._raise_r
                0x0800e2f6       0x50 C:/ST/STM32CubeIDE_1.17.0/STM32CubeIDE/plugins/com.st.stm32cube.ide.mcu.externaltools.gnu-tools-for-stm32.12.3.rel1.win32_1.1.0.202410251130/tools/bin/../lib/gcc/arm-none-eabi/12.3.1/../../../../arm-none-eabi/lib/thumb/v7e-m+fp/hard\libc_nano.a(libc_a-signal.o)
                0x0800e2f6                _raise_r
 *fill*         0x0800e346        0x2 
 .text.raise    0x0800e348       0x10 C:/ST/STM32CubeIDE_1.17.0/STM32CubeIDE/plugins/com.st.stm32cube.ide.mcu.externaltools.gnu-tools-for-stm32.12.3.rel1.win32_1.1.0.202410251130/tools/bin/../lib/gcc/arm-none-eabi/12.3.1/../../../../arm-none-eabi/lib/thumb/v7e-m+fp/hard\libc_nano.a(libc_a-signal.o)
                0x0800e348                raise
 .text._kill_r  0x0800e358       0x24 C:/ST/STM32CubeIDE_1.17.0/STM32CubeIDE/plugins/com.st.stm32cube.ide.mcu.externaltools.gnu-tools-for-stm32.12.3.rel1.win32_1.1.0.202410251130/tools/bin/../lib/gcc/arm-none-eabi/12.3.1/../../../../arm-none-eabi/lib/thumb/v7e-m+fp/hard\libc_nano.a(libc_a-signalr.o)
                0x0800e358                _kill_r
 .text._getpid_r
                0x0800e37c        0x4 C:/ST/STM32CubeIDE_1.17.0/STM32CubeIDE/plugins/com.st.stm32cube.ide.mcu.externaltools.gnu-tools-for-stm32.12.3.rel1.win32_1.1.0.202410251130/tools/bin/../lib/gcc/arm-none-eabi/12.3.1/../../../../arm-none-eabi/lib/thumb/v7e-m+fp/hard\libc_nano.a(libc_a-signalr.o)
                0x0800e37c                _getpid_r
 *(.glue_7)
 .glue_7        0x0800e380        0x0 linker stubs
 *(.glue_7t)
 .glue_7t       0x0800e380        0x0 linker stubs
 *(.eh_frame)
 .eh_frame      0x0800e380        0x0 C:/ST/STM32CubeIDE_1.17.0/STM32CubeIDE/plugins/com.st.stm32cube.ide.mcu.externaltools.gnu-tools-for-stm32.12.3.rel1.win32_1.1.0.202410251130/tools/bin/../lib/gcc/arm-none-eabi/12.3.1/thumb/v7e-m+fp/hard/crtbegin.o
 *(.init)
 .init          0x0800e380        0x4 C:/ST/STM32CubeIDE_1.17.0/STM32CubeIDE/plugins/com.st.stm32cube.ide.mcu.externaltools.gnu-tools-for-stm32.12.3.rel1.win32_1.1.0.202410251130/tools/bin/../lib/gcc/arm-none-eabi/12.3.1/thumb/v7e-m+fp/hard/crti.o
                0x0800e380                _init
 .init          0x0800e384        0x8 C:/ST/STM32CubeIDE_1.17.0/STM32CubeIDE/plugins/com.st.stm32cube.ide.mcu.externaltools.gnu-tools-for-stm32.12.3.rel1.win32_1.1.0.202410251130/tools/bin/../lib/gcc/arm-none-eabi/12.3.1/thumb/v7e-m+fp/hard/crtn.o
 *(.fini)
 .fini          0x0800e38c        0x4 C:/ST/STM32CubeIDE_1.17.0/STM32CubeIDE/plugins/com.st.stm32cube.ide.mcu.externaltools.gnu-tools-for-stm32.12.3.rel1.win32_1.1.0.202410251130/tools/bin/../lib/gcc/arm-none-eabi/12.3.1/thumb/v7e-m+fp/hard/crti.o
                0x0800e38c                _fini
 .fini          0x0800e390        0x8 C:/ST/STM32CubeIDE_1.17.0/STM32CubeIDE/plugins/com.st.stm32cube.ide.mcu.externaltools.gnu-tools-for-stm32.12.3.rel1.win32_1.1.0.202410251130/tools/bin/../lib/gcc/arm-none-eabi/12.3.1/thumb/v7e-m+fp/hard/crtn.o
                0x0800e398                        . = ALIGN (0x4)
                0x0800e398                        _etext = .

.vfp11_veneer   0x0800e398        0x0
 .vfp11_veneer  0x0800e398        0x0 linker stubs

.v4_bx          0x0800e398        0x0
 .v4_bx         0x0800e398        0x0 linker stubs

.iplt           0x0800e398        0x0
 .iplt          0x0800e398        0x0 C:/ST/STM32CubeIDE_1.17.0/STM32CubeIDE/plugins/com.st.stm32cube.ide.mcu.externaltools.gnu-tools-for-stm32.12.3.rel1.win32_1.1.0.202410251130/tools/bin/../lib/gcc/arm-none-eabi/12.3.1/thumb/v7e-m+fp/hard/crtbegin.o

.rodata         0x0800e398     0x1088
                0x0800e398                        . = ALIGN (0x4)
 *(.rodata)
 .rodata        0x0800e398      0x23d ./Core/Src/adi_spi_oa.o
 *fill*         0x0800e5d5        0x3 
 .rodata        0x0800e5d8       0xcd ./Core/Src/boardsupport.o
 *fill*         0x0800e6a5        0x3 
 .rodata        0x0800e6a8      0x425 ./Core/Src/main.o
 *fill*         0x0800eacd        0x3 
 .rodata        0x0800ead0       0xf7 ./Core/Src/spi.o
 *fill*         0x0800ebc7        0x1 
 .rodata        0x0800ebc8       0x5d ./Core/Src/stm32l4xx_it.o
 *(.rodata*)
 *fill*         0x0800ec25        0x3 
 .rodata.convMseToSqi
                0x0800ec28        0xe ./Core/Src/adi_phy.o
 *fill*         0x0800ec36        0x2 
 .rodata.crc32_tab
                0x0800ec38      0x400 ./Core/Src/fcs.o
 .rodata.payloadStr
                0x0800f038       0x29 ./Core/Src/main.o
                0x0800f038                payloadStr
 *fill*         0x0800f061        0x3 
 .rodata.AHBPrescTable
                0x0800f064       0x10 ./Core/Src/system_stm32l4xx.o
                0x0800f064                AHBPrescTable
 .rodata.APBPrescTable
                0x0800f074        0x8 ./Core/Src/system_stm32l4xx.o
                0x0800f074                APBPrescTable
 .rodata.MSIRangeTable
                0x0800f07c       0x30 ./Core/Src/system_stm32l4xx.o
                0x0800f07c                MSIRangeTable
 .rodata._printf_float.str1.1
                0x0800f0ac       0x12 C:/ST/STM32CubeIDE_1.17.0/STM32CubeIDE/plugins/com.st.stm32cube.ide.mcu.externaltools.gnu-tools-for-stm32.12.3.rel1.win32_1.1.0.202410251130/tools/bin/../lib/gcc/arm-none-eabi/12.3.1/../../../../arm-none-eabi/lib/thumb/v7e-m+fp/hard\libc_nano.a(libc_a-nano-vfprintf_float.o)
 .rodata._printf_i.str1.1
                0x0800f0be       0x22 C:/ST/STM32CubeIDE_1.17.0/STM32CubeIDE/plugins/com.st.stm32cube.ide.mcu.externaltools.gnu-tools-for-stm32.12.3.rel1.win32_1.1.0.202410251130/tools/bin/../lib/gcc/arm-none-eabi/12.3.1/../../../../arm-none-eabi/lib/thumb/v7e-m+fp/hard\libc_nano.a(libc_a-nano-vfprintf_i.o)
 .rodata._dtoa_r.str1.1
                0x0800f0e0       0x8d C:/ST/STM32CubeIDE_1.17.0/STM32CubeIDE/plugins/com.st.stm32cube.ide.mcu.externaltools.gnu-tools-for-stm32.12.3.rel1.win32_1.1.0.202410251130/tools/bin/../lib/gcc/arm-none-eabi/12.3.1/../../../../arm-none-eabi/lib/thumb/v7e-m+fp/hard\libc_nano.a(libc_a-dtoa.o)
                                 0x8f (size before relaxing)
 .rodata._Balloc.str1.1
                0x0800f16d       0x59 C:/ST/STM32CubeIDE_1.17.0/STM32CubeIDE/plugins/com.st.stm32cube.ide.mcu.externaltools.gnu-tools-for-stm32.12.3.rel1.win32_1.1.0.202410251130/tools/bin/../lib/gcc/arm-none-eabi/12.3.1/../../../../arm-none-eabi/lib/thumb/v7e-m+fp/hard\libc_nano.a(libc_a-mprec.o)
                                 0x70 (size before relaxing)
 .rodata.__multadd.str1.1
                0x0800f1c6       0x11 C:/ST/STM32CubeIDE_1.17.0/STM32CubeIDE/plugins/com.st.stm32cube.ide.mcu.externaltools.gnu-tools-for-stm32.12.3.rel1.win32_1.1.0.202410251130/tools/bin/../lib/gcc/arm-none-eabi/12.3.1/../../../../arm-none-eabi/lib/thumb/v7e-m+fp/hard\libc_nano.a(libc_a-mprec.o)
 *fill*         0x0800f1c6        0x2 
 .rodata.p05.0  0x0800f1c8        0xc C:/ST/STM32CubeIDE_1.17.0/STM32CubeIDE/plugins/com.st.stm32cube.ide.mcu.externaltools.gnu-tools-for-stm32.12.3.rel1.win32_1.1.0.202410251130/tools/bin/../lib/gcc/arm-none-eabi/12.3.1/../../../../arm-none-eabi/lib/thumb/v7e-m+fp/hard\libc_nano.a(libc_a-mprec.o)
 *fill*         0x0800f1d4        0x4 
 .rodata.__mprec_bigtens
                0x0800f1d8       0x28 C:/ST/STM32CubeIDE_1.17.0/STM32CubeIDE/plugins/com.st.stm32cube.ide.mcu.externaltools.gnu-tools-for-stm32.12.3.rel1.win32_1.1.0.202410251130/tools/bin/../lib/gcc/arm-none-eabi/12.3.1/../../../../arm-none-eabi/lib/thumb/v7e-m+fp/hard\libc_nano.a(libc_a-mprec.o)
                0x0800f1d8                __mprec_bigtens
 .rodata.__mprec_tens
                0x0800f200       0xc8 C:/ST/STM32CubeIDE_1.17.0/STM32CubeIDE/plugins/com.st.stm32cube.ide.mcu.externaltools.gnu-tools-for-stm32.12.3.rel1.win32_1.1.0.202410251130/tools/bin/../lib/gcc/arm-none-eabi/12.3.1/../../../../arm-none-eabi/lib/thumb/v7e-m+fp/hard\libc_nano.a(libc_a-mprec.o)
                0x0800f200                __mprec_tens
 .rodata._svfprintf_r.str1.1
                0x0800f2c8       0x11 C:/ST/STM32CubeIDE_1.17.0/STM32CubeIDE/plugins/com.st.stm32cube.ide.mcu.externaltools.gnu-tools-for-stm32.12.3.rel1.win32_1.1.0.202410251130/tools/bin/../lib/gcc/arm-none-eabi/12.3.1/../../../../arm-none-eabi/lib/thumb/v7e-m+fp/hard\libc_nano.a(libc_a-nano-svfprintf.o)
 .rodata._vfprintf_r.str1.1
                0x0800f2d9       0x11 C:/ST/STM32CubeIDE_1.17.0/STM32CubeIDE/plugins/com.st.stm32cube.ide.mcu.externaltools.gnu-tools-for-stm32.12.3.rel1.win32_1.1.0.202410251130/tools/bin/../lib/gcc/arm-none-eabi/12.3.1/../../../../arm-none-eabi/lib/thumb/v7e-m+fp/hard\libc_nano.a(libc_a-nano-vfprintf.o)
 .rodata._setlocale_r.str1.1
                0x0800f2d9        0x8 C:/ST/STM32CubeIDE_1.17.0/STM32CubeIDE/plugins/com.st.stm32cube.ide.mcu.externaltools.gnu-tools-for-stm32.12.3.rel1.win32_1.1.0.202410251130/tools/bin/../lib/gcc/arm-none-eabi/12.3.1/../../../../arm-none-eabi/lib/thumb/v7e-m+fp/hard\libc_nano.a(libc_a-locale.o)
                                  0x9 (size before relaxing)
 .rodata.str1.1
                0x0800f2e1        0x2 C:/ST/STM32CubeIDE_1.17.0/STM32CubeIDE/plugins/com.st.stm32cube.ide.mcu.externaltools.gnu-tools-for-stm32.12.3.rel1.win32_1.1.0.202410251130/tools/bin/../lib/gcc/arm-none-eabi/12.3.1/../../../../arm-none-eabi/lib/thumb/v7e-m+fp/hard\libc_nano.a(libc_a-locale.o)
 .rodata.__assert_func.str1.1
                0x0800f2e3       0x3c C:/ST/STM32CubeIDE_1.17.0/STM32CubeIDE/plugins/com.st.stm32cube.ide.mcu.externaltools.gnu-tools-for-stm32.12.3.rel1.win32_1.1.0.202410251130/tools/bin/../lib/gcc/arm-none-eabi/12.3.1/../../../../arm-none-eabi/lib/thumb/v7e-m+fp/hard\libc_nano.a(libc_a-assert.o)
                                 0x3d (size before relaxing)
 .rodata._ctype_
                0x0800f31f      0x101 C:/ST/STM32CubeIDE_1.17.0/STM32CubeIDE/plugins/com.st.stm32cube.ide.mcu.externaltools.gnu-tools-for-stm32.12.3.rel1.win32_1.1.0.202410251130/tools/bin/../lib/gcc/arm-none-eabi/12.3.1/../../../../arm-none-eabi/lib/thumb/v7e-m+fp/hard\libc_nano.a(libc_a-ctype_.o)
                0x0800f31f                _ctype_
                0x0800f420                        . = ALIGN (0x4)

.ARM.extab      0x0800f420        0x0
                0x0800f420                        . = ALIGN (0x4)
 *(.ARM.extab* .gnu.linkonce.armextab.*)
                0x0800f420                        . = ALIGN (0x4)

.ARM            0x0800f420        0x8
                0x0800f420                        . = ALIGN (0x4)
                0x0800f420                        __exidx_start = .
 *(.ARM.exidx*)
 .ARM.exidx     0x0800f420        0x8 C:/ST/STM32CubeIDE_1.17.0/STM32CubeIDE/plugins/com.st.stm32cube.ide.mcu.externaltools.gnu-tools-for-stm32.12.3.rel1.win32_1.1.0.202410251130/tools/bin/../lib/gcc/arm-none-eabi/12.3.1/../../../../arm-none-eabi/lib/thumb/v7e-m+fp/hard\libc_nano.a(libc_a-memchr.o)
 .ARM.exidx     0x0800f428        0x0 C:/ST/STM32CubeIDE_1.17.0/STM32CubeIDE/plugins/com.st.stm32cube.ide.mcu.externaltools.gnu-tools-for-stm32.12.3.rel1.win32_1.1.0.202410251130/tools/bin/../lib/gcc/arm-none-eabi/12.3.1/../../../../arm-none-eabi/lib/thumb/v7e-m+fp/hard\libc_nano.a(libc_a-strlen.o)
                                  0x8 (size before relaxing)
 .ARM.exidx     0x0800f428        0x0 C:/ST/STM32CubeIDE_1.17.0/STM32CubeIDE/plugins/com.st.stm32cube.ide.mcu.externaltools.gnu-tools-for-stm32.12.3.rel1.win32_1.1.0.202410251130/tools/bin/../lib/gcc/arm-none-eabi/12.3.1/thumb/v7e-m+fp/hard\libgcc.a(_udivmoddi4.o)
                                  0x8 (size before relaxing)
                0x0800f428                        __exidx_end = .
                0x0800f428                        . = ALIGN (0x4)

.preinit_array  0x0800f428        0x0
                0x0800f428                        . = ALIGN (0x4)
                0x0800f428                        PROVIDE (__preinit_array_start = .)
 *(.preinit_array*)
                0x0800f428                        PROVIDE (__preinit_array_end = .)
                0x0800f428                        . = ALIGN (0x4)

.init_array     0x0800f428        0x4
                0x0800f428                        . = ALIGN (0x4)
                0x0800f428                        PROVIDE (__init_array_start = .)
 *(SORT_BY_NAME(.init_array.*))
 *(.init_array*)
 .init_array    0x0800f428        0x4 C:/ST/STM32CubeIDE_1.17.0/STM32CubeIDE/plugins/com.st.stm32cube.ide.mcu.externaltools.gnu-tools-for-stm32.12.3.rel1.win32_1.1.0.202410251130/tools/bin/../lib/gcc/arm-none-eabi/12.3.1/thumb/v7e-m+fp/hard/crtbegin.o
                0x0800f42c                        PROVIDE (__init_array_end = .)
                0x0800f42c                        . = ALIGN (0x4)

.fini_array     0x0800f42c        0x4
                0x0800f42c                        . = ALIGN (0x4)
                [!provide]                        PROVIDE (__fini_array_start = .)
 *(SORT_BY_NAME(.fini_array.*))
 *(.fini_array*)
 .fini_array    0x0800f42c        0x4 C:/ST/STM32CubeIDE_1.17.0/STM32CubeIDE/plugins/com.st.stm32cube.ide.mcu.externaltools.gnu-tools-for-stm32.12.3.rel1.win32_1.1.0.202410251130/tools/bin/../lib/gcc/arm-none-eabi/12.3.1/thumb/v7e-m+fp/hard/crtbegin.o
                [!provide]                        PROVIDE (__fini_array_end = .)
                0x0800f430                        . = ALIGN (0x4)
                0x0800f430                        _sidata = LOADADDR (.data)

.rel.dyn        0x0800f430        0x0
 .rel.iplt      0x0800f430        0x0 C:/ST/STM32CubeIDE_1.17.0/STM32CubeIDE/plugins/com.st.stm32cube.ide.mcu.externaltools.gnu-tools-for-stm32.12.3.rel1.win32_1.1.0.202410251130/tools/bin/../lib/gcc/arm-none-eabi/12.3.1/thumb/v7e-m+fp/hard/crtbegin.o

.data           0x20000000      0xef8 load address 0x0800f430
                0x20000000                        . = ALIGN (0x4)
                0x20000000                        _sdata = .
 *(.data)
 *(.data*)
 .data.macDriverEntry
                0x20000000       0x88 ./Core/Src/adi_mac.o
                0x20000000                macDriverEntry
 .data.phyDriverEntry
                0x20000088       0x90 ./Core/Src/adi_phy.o
                0x20000088                phyDriverEntry
 .data.macAddr  0x20000118        0xc ./Core/Src/frames.o
                0x20000118                macAddr
 .data.testFrames
                0x20000124      0xbdc ./Core/Src/frames.o
                0x20000124                testFrames
 .data.hDevice  0x20000d00        0x4 ./Core/Src/main.o
                0x20000d00                hDevice
 .data.drvConfig
                0x20000d04        0xc ./Core/Src/main.o
                0x20000d04                drvConfig
 .data.dest_mac
                0x20000d10        0x6 ./Core/Src/main.o
                0x20000d10                dest_mac
 *fill*         0x20000d16        0x2 
 .data.mySourceMac
                0x20000d18        0x6 ./Core/Src/main.o
                0x20000d18                mySourceMac
 .data.myEtherType
                0x20000d1e        0x2 ./Core/Src/main.o
                0x20000d1e                myEtherType
 .data.payloadLen
                0x20000d20        0x4 ./Core/Src/main.o
                0x20000d20                payloadLen
 .data.SystemCoreClock
                0x20000d24        0x4 ./Core/Src/system_stm32l4xx.o
                0x20000d24                SystemCoreClock
 .data.uwTickPrio
                0x20000d28        0x4 ./Drivers/STM32L4xx_HAL_Driver/Src/stm32l4xx_hal.o
                0x20000d28                uwTickPrio
 .data.uwTickFreq
                0x20000d2c        0x1 ./Drivers/STM32L4xx_HAL_Driver/Src/stm32l4xx_hal.o
                0x20000d2c                uwTickFreq
 *fill*         0x20000d2d        0x3 
 .data.__sglue  0x20000d30        0xc C:/ST/STM32CubeIDE_1.17.0/STM32CubeIDE/plugins/com.st.stm32cube.ide.mcu.externaltools.gnu-tools-for-stm32.12.3.rel1.win32_1.1.0.202410251130/tools/bin/../lib/gcc/arm-none-eabi/12.3.1/../../../../arm-none-eabi/lib/thumb/v7e-m+fp/hard\libc_nano.a(libc_a-findfp.o)
                0x20000d30                __sglue
 .data._impure_ptr
                0x20000d3c        0x4 C:/ST/STM32CubeIDE_1.17.0/STM32CubeIDE/plugins/com.st.stm32cube.ide.mcu.externaltools.gnu-tools-for-stm32.12.3.rel1.win32_1.1.0.202410251130/tools/bin/../lib/gcc/arm-none-eabi/12.3.1/../../../../arm-none-eabi/lib/thumb/v7e-m+fp/hard\libc_nano.a(libc_a-impure.o)
                0x20000d3c                _impure_ptr
 .data._impure_data