Archive member included to satisfy reference by file (symbol)

C:/ST/STM32CubeIDE_1.17.0/STM32CubeIDE/plugins/com.st.stm32cube.ide.mcu.externaltools.gnu-tools-for-stm32.12.3.rel1.win32_1.1.0.202410251130/tools/bin/../lib/gcc/arm-none-eabi/12.3.1/../../../../arm-none-eabi/lib/thumb/v7e-m+fp/hard\libc_nano.a(libc_a-exit.o)
                              C:/ST/STM32CubeIDE_1.17.0/STM32CubeIDE/plugins/com.st.stm32cube.ide.mcu.externaltools.gnu-tools-for-stm32.12.3.rel1.win32_1.1.0.202410251130/tools/bin/../lib/gcc/arm-none-eabi/12.3.1/../../../../arm-none-eabi/lib/thumb/v7e-m+fp/hard/crt0.o (exit)
C:/ST/STM32CubeIDE_1.17.0/STM32CubeIDE/plugins/com.st.stm32cube.ide.mcu.externaltools.gnu-tools-for-stm32.12.3.rel1.win32_1.1.0.202410251130/tools/bin/../lib/gcc/arm-none-eabi/12.3.1/../../../../arm-none-eabi/lib/thumb/v7e-m+fp/hard\libc_nano.a(libc_a-nano-vfprintf_float.o)
                              (_printf_float)
C:/ST/STM32CubeIDE_1.17.0/STM32CubeIDE/plugins/com.st.stm32cube.ide.mcu.externaltools.gnu-tools-for-stm32.12.3.rel1.win32_1.1.0.202410251130/tools/bin/../lib/gcc/arm-none-eabi/12.3.1/../../../../arm-none-eabi/lib/thumb/v7e-m+fp/hard\libc_nano.a(libc_a-nano-vfprintf_i.o)
                              C:/ST/STM32CubeIDE_1.17.0/STM32CubeIDE/plugins/com.st.stm32cube.ide.mcu.externaltools.gnu-tools-for-stm32.12.3.rel1.win32_1.1.0.202410251130/tools/bin/../lib/gcc/arm-none-eabi/12.3.1/../../../../arm-none-eabi/lib/thumb/v7e-m+fp/hard\libc_nano.a(libc_a-nano-vfprintf_float.o) (_printf_common)
C:/ST/STM32CubeIDE_1.17.0/STM32CubeIDE/plugins/com.st.stm32cube.ide.mcu.externaltools.gnu-tools-for-stm32.12.3.rel1.win32_1.1.0.202410251130/tools/bin/../lib/gcc/arm-none-eabi/12.3.1/../../../../arm-none-eabi/lib/thumb/v7e-m+fp/hard\libc_nano.a(libc_a-findfp.o)
                              C:/ST/STM32CubeIDE_1.17.0/STM32CubeIDE/plugins/com.st.stm32cube.ide.mcu.externaltools.gnu-tools-for-stm32.12.3.rel1.win32_1.1.0.202410251130/tools/bin/../lib/gcc/arm-none-eabi/12.3.1/../../../../arm-none-eabi/lib/thumb/v7e-m+fp/hard\libc_nano.a(libc_a-exit.o) (__stdio_exit_handler)
C:/ST/STM32CubeIDE_1.17.0/STM32CubeIDE/plugins/com.st.stm32cube.ide.mcu.externaltools.gnu-tools-for-stm32.12.3.rel1.win32_1.1.0.202410251130/tools/bin/../lib/gcc/arm-none-eabi/12.3.1/../../../../arm-none-eabi/lib/thumb/v7e-m+fp/hard\libc_nano.a(libc_a-fwalk.o)
                              C:/ST/STM32CubeIDE_1.17.0/STM32CubeIDE/plugins/com.st.stm32cube.ide.mcu.externaltools.gnu-tools-for-stm32.12.3.rel1.win32_1.1.0.202410251130/tools/bin/../lib/gcc/arm-none-eabi/12.3.1/../../../../arm-none-eabi/lib/thumb/v7e-m+fp/hard\libc_nano.a(libc_a-findfp.o) (_fwalk_sglue)
C:/ST/STM32CubeIDE_1.17.0/STM32CubeIDE/plugins/com.st.stm32cube.ide.mcu.externaltools.gnu-tools-for-stm32.12.3.rel1.win32_1.1.0.202410251130/tools/bin/../lib/gcc/arm-none-eabi/12.3.1/../../../../arm-none-eabi/lib/thumb/v7e-m+fp/hard\libc_nano.a(libc_a-printf.o)
                              ./Core/Src/adi_spi_oa.o (printf)
C:/ST/STM32CubeIDE_1.17.0/STM32CubeIDE/plugins/com.st.stm32cube.ide.mcu.externaltools.gnu-tools-for-stm32.12.3.rel1.win32_1.1.0.202410251130/tools/bin/../lib/gcc/arm-none-eabi/12.3.1/../../../../arm-none-eabi/lib/thumb/v7e-m+fp/hard\libc_nano.a(libc_a-puts.o)
                              ./Core/Src/adi_spi_oa.o (puts)
C:/ST/STM32CubeIDE_1.17.0/STM32CubeIDE/plugins/com.st.stm32cube.ide.mcu.externaltools.gnu-tools-for-stm32.12.3.rel1.win32_1.1.0.202410251130/tools/bin/../lib/gcc/arm-none-eabi/12.3.1/../../../../arm-none-eabi/lib/thumb/v7e-m+fp/hard\libc_nano.a(libc_a-sprintf.o)
                              ./Core/Src/main.o (sprintf)
C:/ST/STM32CubeIDE_1.17.0/STM32CubeIDE/plugins/com.st.stm32cube.ide.mcu.externaltools.gnu-tools-for-stm32.12.3.rel1.win32_1.1.0.202410251130/tools/bin/../lib/gcc/arm-none-eabi/12.3.1/../../../../arm-none-eabi/lib/thumb/v7e-m+fp/hard\libc_nano.a(libc_a-stdio.o)
                              C:/ST/STM32CubeIDE_1.17.0/STM32CubeIDE/plugins/com.st.stm32cube.ide.mcu.externaltools.gnu-tools-for-stm32.12.3.rel1.win32_1.1.0.202410251130/tools/bin/../lib/gcc/arm-none-eabi/12.3.1/../../../../arm-none-eabi/lib/thumb/v7e-m+fp/hard\libc_nano.a(libc_a-findfp.o) (__sread)
C:/ST/STM32CubeIDE_1.17.0/STM32CubeIDE/plugins/com.st.stm32cube.ide.mcu.externaltools.gnu-tools-for-stm32.12.3.rel1.win32_1.1.0.202410251130/tools/bin/../lib/gcc/arm-none-eabi/12.3.1/../../../../arm-none-eabi/lib/thumb/v7e-m+fp/hard\libc_nano.a(libc_a-wbuf.o)
                              C:/ST/STM32CubeIDE_1.17.0/STM32CubeIDE/plugins/com.st.stm32cube.ide.mcu.externaltools.gnu-tools-for-stm32.12.3.rel1.win32_1.1.0.202410251130/tools/bin/../lib/gcc/arm-none-eabi/12.3.1/../../../../arm-none-eabi/lib/thumb/v7e-m+fp/hard\libc_nano.a(libc_a-puts.o) (__swbuf_r)
[...]
Memory Configuration

Name             Origin             Length             Attributes
RAM              0x20000000         0x00040000         xrw
RAM2             0x10000000         0x00010000         xrw
FLASH            0x08000000         0x00100000         xr
*default*        0x00000000         0xffffffff

Linker script and memory map

LOAD C:/ST/STM32CubeIDE_1.17.0/STM32CubeIDE/plugins/com.st.stm32cube.ide.mcu.externaltools.gnu-tools-for-stm32.12.3.rel1.win32_1.1.0.202410251130/tools/bin/../lib/gcc/arm-none-eabi/12.3.1/thumb/v7e-m+fp/hard/crti.o
LOAD C:/ST/STM32CubeIDE_1.17.0/STM32CubeIDE/plugins/com.st.stm32cube.ide.mcu.externaltools.gnu-tools-for-stm32.12.3.rel1.win32_1.1.0.202410251130/tools/bin/../lib/gcc/arm-none-eabi/12.3.1/thumb/v7e-m+fp/hard/crtbegin.o
LOAD C:/ST/STM32CubeIDE_1.17.0/STM32CubeIDE/plugins/com.st.stm32cube.ide.mcu.externaltools.gnu-tools-for-stm32.12.3.rel1.win32_1.1.0.202410251130/tools/bin/../lib/gcc/arm-none-eabi/12.3.1/../../../../arm-none-eabi/lib/thumb/v7e-m+fp/hard/crt0.o
LOAD ./Core/Src/adi_mac.o
LOAD ./Core/Src/adi_phy.o
LOAD ./Core/Src/adi_spi_oa.o
LOAD ./Core/Src/adin1110.o
LOAD ./Core/Src/boardsupport.o
LOAD ./Core/Src/dma.o
LOAD ./Core/Src/fcs.o
LOAD ./Core/Src/frames.o
LOAD ./Core/Src/gpio.o
LOAD ./Core/Src/hal.o
LOAD ./Core/Src/main.o
LOAD ./Core/Src/spi.o
LOAD ./Core/Src/stm32l4xx_hal_msp.o
LOAD ./Core/Src/stm32l4xx_it.o
LOAD ./Core/Src/syscalls.o
LOAD ./Core/Src/sysmem.o
LOAD ./Core/Src/system_stm32l4xx.o
LOAD ./Core/Src/usart.o
LOAD ./Core/Startup/startup_stm32l496zgtxp.o
LOAD ./Drivers/STM32L4xx_HAL_Driver/Src/stm32l4xx_hal.o
LOAD ./Drivers/STM32L4xx_HAL_Driver/Src/stm32l4xx_hal_cortex.o
LOAD ./Drivers/STM32L4xx_HAL_Driver/Src/stm32l4xx_hal_dma.o
LOAD ./Drivers/STM32L4xx_HAL_Driver/Src/stm32l4xx_hal_dma_ex.o
LOAD ./Drivers/STM32L4xx_HAL_Driver/Src/stm32l4xx_hal_exti.o
LOAD ./Drivers/STM32L4xx_HAL_Driver/Src/stm32l4xx_hal_flash.o
LOAD ./Drivers/STM32L4xx_HAL_Driver/Src/stm32l4xx_hal_flash_ex.o
LOAD ./Drivers/STM32L4xx_HAL_Driver/Src/stm32l4xx_hal_flash_ramfunc.o
LOAD ./Drivers/STM32L4xx_HAL_Driver/Src/stm32l4xx_hal_gpio.o
LOAD ./Drivers/STM32L4xx_HAL_Driver/Src/stm32l4xx_hal_i2c.o
LOAD ./Drivers/STM32L4xx_HAL_Driver/Src/stm32l4xx_hal_i2c_ex.o
LOAD ./Drivers/STM32L4xx_HAL_Driver/Src/stm32l4xx_hal_pwr.o
LOAD ./Drivers/STM32L4xx_HAL_Driver/Src/stm32l4xx_hal_pwr_ex.o
LOAD ./Drivers/STM32L4xx_HAL_Driver/Src/stm32l4xx_hal_rcc.o
LOAD ./Drivers/STM32L4xx_HAL_Driver/Src/stm32l4xx_hal_rcc_ex.o
LOAD ./Drivers/STM32L4xx_HAL_Driver/Src/stm32l4xx_hal_spi.o
LOAD ./Drivers/STM32L4xx_HAL_Driver/Src/stm32l4xx_hal_spi_ex.o
LOAD ./Drivers/STM32L4xx_HAL_Driver/Src/stm32l4xx_hal_uart.o
LOAD ./Drivers/STM32L4xx_HAL_Driver/Src/stm32l4xx_hal_uart_ex.o
START GROUP
LOAD C:/ST/STM32CubeIDE_1.17.0/STM32CubeIDE/plugins/com.st.stm32cube.ide.mcu.externaltools.gnu-tools-for-stm32.12.3.rel1.win32_1.1.0.202410251130/tools/bin/../lib/gcc/arm-none-eabi/12.3.1/../../../../arm-none-eabi/lib/thumb/v7e-m+fp/hard\libc_nano.a
LOAD C:/ST/STM32CubeIDE_1.17.0/STM32CubeIDE/plugins/com.st.stm32cube.ide.mcu.externaltools.gnu-tools-for-stm32.12.3.rel1.win32_1.1.0.202410251130/tools/bin/../lib/gcc/arm-none-eabi/12.3.1/../../../../arm-none-eabi/lib/thumb/v7e-m+fp/hard\libm.a
END GROUP
START GROUP
LOAD C:/ST/STM32CubeIDE_1.17.0/STM32CubeIDE/plugins/com.st.stm32cube.ide.mcu.externaltools.gnu-tools-for-stm32.12.3.rel1.win32_1.1.0.202410251130/tools/bin/../lib/gcc/arm-none-eabi/12.3.1/thumb/v7e-m+fp/hard\libgcc.a
LOAD C:/ST/STM32CubeIDE_1.17.0/STM32CubeIDE/plugins/com.st.stm32cube.ide.mcu.externaltools.gnu-tools-for-stm32.12.3.rel1.win32_1.1.0.202410251130/tools/bin/../lib/gcc/arm-none-eabi/12.3.1/../../../../arm-none-eabi/lib/thumb/v7e-m+fp/hard\libc_nano.a
END GROUP
START GROUP
LOAD C:/ST/STM32CubeIDE_1.17.0/STM32CubeIDE/plugins/com.st.stm32cube.ide.mcu.externaltools.gnu-tools-for-stm32.12.3.rel1.win32_1.1.0.202410251130/tools/bin/../lib/gcc/arm-none-eabi/12.3.1/thumb/v7e-m+fp/hard\libgcc.a
LOAD C:/ST/STM32CubeIDE_1.17.0/STM32CubeIDE/plugins/com.st.stm32cube.ide.mcu.externaltools.gnu-tools-for-stm32.12.3.rel1.win32_1.1.0.202410251130/tools/bin/../lib/gcc/arm-none-eabi/12.3.1/../../../../arm-none-eabi/lib/thumb/v7e-m+fp/hard\libc_nano.a
LOAD C:/ST/STM32CubeIDE_1.17.0/STM32CubeIDE/plugins/com.st.stm32cube.ide.mcu.externaltools.gnu-tools-for-stm32.12.3.rel1.win32_1.1.0.202410251130/tools/bin/../lib/gcc/arm-none-eabi/12.3.1/../../../../arm-none-eabi/lib/thumb/v7e-m+fp/hard\libnosys.a
END GROUP
START GROUP
LOAD C:/ST/STM32CubeIDE_1.17.0/STM32CubeIDE/plugins/com.st.stm32cube.ide.mcu.externaltools.gnu-tools-for-stm32.12.3.rel1.win32_1.1.0.202410251130/tools/bin/../lib/gcc/arm-none-eabi/12.3.1/thumb/v7e-m+fp/hard\libgcc.a
LOAD C:/ST/STM32CubeIDE_1.17.0/STM32CubeIDE/plugins/com.st.stm32cube.ide.mcu.externaltools.gnu-tools-for-stm32.12.3.rel1.win32_1.1.0.202410251130/tools/bin/../lib/gcc/arm-none-eabi/12.3.1/../../../../arm-none-eabi/lib/thumb/v7e-m+fp/hard\libc_nano.a
LOAD C:/ST/STM32CubeIDE_1.17.0/STM32CubeIDE/plugins/com.st.stm32cube.ide.mcu.externaltools.gnu-tools-for-stm32.12.3.rel1.win32_1.1.0.202410251130/tools/bin/../lib/gcc/arm-none-eabi/12.3.1/../../../../arm-none-eabi/lib/thumb/v7e-m+fp/hard\libnosys.a
END GROUP
LOAD C:/ST/STM32CubeIDE_1.17.0/STM32CubeIDE/plugins/com.st.stm32cube.ide.mcu.externaltools.gnu-tools-for-stm32.12.3.rel1.win32_1.1.0.202410251130/tools/bin/../lib/gcc/arm-none-eabi/12.3.1/thumb/v7e-m+fp/hard/crtend.o
LOAD C:/ST/STM32CubeIDE_1.17.0/STM32CubeIDE/plugins/com.st.stm32cube.ide.mcu.externaltools.gnu-tools-for-stm32.12.3.rel1.win32_1.1.0.202410251130/tools/bin/../lib/gcc/arm-none-eabi/12.3.1/thumb/v7e-m+fp/hard/crtn.o
                0x20040000                        _estack = (ORIGIN (RAM) + LENGTH (RAM))
                0x00000200                        _Min_Heap_Size = 0x200
                0x00000400                        _Min_Stack_Size = 0x400

.isr_vector     0x08000000      0x1ac
                0x08000000                        . = ALIGN (0x4)
 *(.isr_vector)
 .isr_vector    0x08000000      0x1ac ./Core/Startup/startup_stm32l496zgtxp.o
                0x08000000                g_pfnVectors
                0x080001ac                        . = ALIGN (0x4)

.text           0x080001b0     0xe390
                0x080001b0                        . = ALIGN (0x4)
 *(.text)
 .text          0x080001b0       0x40 C:/ST/STM32CubeIDE_1.17.0/STM32CubeIDE/plugins/com.st.stm32cube.ide.mcu.externaltools.gnu-tools-for-stm32.12.3.rel1.win32_1.1.0.202410251130/tools/bin/../lib/gcc/arm-none-eabi/12.3.1/thumb/v7e-m+fp/hard/crtbegin.o
 .text          0x080001f0       0xa0 C:/ST/STM32CubeIDE_1.17.0/STM32CubeIDE/plugins/com.st.stm32cube.ide.mcu.externaltools.gnu-tools-for-stm32.12.3.rel1.win32_1.1.0.202410251130/tools/bin/../lib/gcc/arm-none-eabi/12.3.1/../../../../arm-none-eabi/lib/thumb/v7e-m+fp/hard\libc_nano.a(libc_a-memchr.o)
                0x080001f0                memchr
 .text          0x08000290       0x10 C:/ST/STM32CubeIDE_1.17.0/STM32CubeIDE/plugins/com.st.stm32cube.ide.mcu.externaltools.gnu-tools-for-stm32.12.3.rel1.win32_1.1.0.202410251130/tools/bin/../lib/gcc/arm-none-eabi/12.3.1/../../../../arm-none-eabi/lib/thumb/v7e-m+fp/hard\libc_nano.a(libc_a-strlen.o)
                0x08000290                strlen
 .text          0x080002a0      0x378 C:/ST/STM32CubeIDE_1.17.0/STM32CubeIDE/plugins/com.st.stm32cube.ide.mcu.externaltools.gnu-tools-for-stm32.12.3.rel1.win32_1.1.0.202410251130/tools/bin/../lib/gcc/arm-none-eabi/12.3.1/thumb/v7e-m+fp/hard\libgcc.a(_arm_addsubdf3.o)
                0x080002a0                __aeabi_drsub
                0x080002a8                __aeabi_dsub
                0x080002a8                __subdf3
                0x080002ac                __aeabi_dadd
                0x080002ac                __adddf3
                0x08000524                __floatunsidf
                0x08000524                __aeabi_ui2d
                0x08000544                __floatsidf
                0x08000544                __aeabi_i2d
                0x08000568                __aeabi_f2d
                0x08000568                __extendsfdf2
                0x080005ac                __floatundidf
                0x080005ac                __aeabi_ul2d
                0x080005bc                __floatdidf
                0x080005bc                __aeabi_l2d
 .text          0x08000618      0x424 C:/ST/STM32CubeIDE_1.17.0/STM32CubeIDE/plugins/com.st.stm32cube.ide.mcu.externaltools.gnu-tools-for-stm32.12.3.rel1.win32_1.1.0.202410251130/tools/bin/../lib/gcc/arm-none-eabi/12.3.1/thumb/v7e-m+fp/hard\libgcc.a(_arm_muldivdf3.o)
                0x08000618                __aeabi_dmul
                0x08000618                __muldf3
                0x0800086c                __divdf3
                0x0800086c                __aeabi_ddiv
 .text          0x08000a3c      0x110 C:/ST/STM32CubeIDE_1.17.0/STM32CubeIDE/plugins/com.st.stm32cube.ide.mcu.externaltools.gnu-tools-for-stm32.12.3.rel1.win32_1.1.0.202410251130/tools/bin/../lib/gcc/arm-none-eabi/12.3.1/thumb/v7e-m+fp/hard\libgcc.a(_arm_cmpdf2.o)
                0x08000a3c                __gtdf2
                0x08000a3c                __gedf2
                0x08000a44                __ltdf2
                0x08000a44                __ledf2
                0x08000a4c                __nedf2
                0x08000a4c                __eqdf2
                0x08000a4c                __cmpdf2
                0x08000ac8                __aeabi_cdrcmple
                0x08000ad8                __aeabi_cdcmpeq
                0x08000ad8                __aeabi_cdcmple
                0x08000ae8                __aeabi_dcmpeq
                0x08000afc                __aeabi_dcmplt
                0x08000b10                __aeabi_dcmple
                0x08000b24                __aeabi_dcmpge
                0x08000b38                __aeabi_dcmpgt
 .text          0x08000b4c       0x2c C:/ST/STM32CubeIDE_1.17.0/STM32CubeIDE/plugins/com.st.stm32cube.ide.mcu.externaltools.gnu-tools-for-stm32.12.3.rel1.win32_1.1.0.202410251130/tools/bin/../lib/gcc/arm-none-eabi/12.3.1/thumb/v7e-m+fp/hard\libgcc.a(_arm_unorddf2.o)
                0x08000b4c                __unorddf2
                0x08000b4c                __aeabi_dcmpun
 .text          0x08000b78       0x50 C:/ST/STM32CubeIDE_1.17.0/STM32CubeIDE/plugins/com.st.stm32cube.ide.mcu.externaltools.gnu-tools-for-stm32.12.3.rel1.win32_1.1.0.202410251130/tools/bin/../lib/gcc/arm-none-eabi/12.3.1/thumb/v7e-m+fp/hard\libgcc.a(_arm_fixdfsi.o)
                0x08000b78                __aeabi_d2iz
                0x08000b78                __fixdfsi
 .text          0x08000bc8       0x40 C:/ST/STM32CubeIDE_1.17.0/STM32CubeIDE/plugins/com.st.stm32cube.ide.mcu.externaltools.gnu-tools-for-stm32.12.3.rel1.win32_1.1.0.202410251130/tools/bin/../lib/gcc/arm-none-eabi/12.3.1/thumb/v7e-m+fp/hard\libgcc.a(_arm_fixunsdfsi.o)
                0x08000bc8                __aeabi_d2uiz
                0x08000bc8                __fixunsdfsi
 .text          0x08000c08       0xa0 C:/ST/STM32CubeIDE_1.17.0/STM32CubeIDE/plugins/com.st.stm32cube.ide.mcu.externaltools.gnu-tools-for-stm32.12.3.rel1.win32_1.1.0.202410251130/tools/bin/../lib/gcc/arm-none-eabi/12.3.1/thumb/v7e-m+fp/hard\libgcc.a(_aeabi_ldivmod.o)
                0x08000c08                __aeabi_ldivmod
 .text          0x08000ca8       0x30 C:/ST/STM32CubeIDE_1.17.0/STM32CubeIDE/plugins/com.st.stm32cube.ide.mcu.externaltools.gnu-tools-for-stm32.12.3.rel1.win32_1.1.0.202410251130/tools/bin/../lib/gcc/arm-none-eabi/12.3.1/thumb/v7e-m+fp/hard\libgcc.a(_aeabi_uldivmod.o)
                0x08000ca8                __aeabi_uldivmod
 .text          0x08000cd8      0x2bc C:/ST/STM32CubeIDE_1.17.0/STM32CubeIDE/plugins/com.st.stm32cube.ide.mcu.externaltools.gnu-tools-for-stm32.12.3.rel1.win32_1.1.0.202410251130/tools/bin/../lib/gcc/arm-none-eabi/12.3.1/thumb/v7e-m+fp/hard\libgcc.a(_udivmoddi4.o)
                0x08000cd8                __udivmoddi4
 .text          0x08000f94        0x4 C:/ST/STM32CubeIDE_1.17.0/STM32CubeIDE/plugins/com.st.stm32cube.ide.mcu.externaltools.gnu-tools-for-stm32.12.3.rel1.win32_1.1.0.202410251130/tools/bin/../lib/gcc/arm-none-eabi/12.3.1/thumb/v7e-m+fp/hard\libgcc.a(_dvmd_tls.o)
                0x08000f94                __aeabi_idiv0
                0x08000f94                __aeabi_ldiv0
 *(.text*)
 .text.queueInit
                0x08000f98       0x62 ./Core/Src/adi_mac.o
                0x08000f98                queueInit
 .text.queueCount
                0x08000ffa       0x44 ./Core/Src/adi_mac.o
 .text.queueIsFull
                0x0800103e       0x28 ./Core/Src/adi_mac.o
                0x0800103e                queueIsFull
 .text.queueIsEmpty
                0x08001066       0x2e ./Core/Src/adi_mac.o
                0x08001066                queueIsEmpty
 .text.queueAdd
                0x08001094       0x36 ./Core/Src/adi_mac.o
                0x08001094                queueAdd
 .text.queueRemove
                0x080010ca       0x36 ./Core/Src/adi_mac.o
                0x080010ca                queueRemove
 .text.macCallback
                0x08001100       0x1e ./Core/Src/adi_mac.o
 *fill*         0x0800111e        0x2 
 .text.MAC_Init
                0x08001120      0x1e0 ./Core/Src/adi_mac.o
 .text.macInit  0x08001300      0x17c ./Core/Src/adi_mac.o
 .text.MAC_UnInit
                0x0800147c       0x2c ./Core/Src/adi_mac.o
 .text.MAC_Reset
                0x080014a8       0xe8 ./Core/Src/adi_mac.o
 .text.MAC_RegisterCallback
                0x08001590       0xda ./Core/Src/adi_mac.o
 *fill*         0x0800166a        0x2 
 .text.MAC_ReadRegister
                0x0800166c       0xec ./Core/Src/adi_mac.o
                0x0800166c                MAC_ReadRegister
 .text.MAC_WriteRegister
                0x08001758       0xec ./Core/Src/adi_mac.o
                0x08001758                MAC_WriteRegister
 .text.waitMdioReady
                0x08001844       0x7e ./Core/Src/adi_mac.o
 *fill*         0x080018c2        0x2 
 .text.waitDeviceReady
                0x080018c4       0xe4 ./Core/Src/adi_mac.o
 .text.MAC_PhyRead
                0x080019a8       0xd4 ./Core/Src/adi_mac.o
 .text.MAC_PhyWrite
                0x08001a7c       0xbc ./Core/Src/adi_mac.o
 .text.MAC_SubmitTxBuffer
                0x08001b38      0x122 ./Core/Src/adi_mac.o
 .text.MAC_SubmitRxBuffer
                0x08001c5a       0xa8 ./Core/Src/adi_mac.o
 .text.MAC_ProcessTxQueue
                0x08001d02       0x76 ./Core/Src/adi_mac.o
 .text.MAC_GetStatCounters
                0x08001d78      0x1fc ./Core/Src/adi_mac.o
 .text.MAC_AddAddressFilter
                0x08001f74      0x1c8 ./Core/Src/adi_mac.o
 .text.MAC_ClearAddressFilter
                0x0800213c       0x84 ./Core/Src/adi_mac.o
 .text.MAC_GetLinkStatus
                0x080021c0       0x44 ./Core/Src/adi_mac.o
 .text.MAC_SetChunkSize
                0x08002204       0x94 ./Core/Src/adi_mac.o
                0x08002204                MAC_SetChunkSize
 .text.MAC_GetChunkSize
                0x08002298       0x60 ./Core/Src/adi_mac.o
                0x08002298                MAC_GetChunkSize
 .text.MAC_SetCutThroughMode
                0x080022f8       0x7e ./Core/Src/adi_mac.o
                0x080022f8                MAC_SetCutThroughMode
 .text.MAC_GetCutThroughMode
                0x08002376       0x6e ./Core/Src/adi_mac.o
                0x08002376                MAC_GetCutThroughMode
 .text.MAC_SetFifoSizes
                0x080023e4       0x36 ./Core/Src/adi_mac.o
                0x080023e4                MAC_SetFifoSizes
 .text.MAC_GetFifoSizes
                0x0800241a       0x1e ./Core/Src/adi_mac.o
                0x0800241a                MAC_GetFifoSizes
 .text.MAC_ClearFifos
                0x08002438       0x34 ./Core/Src/adi_mac.o
                0x08002438                MAC_ClearFifos
 .text.MAC_SetPromiscuousMode
                0x0800246c       0x6c ./Core/Src/adi_mac.o
 .text.MAC_GetPromiscuousMode
                0x080024d8       0x50 ./Core/Src/adi_mac.o
 .text.MAC_TsEnable
                0x08002528      0x118 ./Core/Src/adi_mac.o
                0x08002528                MAC_TsEnable
 .text.MAC_TsClear
                0x08002640       0x4a ./Core/Src/adi_mac.o
                0x08002640                MAC_TsClear
 .text.MAC_TsTimerStart
                0x0800268a      0x132 ./Core/Src/adi_mac.o
                0x0800268a                MAC_TsTimerStart
 .text.MAC_TsTimerStop
                0x080027bc       0x4a ./Core/Src/adi_mac.o
                0x080027bc                MAC_TsTimerStop
 *fill*         0x08002806        0x2 
 .text.MAC_TsConvert
                0x08002808       0xfc ./Core/Src/adi_mac.o
                0x08002808                MAC_TsConvert
 .text.MAC_TsGetExtCaptTimestamp
                0x08002904       0xba ./Core/Src/adi_mac.o
                0x08002904                MAC_TsGetExtCaptTimestamp
 .text.MAC_TsGetEgressTimestamp
                0x080029be       0xc0 ./Core/Src/adi_mac.o
                0x080029be                MAC_TsGetEgressTimestamp
 *fill*         0x08002a7e        0x2 
 .text.MAC_TsSetTimerAbsolute
                0x08002a80       0xb0 ./Core/Src/adi_mac.o
                0x08002a80                MAC_TsSetTimerAbsolute
 .text.MAC_TsSyncClock
                0x08002b30      0x10a ./Core/Src/adi_mac.o
                0x08002b30                MAC_TsSyncClock
 *fill*         0x08002c3a        0x2 
 .text.MAC_TsSubtract
                0x08002c3c       0xe8 ./Core/Src/adi_mac.o
                0x08002c3c                MAC_TsSubtract
 .text.MAC_SyncConfig
                0x08002d24       0x60 ./Core/Src/adi_mac.o
 .text.MAC_CalculateParity
                0x08002d84       0x74 ./Core/Src/adi_mac.o
                0x08002d84                MAC_CalculateParity
 .text.PHY_Init
                0x08002df8       0xbc ./Core/Src/adi_phy.o
 .text.PHY_UnInit
                0x08002eb4       0x2c ./Core/Src/adi_phy.o
 .text.PHY_ReInitPhy
                0x08002ee0       0x18 ./Core/Src/adi_phy.o
 .text.phyInit  0x08002ef8      0x17c ./Core/Src/adi_phy.o
 .text.PHY_RegisterCallback
                0x08003074       0x78 ./Core/Src/adi_phy.o
 .text.irqCb    0x080030ec       0x36 ./Core/Src/adi_phy.o
 *fill*         0x08003122        0x2 
 .text.PHY_ReadIrqStatus
                0x08003124       0x7c ./Core/Src/adi_phy.o
 .text.PHY_AnAdvTxMode
                0x080031a0       0x90 ./Core/Src/adi_phy.o
 .text.PHY_AnAdvMstSlvCfg
                0x08003230       0xd4 ./Core/Src/adi_phy.o
 .text.PHY_AnEnable
                0x08003304       0x50 ./Core/Src/adi_phy.o
 .text.PHY_Renegotiate
                0x08003354       0x40 ./Core/Src/adi_phy.o
 .text.PHY_GetAnStatus
                0x08003394      0x114 ./Core/Src/adi_phy.o
 .text.PHY_GetCapabilities
                0x080034a8       0x80 ./Core/Src/adi_phy.o
 .text.setSoftwarePowerdown
                0x08003528       0x9c ./Core/Src/adi_phy.o
 .text.PHY_EnterSoftwarePowerdown
                0x080035c4       0x1a ./Core/Src/adi_phy.o
 .text.PHY_ExitSoftwarePowerdown
                0x080035de       0x1a ./Core/Src/adi_phy.o
 .text.PHY_GetSoftwarePowerdown
                0x080035f8       0x60 ./Core/Src/adi_phy.o
 .text.PHY_GetLinkStatus
                0x08003658       0x94 ./Core/Src/adi_phy.o
 .text.phyStaticConfig
                0x080036ec      0x294 ./Core/Src/adi_phy.o
 .text.PHY_Reset
                0x08003980       0x64 ./Core/Src/adi_phy.o
 .text.PHY_SetLoopbackMode
                0x080039e4      0x248 ./Core/Src/adi_phy.o
 .text.PHY_SetTestMode
                0x08003c2c      0x198 ./Core/Src/adi_phy.o
 .text.PHY_LedEn
                0x08003dc4       0x8c ./Core/Src/adi_phy.o
 .text.PHY_LedBlinkTime
                0x08003e50       0x88 ./Core/Src/adi_phy.o
 .text.PHY_Write
                0x08003ed8       0x4a ./Core/Src/adi_phy.o
 .text.PHY_Read
                0x08003f22       0x48 ./Core/Src/adi_phy.o
 *fill*         0x08003f6a        0x2 
 .text.PHY_GetMseLinkQuality
                0x08003f6c       0x9c ./Core/Src/adi_phy.o
 .text.PHY_FrameGenEn
                0x08004008       0xb0 ./Core/Src/adi_phy.o
 .text.PHY_FrameGenSetMode
                0x080040b8       0x30 ./Core/Src/adi_phy.o
 .text.PHY_FrameGenSetFrameCnt
                0x080040e8       0x58 ./Core/Src/adi_phy.o
 .text.PHY_FrameGenSetFramePayload
                0x08004140       0x44 ./Core/Src/adi_phy.o
 .text.PHY_FrameGenSetFrameLen
                0x08004184       0x30 ./Core/Src/adi_phy.o
 .text.PHY_FrameGenSetIfgLen
                0x080041b4       0x30 ./Core/Src/adi_phy.o
 .text.PHY_FrameGenRestart
                0x080041e4       0x70 ./Core/Src/adi_phy.o
 .text.PHY_FrameGenDone
                0x08004254       0x4c ./Core/Src/adi_phy.o
 .text.PHY_FrameChkEn
                0x080042a0       0x40 ./Core/Src/adi_phy.o
 .text.PHY_FrameChkSourceSelect
                0x080042e0       0x30 ./Core/Src/adi_phy.o
 .text.PHY_FrameChkReadFrameCnt
                0x08004310       0x6c ./Core/Src/adi_phy.o
 .text.PHY_FrameChkReadRxErrCnt
                0x0800437c       0x2c ./Core/Src/adi_phy.o
 .text.PHY_FrameChkReadErrorCnt
                0x080043a8      0x110 ./Core/Src/adi_phy.o
 .text.checkIdentity
                0x080044b8       0x94 ./Core/Src/adi_phy.o
 .text.oaIrqHandler
                0x0800454c       0x2a ./Core/Src/adi_spi_oa.o
                0x0800454c                oaIrqHandler
 .text.spiCallback
                0x08004576       0x1e ./Core/Src/adi_spi_oa.o
                0x08004576                spiCallback
 .text.oaStateMachine
                0x08004594      0xf00 ./Core/Src/adi_spi_oa.o
                0x08004594                oaStateMachine
 .text.oaPhyRegReadStart
                0x08005494       0xe6 ./Core/Src/adi_spi_oa.o
 .text.oaPhyRegReadStep
                0x0800557a       0xac ./Core/Src/adi_spi_oa.o
 .text.oaSpiIntHandle
                0x08005626      0x17e ./Core/Src/adi_spi_oa.o
 .text.oaSpiProcess
                0x080057a4      0x1a0 ./Core/Src/adi_spi_oa.o
 .text.oaCreateNextChunk
                0x08005944      0x2a2 ./Core/Src/adi_spi_oa.o
 .text.oaCtrlSetup
                0x08005be6       0x72 ./Core/Src/adi_spi_oa.o
 .text.oaCtrlCmdHeader
                0x08005c58       0xaa ./Core/Src/adi_spi_oa.o
 .text.oaCtrlCmdReadData
                0x08005d02       0x76 ./Core/Src/adi_spi_oa.o
 .text.oaCtrlCmdWriteData
                0x08005d78       0x6a ./Core/Src/adi_spi_oa.o
 .text.MAC_SendFrame
                0x08005de2       0x28 ./Core/Src/adi_spi_oa.o
                0x08005de2                MAC_SendFrame
 *fill*         0x08005e0a        0x2 
 .text.PhyWrite
                0x08005e0c       0x38 ./Core/Src/adin1110.o
 .text.PhyRead  0x08005e44       0x34 ./Core/Src/adin1110.o
 .text.adin1110_Init
                0x08005e78       0xcc ./Core/Src/adin1110.o
                0x08005e78                adin1110_Init
 .text.adin1110_UnInit
                0x08005f44       0x64 ./Core/Src/adin1110.o
                0x08005f44                adin1110_UnInit
 .text.adin1110_Enable
                0x08005fa8       0x2c ./Core/Src/adin1110.o
                0x08005fa8                adin1110_Enable
 .text.adin1110_SyncConfig
                0x08005fd4       0x24 ./Core/Src/adin1110.o
                0x08005fd4                adin1110_SyncConfig
 .text.adin1110_GetLinkStatus
                0x08005ff8       0x28 ./Core/Src/adin1110.o
                0x08005ff8                adin1110_GetLinkStatus
 .text.adin1110_GetStatCounters
                0x08006020       0x28 ./Core/Src/adin1110.o
                0x08006020                adin1110_GetStatCounters
 .text.adin1110_AddAddressFilter
                0x08006048       0x50 ./Core/Src/adin1110.o
                0x08006048                adin1110_AddAddressFilter
 .text.adin1110_SubmitTxBuffer
                0x08006098       0x44 ./Core/Src/adin1110.o
                0x08006098                adin1110_SubmitTxBuffer
 .text.adin1110_SubmitRxBuffer
                0x080060dc       0x28 ./Core/Src/adin1110.o
                0x080060dc                adin1110_SubmitRxBuffer
 .text.adin1110_RegisterCallback
                0x08006104       0x2c ./Core/Src/adin1110.o
                0x08006104                adin1110_RegisterCallback
 .text.adin1110_WriteRegister
                0x08006130       0x2c ./Core/Src/adin1110.o
                0x08006130                adin1110_WriteRegister
 .text.adin1110_ReadRegister
                0x0800615c       0x2c ./Core/Src/adin1110.o
                0x0800615c                adin1110_ReadRegister
 .text.adin1110_HandleInterrupt
                0x08006188      0x180 ./Core/Src/adin1110.o
                0x08006188                adin1110_HandleInterrupt
 .text.BSP_delayMs
                0x08006308       0x2e ./Core/Src/boardsupport.o
                0x08006308                BSP_delayMs
 *fill*         0x08006336        0x2 
 .text.BSP_HWReset
                0x08006338       0x3c ./Core/Src/boardsupport.o
                0x08006338                BSP_HWReset
 .text.bspLedSet
                0x08006374       0x38 ./Core/Src/boardsupport.o
 .text.bspLedToggle
                0x080063ac       0x1e ./Core/Src/boardsupport.o
 *fill*         0x080063ca        0x2 
 .text.BSP_HeartBeat
                0x080063cc       0x18 ./Core/Src/boardsupport.o
                0x080063cc                BSP_HeartBeat
 .text.BSP_ErrorLed
                0x080063e4       0x24 ./Core/Src/boardsupport.o
                0x080063e4                BSP_ErrorLed
 .text.BSP_spi2_write_and_read
                0x08006408       0x4c ./Core/Src/boardsupport.o
                0x08006408                BSP_spi2_write_and_read
 .text.msgWrite
                0x08006454       0x32 ./Core/Src/boardsupport.o
                0x08006454                msgWrite
 .text.BSP_SysNow
                0x08006486        0xe ./Core/Src/boardsupport.o
                0x08006486                BSP_SysNow
 .text.BSP_InitSystem
                0x08006494       0x36 ./Core/Src/boardsupport.o
                0x08006494                BSP_InitSystem
 *fill*         0x080064ca        0x2 
 .text.common_Fail
                0x080064cc       0x50 ./Core/Src/boardsupport.o
                0x080064cc                common_Fail
 .text.common_Perf
                0x0800651c       0x38 ./Core/Src/boardsupport.o
                0x0800651c                common_Perf
 .text.BSP_RegisterIRQCallback
                0x08006554       0x2e ./Core/Src/boardsupport.o
                0x08006554                BSP_RegisterIRQCallback
 *fill*         0x08006582        0x2 
 .text.BSP_spi2_register_callback
                0x08006584       0x44 ./Core/Src/boardsupport.o
                0x08006584                BSP_spi2_register_callback
 .text.ADIN1110_CS_Select
                0x080065c8       0x18 ./Core/Src/boardsupport.o
                0x080065c8                ADIN1110_CS_Select
 .text.ADIN1110_CS_Deselect
                0x080065e0       0x18 ./Core/Src/boardsupport.o
                0x080065e0                ADIN1110_CS_Deselect
 .text.MX_DMA_Init
                0x080065f8       0x4c ./Core/Src/dma.o
                0x080065f8                MX_DMA_Init
 .text.HAL_FcsInit
                0x08006644       0x10 ./Core/Src/fcs.o
                0x08006644                HAL_FcsInit
 .text.HAL_FcsCalculate
                0x08006654       0x54 ./Core/Src/fcs.o
                0x08006654                HAL_FcsCalculate
 .text.MX_GPIO_Init
                0x080066a8      0x198 ./Core/Src/gpio.o
                0x080066a8                MX_GPIO_Init
 .text.HAL_INT_N_DisableIRQ
                0x08006840        0xe ./Core/Src/gpio.o
                0x08006840                HAL_INT_N_DisableIRQ
 .text.HAL_INT_N_EnableIRQ
                0x0800684e       0x18 ./Core/Src/gpio.o
                0x0800684e                HAL_INT_N_EnableIRQ
 *fill*         0x08006866        0x2 
 .text.MX_Led_Toggle
                0x08006868       0x14 ./Core/Src/gpio.o
                0x08006868                MX_Led_Toggle
 .text.__NVIC_GetEnableIRQ
                0x0800687c       0x40 ./Core/Src/hal.o
 .text.HAL_DisableIrq
                0x080068bc        0xe ./Core/Src/hal.o
                0x080068bc                HAL_DisableIrq
 .text.HAL_EnableIrq
                0x080068ca        0xe ./Core/Src/hal.o
                0x080068ca                HAL_EnableIrq
 .text.HAL_GetEnableIrq
                0x080068d8       0x10 ./Core/Src/hal.o
                0x080068d8                HAL_GetEnableIrq
 .text.HAL_RegisterCallback
                0x080068e8       0x1c ./Core/Src/hal.o
                0x080068e8                HAL_RegisterCallback
 .text.HAL_SpiReadWrite
                0x08006904       0x24 ./Core/Src/hal.o
                0x08006904                HAL_SpiReadWrite
 .text.HAL_SpiRegisterCallback
                0x08006928       0x1e ./Core/Src/hal.o
                0x08006928                HAL_SpiRegisterCallback
 .text.HAL_Init_Hook
                0x08006946       0x10 ./Core/Src/hal.o
                0x08006946                HAL_Init_Hook
 .text.HAL_UnInit_Hook
                0x08006956       0x10 ./Core/Src/hal.o
                0x08006956                HAL_UnInit_Hook
 *fill*         0x08006966        0x2 
 .text.txCallback
                0x08006968       0x98 ./Core/Src/main.o
 .text.rxCallback
                0x08006a00       0x60 ./Core/Src/main.o
 .text.cbLinkChange
                0x08006a60       0x68 ./Core/Src/main.o
                0x08006a60                cbLinkChange
 .text.printStats
                0x08006ac8      0x378 ./Core/Src/main.o
                0x08006ac8                printStats
 .text.main     0x08006e40      0x7b4 ./Core/Src/main.o
                0x08006e40                main
 .text.SystemClock_Config
                0x080075f4       0xa2 ./Core/Src/main.o
                0x080075f4                SystemClock_Config
 *fill*         0x08007696        0x2 
 .text.HAL_GPIO_EXTI_Callback
                0x08007698       0x5c ./Core/Src/main.o
                0x08007698                HAL_GPIO_EXTI_Callback
 .text.Error_Handler
                0x080076f4        0xc ./Core/Src/main.o
                0x080076f4                Error_Handler
 .text.MX_SPI1_Init
                0x08007700       0x7c ./Core/Src/spi.o
                0x08007700                MX_SPI1_Init
 .text.HAL_SPI_MspInit
                0x0800777c      0x14c ./Core/Src/spi.o
                0x0800777c                HAL_SPI_MspInit
 .text.HAL_SPI_TxRxCpltCallback
                0x080078c8       0x64 ./Core/Src/spi.o
                0x080078c8                HAL_SPI_TxRxCpltCallback
 .text.HAL_MspInit
                0x0800792c       0x48 ./Core/Src/stm32l4xx_hal_msp.o
                0x0800792c                HAL_MspInit
 .text.NMI_Handler
                0x08007974        0x8 ./Core/Src/stm32l4xx_it.o
                0x08007974                NMI_Handler
 .text.HardFault_Handler
                0x0800797c        0x8 ./Core/Src/stm32l4xx_it.o
                0x0800797c                HardFault_Handler
 .text.MemManage_Handler
                0x08007984        0x8 ./Core/Src/stm32l4xx_it.o
                0x08007984                MemManage_Handler
 .text.BusFault_Handler
                0x0800798c        0x8 ./Core/Src/stm32l4xx_it.o
                0x0800798c                BusFault_Handler
 .text.UsageFault_Handler
                0x08007994        0x8 ./Core/Src/stm32l4xx_it.o
                0x08007994                UsageFault_Handler
 .text.SVC_Handler
                0x0800799c        0xe ./Core/Src/stm32l4xx_it.o
                0x0800799c                SVC_Handler
 .text.DebugMon_Handler
                0x080079aa        0xe ./Core/Src/stm32l4xx_it.o
                0x080079aa                DebugMon_Handler
 .text.PendSV_Handler
                0x080079b8        0xe ./Core/Src/stm32l4xx_it.o
                0x080079b8                PendSV_Handler
 .text.SysTick_Handler
                0x080079c6        0xc ./Core/Src/stm32l4xx_it.o
                0x080079c6                SysTick_Handler
 *fill*         0x080079d2        0x2 
 .text.DMA1_Channel2_IRQHandler
                0x080079d4       0x1c ./Core/Src/stm32l4xx_it.o
                0x080079d4                DMA1_Channel2_IRQHandler
 .text.DMA1_Channel3_IRQHandler
                0x080079f0       0x1c ./Core/Src/stm32l4xx_it.o
                0x080079f0                DMA1_Channel3_IRQHandler
 .text.SPI1_IRQHandler
                0x08007a0c       0x14 ./Core/Src/stm32l4xx_it.o
                0x08007a0c                SPI1_IRQHandler
 .text.EXTI15_10_IRQHandler
                0x08007a20       0x18 ./Core/Src/stm32l4xx_it.o
                0x08007a20                EXTI15_10_IRQHandler
 .text._getpid  0x08007a38       0x10 ./Core/Src/syscalls.o
                0x08007a38                _getpid
 .text._kill    0x08007a48       0x20 ./Core/Src/syscalls.o
                0x08007a48                _kill
 .text._exit    0x08007a68       0x16 ./Core/Src/syscalls.o
                0x08007a68                _exit
 .text._read    0x08007a7e       0x3a ./Core/Src/syscalls.o
                0x08007a7e                _read
 .text._write   0x08007ab8       0x40 ./Core/Src/syscalls.o
                0x08007ab8                _write
 .text._close   0x08007af8       0x18 ./Core/Src/syscalls.o
                0x08007af8                _close
 .text._fstat   0x08007b10       0x20 ./Core/Src/syscalls.o
                0x08007b10                _fstat
 .text._isatty  0x08007b30       0x16 ./Core/Src/syscalls.o
                0x08007b30                _isatty
 .text._lseek   0x08007b46       0x1a ./Core/Src/syscalls.o
                0x08007b46                _lseek
 .text._sbrk    0x08007b60       0x6c ./Core/Src/sysmem.o
                0x08007b60                _sbrk
 .text.SystemInit
                0x08007bcc       0x24 ./Core/Src/system_stm32l4xx.o
                0x08007bcc                SystemInit
 .text.MX_LPUART1_UART_Init
                0x08007bf0       0x58 ./Core/Src/usart.o
                0x08007bf0                MX_LPUART1_UART_Init
 .text.HAL_UART_MspInit
                0x08007c48       0xc0 ./Core/Src/usart.o
                0x08007c48                HAL_UART_MspInit
 .text.submitTxBuffer
                0x08007d08       0x28 ./Core/Src/usart.o
                0x08007d08                submitTxBuffer
 .text.Reset_Handler
                0x08007d30       0x50 ./Core/Startup/startup_stm32l496zgtxp.o
                0x08007d30                Reset_Handler
 .text.Default_Handler
                0x08007d80        0x2 ./Core/Startup/startup_stm32l496zgtxp.o
                0x08007d80                RTC_Alarm_IRQHandler
                0x08007d80                EXTI2_IRQHandler
                0x08007d80                TIM8_TRG_COM_IRQHandler
                0x08007d80                TIM8_CC_IRQHandler
                0x08007d80                TIM1_CC_IRQHandler
                0x08007d80                TSC_IRQHandler
                0x08007d80                TAMP_STAMP_IRQHandler
                0x08007d80                CAN2_RX1_IRQHandler
                0x08007d80                EXTI3_IRQHandler
                0x08007d80                LPTIM2_IRQHandler
                0x08007d80                DFSDM1_FLT1_IRQHandler
                0x08007d80                I2C3_ER_IRQHandler
                0x08007d80                DFSDM1_FLT2_IRQHandler
                0x08007d80                EXTI0_IRQHandler
                0x08007d80                I2C2_EV_IRQHandler
                0x08007d80                CAN1_RX0_IRQHandler
                0x08007d80                FPU_IRQHandler
                0x08007d80                TIM1_UP_TIM16_IRQHandler
                0x08007d80                CAN2_SCE_IRQHandler
                0x08007d80                ADC1_2_IRQHandler
                0x08007d80                TIM6_DAC_IRQHandler
                0x08007d80                DCMI_IRQHandler
                0x08007d80                CAN2_RX0_IRQHandler
                0x08007d80                TIM8_UP_IRQHandler
                0x08007d80                DMA2_Channel2_IRQHandler
                0x08007d80                DMA1_Channel4_IRQHandler
                0x08007d80                SAI2_IRQHandler
                0x08007d80                DFSDM1_FLT3_IRQHandler
                0x08007d80                USART3_IRQHandler
                0x08007d80                DMA1_Channel7_IRQHandler
                0x08007d80                CAN1_RX1_IRQHandler
                0x08007d80                LCD_IRQHandler
                0x08007d80                UART5_IRQHandler
                0x08007d80                ADC3_IRQHandler
                0x08007d80                TIM4_IRQHandler
                0x08007d80                DMA2_Channel1_IRQHandler
                0x08007d80                QUADSPI_IRQHandler
                0x08007d80                I2C1_EV_IRQHandler
                0x08007d80                DMA1_Channel6_IRQHandler
                0x08007d80                UART4_IRQHandler
                0x08007d80                DMA2_Channel4_IRQHandler
                0x08007d80                TIM3_IRQHandler
                0x08007d80                RCC_IRQHandler
                0x08007d80                DMA1_Channel1_IRQHandler
                0x08007d80                Default_Handler
                0x08007d80                DMA2_Channel7_IRQHandler
                0x08007d80                TIM7_IRQHandler
                0x08007d80                SDMMC1_IRQHandler
                0x08007d80                CAN2_TX_IRQHandler
                0x08007d80                TIM5_IRQHandler
                0x08007d80                I2C3_EV_IRQHandler
                0x08007d80                EXTI9_5_IRQHandler
                0x08007d80                RTC_WKUP_IRQHandler
                0x08007d80                PVD_PVM_IRQHandler
                0x08007d80                SPI2_IRQHandler
                0x08007d80                CAN1_TX_IRQHandler
                0x08007d80                DMA2_Channel5_IRQHandler
                0x08007d80                CRS_IRQHandler
                0x08007d80                DMA1_Channel5_IRQHandler
                0x08007d80                EXTI4_IRQHandler
                0x08007d80                RNG_IRQHandler
                0x08007d80                TIM1_TRG_COM_TIM17_IRQHandler
                0x08007d80                COMP_IRQHandler
                0x08007d80                WWDG_IRQHandler
                0x08007d80                I2C4_EV_IRQHandler
                0x08007d80                LPUART1_IRQHandler
                0x08007d80                DMA2_Channel6_IRQHandler
                0x08007d80                TIM2_IRQHandler
                0x08007d80                EXTI1_IRQHandler
                0x08007d80                USART2_IRQHandler
                0x08007d80                DFSDM1_FLT0_IRQHandler
                0x08007d80                I2C2_ER_IRQHandler
                0x08007d80                TIM8_BRK_IRQHandler
                0x08007d80                CAN1_SCE_IRQHandler
                0x08007d80                FLASH_IRQHandler
                0x08007d80                USART1_IRQHandler
                0x08007d80                OTG_FS_IRQHandler
                0x08007d80                SPI3_IRQHandler
                0x08007d80                I2C1_ER_IRQHandler
                0x08007d80                FMC_IRQHandler
                0x08007d80                SWPMI1_IRQHandler
                0x08007d80                LPTIM1_IRQHandler
                0x08007d80                I2C4_ER_IRQHandler
                0x08007d80                SAI1_IRQHandler
                0x08007d80                DMA2_Channel3_IRQHandler
                0x08007d80                TIM1_BRK_TIM15_IRQHandler
 .text.HAL_Init
                0x08007d82       0x30 ./Drivers/STM32L4xx_HAL_Driver/Src/stm32l4xx_hal.o
                0x08007d82                HAL_Init
 *fill*         0x08007db2        0x2 
 .text.HAL_InitTick
                0x08007db4       0x78 ./Drivers/STM32L4xx_HAL_Driver/Src/stm32l4xx_hal.o
                0x08007db4                HAL_InitTick
 .text.HAL_IncTick
                0x08007e2c       0x28 ./Drivers/STM32L4xx_HAL_Driver/Src/stm32l4xx_hal.o
                0x08007e2c                HAL_IncTick
 .text.HAL_GetTick
                0x08007e54       0x18 ./Drivers/STM32L4xx_HAL_Driver/Src/stm32l4xx_hal.o
                0x08007e54                HAL_GetTick
 .text.HAL_Delay
                0x08007e6c       0x48 ./Drivers/STM32L4xx_HAL_Driver/Src/stm32l4xx_hal.o
                0x08007e6c                HAL_Delay
 .text.__NVIC_SetPriorityGrouping
                0x08007eb4       0x48 ./Drivers/STM32L4xx_HAL_Driver/Src/stm32l4xx_hal_cortex.o
 .text.__NVIC_GetPriorityGrouping
                0x08007efc       0x1c ./Drivers/STM32L4xx_HAL_Driver/Src/stm32l4xx_hal_cortex.o
 .text.__NVIC_EnableIRQ
                0x08007f18       0x3c ./Drivers/STM32L4xx_HAL_Driver/Src/stm32l4xx_hal_cortex.o
 .text.__NVIC_DisableIRQ
                0x08007f54       0x48 ./Drivers/STM32L4xx_HAL_Driver/Src/stm32l4xx_hal_cortex.o
 .text.__NVIC_SetPriority
                0x08007f9c       0x54 ./Drivers/STM32L4xx_HAL_Driver/Src/stm32l4xx_hal_cortex.o
 .text.NVIC_EncodePriority
                0x08007ff0       0x66 ./Drivers/STM32L4xx_HAL_Driver/Src/stm32l4xx_hal_cortex.o
 *fill*         0x08008056        0x2 
 .text.SysTick_Config
                0x08008058       0x44 ./Drivers/STM32L4xx_HAL_Driver/Src/stm32l4xx_hal_cortex.o
 .text.HAL_NVIC_SetPriorityGrouping
                0x0800809c       0x16 ./Drivers/STM32L4xx_HAL_Driver/Src/stm32l4xx_hal_cortex.o
                0x0800809c                HAL_NVIC_SetPriorityGrouping
 .text.HAL_NVIC_SetPriority
                0x080080b2       0x38 ./Drivers/STM32L4xx_HAL_Driver/Src/stm32l4xx_hal_cortex.o
                0x080080b2                HAL_NVIC_SetPriority
 .text.HAL_NVIC_EnableIRQ
                0x080080ea       0x1c ./Drivers/STM32L4xx_HAL_Driver/Src/stm32l4xx_hal_cortex.o
                0x080080ea                HAL_NVIC_EnableIRQ
 .text.HAL_NVIC_DisableIRQ
                0x08008106       0x1c ./Drivers/STM32L4xx_HAL_Driver/Src/stm32l4xx_hal_cortex.o
                0x08008106                HAL_NVIC_DisableIRQ
 .text.HAL_SYSTICK_Config
                0x08008122       0x18 ./Drivers/STM32L4xx_HAL_Driver/Src/stm32l4xx_hal_cortex.o
                0x08008122                HAL_SYSTICK_Config
 *fill*         0x0800813a        0x2 
 .text.HAL_DMA_Init
                0x0800813c      0x170 ./Drivers/STM32L4xx_HAL_Driver/Src/stm32l4xx_hal_dma.o
                0x0800813c                HAL_DMA_Init
 .text.HAL_DMA_Start_IT
                0x080082ac       0xc0 ./Drivers/STM32L4xx_HAL_Driver/Src/stm32l4xx_hal_dma.o
                0x080082ac                HAL_DMA_Start_IT
 .text.HAL_DMA_Abort_IT
                0x0800836c       0x82 ./Drivers/STM32L4xx_HAL_Driver/Src/stm32l4xx_hal_dma.o
                0x0800836c                HAL_DMA_Abort_IT
 .text.HAL_DMA_IRQHandler
                0x080083ee      0x15e ./Drivers/STM32L4xx_HAL_Driver/Src/stm32l4xx_hal_dma.o
                0x080083ee                HAL_DMA_IRQHandler
 .text.DMA_SetConfig
                0x0800854c       0x60 ./Drivers/STM32L4xx_HAL_Driver/Src/stm32l4xx_hal_dma.o
 .text.HAL_GPIO_Init
                0x080085ac      0x324 ./Drivers/STM32L4xx_HAL_Driver/Src/stm32l4xx_hal_gpio.o
                0x080085ac                HAL_GPIO_Init
 .text.HAL_GPIO_WritePin
                0x080088d0       0x30 ./Drivers/STM32L4xx_HAL_Driver/Src/stm32l4xx_hal_gpio.o
                0x080088d0                HAL_GPIO_WritePin
 .text.HAL_GPIO_TogglePin
                0x08008900       0x34 ./Drivers/STM32L4xx_HAL_Driver/Src/stm32l4xx_hal_gpio.o
                0x08008900                HAL_GPIO_TogglePin
 .text.HAL_GPIO_EXTI_IRQHandler
                0x08008934       0x30 ./Drivers/STM32L4xx_HAL_Driver/Src/stm32l4xx_hal_gpio.o
                0x08008934                HAL_GPIO_EXTI_IRQHandler
 .text.HAL_PWREx_GetVoltageRange
                0x08008964       0x1c ./Drivers/STM32L4xx_HAL_Driver/Src/stm32l4xx_hal_pwr_ex.o
                0x08008964                HAL_PWREx_GetVoltageRange
 .text.HAL_PWREx_ControlVoltageScaling
                0x08008980       0xac ./Drivers/STM32L4xx_HAL_Driver/Src/stm32l4xx_hal_pwr_ex.o
                0x08008980                HAL_PWREx_ControlVoltageScaling
 .text.HAL_PWREx_EnableVddIO2
                0x08008a2c       0x20 ./Drivers/STM32L4xx_HAL_Driver/Src/stm32l4xx_hal_pwr_ex.o
                0x08008a2c                HAL_PWREx_EnableVddIO2
 .text.HAL_RCC_OscConfig
                0x08008a4c      0x834 ./Drivers/STM32L4xx_HAL_Driver/Src/stm32l4xx_hal_rcc.o
                0x08008a4c                HAL_RCC_OscConfig
 .text.HAL_RCC_ClockConfig
                0x08009280      0x200 ./Drivers/STM32L4xx_HAL_Driver/Src/stm32l4xx_hal_rcc.o
                0x08009280                HAL_RCC_ClockConfig
 .text.HAL_RCC_GetSysClockFreq
                0x08009480      0x118 ./Drivers/STM32L4xx_HAL_Driver/Src/stm32l4xx_hal_rcc.o
                0x08009480                HAL_RCC_GetSysClockFreq
 .text.HAL_RCC_GetHCLKFreq
                0x08009598       0x18 ./Drivers/STM32L4xx_HAL_Driver/Src/stm32l4xx_hal_rcc.o
                0x08009598                HAL_RCC_GetHCLKFreq
 .text.HAL_RCC_GetPCLK1Freq
                0x080095b0       0x2c ./Drivers/STM32L4xx_HAL_Driver/Src/stm32l4xx_hal_rcc.o
                0x080095b0                HAL_RCC_GetPCLK1Freq
 .text.HAL_RCC_GetPCLK2Freq
                0x080095dc       0x2c ./Drivers/STM32L4xx_HAL_Driver/Src/stm32l4xx_hal_rcc.o
                0x080095dc                HAL_RCC_GetPCLK2Freq
 .text.RCC_SetFlashLatencyFromMSIRange
                0x08009608       0xc0 ./Drivers/STM32L4xx_HAL_Driver/Src/stm32l4xx_hal_rcc.o
 .text.HAL_RCCEx_PeriphCLKConfig
                0x080096c8      0x5f8 ./Drivers/STM32L4xx_HAL_Driver/Src/stm32l4xx_hal_rcc_ex.o
                0x080096c8                HAL_RCCEx_PeriphCLKConfig
 .text.RCCEx_PLLSAI1_Config
                0x08009cc0      0x1e4 ./Drivers/STM32L4xx_HAL_Driver/Src/stm32l4xx_hal_rcc_ex.o
 .text.RCCEx_PLLSAI2_Config
                0x08009ea4      0x1b8 ./Drivers/STM32L4xx_HAL_Driver/Src/stm32l4xx_hal_rcc_ex.o
 .text.HAL_SPI_Init
                0x0800a05c      0x146 ./Drivers/STM32L4xx_HAL_Driver/Src/stm32l4xx_hal_spi.o
                0x0800a05c                HAL_SPI_Init
 *fill*         0x0800a1a2        0x2 
 .text.HAL_SPI_TransmitReceive_DMA
                0x0800a1a4      0x30c ./Drivers/STM32L4xx_HAL_Driver/Src/stm32l4xx_hal_spi.o
                0x0800a1a4                HAL_SPI_TransmitReceive_DMA
 .text.HAL_SPI_IRQHandler
                0x0800a4b0      0x1e8 ./Drivers/STM32L4xx_HAL_Driver/Src/stm32l4xx_hal_spi.o
                0x0800a4b0                HAL_SPI_IRQHandler
 .text.HAL_SPI_RxCpltCallback
                0x0800a698       0x14 ./Drivers/STM32L4xx_HAL_Driver/Src/stm32l4xx_hal_spi.o
                0x0800a698                HAL_SPI_RxCpltCallback
 .text.HAL_SPI_RxHalfCpltCallback
                0x0800a6ac       0x14 ./Drivers/STM32L4xx_HAL_Driver/Src/stm32l4xx_hal_spi.o
                0x0800a6ac                HAL_SPI_RxHalfCpltCallback
 .text.HAL_SPI_TxRxHalfCpltCallback
                0x0800a6c0       0x14 ./Drivers/STM32L4xx_HAL_Driver/Src/stm32l4xx_hal_spi.o
                0x0800a6c0                HAL_SPI_TxRxHalfCpltCallback
 .text.HAL_SPI_ErrorCallback
                0x0800a6d4       0x14 ./Drivers/STM32L4xx_HAL_Driver/Src/stm32l4xx_hal_spi.o
                0x0800a6d4                HAL_SPI_ErrorCallback
 .text.SPI_DMAReceiveCplt
                0x0800a6e8       0xa8 ./Drivers/STM32L4xx_HAL_Driver/Src/stm32l4xx_hal_spi.o
 .text.SPI_DMATransmitReceiveCplt
                0x0800a790       0x90 ./Drivers/STM32L4xx_HAL_Driver/Src/stm32l4xx_hal_spi.o
 .text.SPI_DMAHalfReceiveCplt
                0x0800a820       0x1c ./Drivers/STM32L4xx_HAL_Driver/Src/stm32l4xx_hal_spi.o
 .text.SPI_DMAHalfTransmitReceiveCplt
                0x0800a83c       0x1c ./Drivers/STM32L4xx_HAL_Driver/Src/stm32l4xx_hal_spi.o
 .text.SPI_DMAError
                0x0800a858       0x40 ./Drivers/STM32L4xx_HAL_Driver/Src/stm32l4xx_hal_spi.o
 .text.SPI_DMAAbortOnError
                0x0800a898       0x2a ./Drivers/STM32L4xx_HAL_Driver/Src/stm32l4xx_hal_spi.o
 *fill*         0x0800a8c2        0x2 
 .text.SPI_WaitFlagStateUntilTimeout
                0x0800a8c4      0x110 ./Drivers/STM32L4xx_HAL_Driver/Src/stm32l4xx_hal_spi.o
 .text.SPI_WaitFifoStateUntilTimeout
                0x0800a9d4      0x12c ./Drivers/STM32L4xx_HAL_Driver/Src/stm32l4xx_hal_spi.o
 .text.SPI_EndRxTransaction
                0x0800ab00       0xb0 ./Drivers/STM32L4xx_HAL_Driver/Src/stm32l4xx_hal_spi.o
 .text.SPI_EndRxTxTransaction
                0x0800abb0       0x8c ./Drivers/STM32L4xx_HAL_Driver/Src/stm32l4xx_hal_spi.o
 .text.HAL_UART_Init
                0x0800ac3c       0x9c ./Drivers/STM32L4xx_HAL_Driver/Src/stm32l4xx_hal_uart.o
                0x0800ac3c                HAL_UART_Init
 .text.HAL_UART_Transmit
                0x0800acd8      0x112 ./Drivers/STM32L4xx_HAL_Driver/Src/stm32l4xx_hal_uart.o
                0x0800acd8                HAL_UART_Transmit
 *fill*         0x0800adea        0x2 
 .text.UART_SetConfig
                0x0800adec      0x570 ./Drivers/STM32L4xx_HAL_Driver/Src/stm32l4xx_hal_uart.o
                0x0800adec                UART_SetConfig
 .text.UART_AdvFeatureConfig
                0x0800b35c      0x144 ./Drivers/STM32L4xx_HAL_Driver/Src/stm32l4xx_hal_uart.o
                0x0800b35c                UART_AdvFeatureConfig
 .text.UART_CheckIdleState
                0x0800b4a0      0x150 ./Drivers/STM32L4xx_HAL_Driver/Src/stm32l4xx_hal_uart.o
                0x0800b4a0                UART_CheckIdleState
 .text.UART_WaitOnFlagUntilTimeout
                0x0800b5f0       0xda ./Drivers/STM32L4xx_HAL_Driver/Src/stm32l4xx_hal_uart.o
                0x0800b5f0                UART_WaitOnFlagUntilTimeout
 .text.UART_EndRxTransfer
                0x0800b6ca       0xc8 ./Drivers/STM32L4xx_HAL_Driver/Src/stm32l4xx_hal_uart.o
 *fill*         0x0800b792        0x2 
 .text.exit     0x0800b794       0x24 C:/ST/STM32CubeIDE_1.17.0/STM32CubeIDE/plugins/com.st.stm32cube.ide.mcu.externaltools.gnu-tools-for-stm32.12.3.rel1.win32_1.1.0.202410251130/tools/bin/../lib/gcc/arm-none-eabi/12.3.1/../../../../arm-none-eabi/lib/thumb/v7e-m+fp/hard\libc_nano.a(libc_a-exit.o)
                0x0800b794                exit
 .text.__cvt    0x0800b7b8       0xca C:/ST/STM32CubeIDE_1.17.0/STM32CubeIDE/plugins/com.st.stm32cube.ide.mcu.externaltools.gnu-tools-for-stm32.12.3.rel1.win32_1.1.0.202410251130/tools/bin/../lib/gcc/arm-none-eabi/12.3.1/../../../../arm-none-eabi/lib/thumb/v7e-m+fp/hard\libc_nano.a(libc_a-nano-vfprintf_float.o)
                0x0800b7b8                __cvt
 .text.__exponent
                0x0800b882       0x74 C:/ST/STM32CubeIDE_1.17.0/STM32CubeIDE/plugins/com.st.stm32cube.ide.mcu.externaltools.gnu-tools-for-stm32.12.3.rel1.win32_1.1.0.202410251130/tools/bin/../lib/gcc/arm-none-eabi/12.3.1/../../../../arm-none-eabi/lib/thumb/v7e-m+fp/hard\libc_nano.a(libc_a-nano-vfprintf_float.o)
                0x0800b882                __exponent
 *fill*         0x0800b8f6        0x2 
 .text._printf_float
                0x0800b8f8      0x454 C:/ST/STM32CubeIDE_1.17.0/STM32CubeIDE/plugins/com.st.stm32cube.ide.mcu.externaltools.gnu-tools-for-stm32.12.3.rel1.win32_1.1.0.202410251130/tools/bin/../lib/gcc/arm-none-eabi/12.3.1/../../../../arm-none-eabi/lib/thumb/v7e-m+fp/hard\libc_nano.a(libc_a-nano-vfprintf_float.o)
                0x0800b8f8                _printf_float
 .text._printf_common
                0x0800bd4c       0xda C:/ST/STM32CubeIDE_1.17.0/STM32CubeIDE/plugins/com.st.stm32cube.ide.mcu.externaltools.gnu-tools-for-stm32.12.3.rel1.win32_1.1.0.202410251130/tools/bin/../lib/gcc/arm-none-eabi/12.3.1/../../../../arm-none-eabi/lib/thumb/v7e-m+fp/hard\libc_nano.a(libc_a-nano-vfprintf_i.o)
                0x0800bd4c                _printf_common
 *fill*         0x0800be26        0x2 
 .text._printf_i
                0x0800be28      0x240 C:/ST/STM32CubeIDE_1.17.0/STM32CubeIDE/plugins/com.st.stm32cube.ide.mcu.externaltools.gnu-tools-for-stm32.12.3.rel1.win32_1.1.0.202410251130/tools/bin/../lib/gcc/arm-none-eabi/12.3.1/../../../../arm-none-eabi/lib/thumb/v7e-m+fp/hard\libc_nano.a(libc_a-nano-vfprintf_i.o)
                0x0800be28                _printf_i
 .text.std      0x0800c068       0x6c C:/ST/STM32CubeIDE_1.17.0/STM32CubeIDE/plugins/com.st.stm32cube.ide.mcu.externaltools.gnu-tools-for-stm32.12.3.rel1.win32_1.1.0.202410251130/tools/bin/../lib/gcc/arm-none-eabi/12.3.1/../../../../arm-none-eabi/lib/thumb/v7e-m+fp/hard\libc_nano.a(libc_a-findfp.o)
 .text.stdio_exit_handler
                0x0800c0d4       0x18 C:/ST/STM32CubeIDE_1.17.0/STM32CubeIDE/plugins/com.st.stm32cube.ide.mcu.externaltools.gnu-tools-for-stm32.12.3.rel1.win32_1.1.0.202410251130/tools/bin/../lib/gcc/arm-none-eabi/12.3.1/../../../../arm-none-eabi/lib/thumb/v7e-m+fp/hard\libc_nano.a(libc_a-findfp.o)
 .text.cleanup_stdio
                0x0800c0ec       0x40 C:/ST/STM32CubeIDE_1.17.0/STM32CubeIDE/plugins/com.st.stm32cube.ide.mcu.externaltools.gnu-tools-for-stm32.12.3.rel1.win32_1.1.0.202410251130/tools/bin/../lib/gcc/arm-none-eabi/12.3.1/../../../../arm-none-eabi/lib/thumb/v7e-m+fp/hard\libc_nano.a(libc_a-findfp.o)
 .text.global_stdio_init.part.0
                0x0800c12c       0x3c C:/ST/STM32CubeIDE_1.17.0/STM32CubeIDE/plugins/com.st.stm32cube.ide.mcu.externaltools.gnu-tools-for-stm32.12.3.rel1.win32_1.1.0.202410251130/tools/bin/../lib/gcc/arm-none-eabi/12.3.1/../../../../arm-none-eabi/lib/thumb/v7e-m+fp/hard\libc_nano.a(libc_a-findfp.o)
 .text.__sfp_lock_acquire
                0x0800c168        0xc C:/ST/STM32CubeIDE_1.17.0/STM32CubeIDE/plugins/com.st.stm32cube.ide.mcu.externaltools.gnu-tools-for-stm32.12.3.rel1.win32_1.1.0.202410251130/tools/bin/../lib/gcc/arm-none-eabi/12.3.1/../../../../arm-none-eabi/lib/thumb/v7e-m+fp/hard\libc_nano.a(libc_a-findfp.o)
                0x0800c168                __sfp_lock_acquire
 .text.__sfp_lock_release
                0x0800c174        0xc C:/ST/STM32CubeIDE_1.17.0/STM32CubeIDE/plugins/com.st.stm32cube.ide.mcu.externaltools.gnu-tools-for-stm32.12.3.rel1.win32_1.1.0.202410251130/tools/bin/../lib/gcc/arm-none-eabi/12.3.1/../../../../arm-none-eabi/lib/thumb/v7e-m+fp/hard\libc_nano.a(libc_a-findfp.o)
                0x0800c174                __sfp_lock_release
 .text.__sinit  0x0800c180       0x30 C:/ST/STM32CubeIDE_1.17.0/STM32CubeIDE/plugins/com.st.stm32cube.ide.mcu.externaltools.gnu-tools-for-stm32.12.3.rel1.win32_1.1.0.202410251130/tools/bin/../lib/gcc/arm-none-eabi/12.3.1/../../../../arm-none-eabi/lib/thumb/v7e-m+fp/hard\libc_nano.a(libc_a-findfp.o)
                0x0800c180                __sinit
 .text._fwalk_sglue
                0x0800c1b0       0x3c C:/ST/STM32CubeIDE_1.17.0/STM32CubeIDE/plugins/com.st.stm32cube.ide.mcu.externaltools.gnu-tools-for-stm32.12.3.rel1.win32_1.1.0.202410251130/tools/bin/../lib/gcc/arm-none-eabi/12.3.1/../../../../arm-none-eabi/lib/thumb/v7e-m+fp/hard\libc_nano.a(libc_a-fwalk.o)
                0x0800c1b0                _fwalk_sglue
 .text.printf   0x0800c1ec       0x24 C:/ST/STM32CubeIDE_1.17.0/STM32CubeIDE/plugins/com.st.stm32cube.ide.mcu.externaltools.gnu-tools-for-stm32.12.3.rel1.win32_1.1.0.202410251130/tools/bin/../lib/gcc/arm-none-eabi/12.3.1/../../../../arm-none-eabi/lib/thumb/v7e-m+fp/hard\libc_nano.a(libc_a-printf.o)
                0x0800c1ec                iprintf
                0x0800c1ec                printf
 .text._puts_r  0x0800c210       0xaa C:/ST/STM32CubeIDE_1.17.0/STM32CubeIDE/plugins/com.st.stm32cube.ide.mcu.externaltools.gnu-tools-for-stm32.12.3.rel1.win32_1.1.0.202410251130/tools/bin/../lib/gcc/arm-none-eabi/12.3.1/../../../../arm-none-eabi/lib/thumb/v7e-m+fp/hard\libc_nano.a(libc_a-puts.o)
                0x0800c210                _puts_r
 *fill*         0x0800c2ba        0x2 
 .text.puts     0x0800c2bc       0x10 C:/ST/STM32CubeIDE_1.17.0/STM32CubeIDE/plugins/com.st.stm32cube.ide.mcu.externaltools.gnu-tools-for-stm32.12.3.rel1.win32_1.1.0.202410251130/tools/bin/../lib/gcc/arm-none-eabi/12.3.1/../../../../arm-none-eabi/lib/thumb/v7e-m+fp/hard\libc_nano.a(libc_a-puts.o)
                0x0800c2bc                puts
 .text.sprintf  0x0800c2cc       0x40 C:/ST/STM32CubeIDE_1.17.0/STM32CubeIDE/plugins/com.st.stm32cube.ide.mcu.externaltools.gnu-tools-for-stm32.12.3.rel1.win32_1.1.0.202410251130/tools/bin/../lib/gcc/arm-none-eabi/12.3.1/../../../../arm-none-eabi/lib/thumb/v7e-m+fp/hard\libc_nano.a(libc_a-sprintf.o)
                0x0800c2cc                siprintf
                0x0800c2cc                sprintf
 .text.__sread  0x0800c30c       0x22 C:/ST/STM32CubeIDE_1.17.0/STM32CubeIDE/plugins/com.st.stm32cube.ide.mcu.externaltools.gnu-tools-for-stm32.12.3.rel1.win32_1.1.0.202410251130/tools/bin/../lib/gcc/arm-none-eabi/12.3.1/../../../../arm-none-eabi/lib/thumb/v7e-m+fp/hard\libc_nano.a(libc_a-stdio.o)
                0x0800c30c                __sread
 .text.__swrite
                0x0800c32e       0x38 C:/ST/STM32CubeIDE_1.17.0/STM32CubeIDE/plugins/com.st.stm32cube.ide.mcu.externaltools.gnu-tools-for-stm32.12.3.rel1.win32_1.1.0.202410251130/tools/bin/../lib/gcc/arm-none-eabi/12.3.1/../../../../arm-none-eabi/lib/thumb/v7e-m+fp/hard\libc_nano.a(libc_a-stdio.o)
                0x0800c32e                __swrite
 .text.__sseek  0x0800c366       0x24 C:/ST/STM32CubeIDE_1.17.0/STM32CubeIDE/plugins/com.st.stm32cube.ide.mcu.externaltools.gnu-tools-for-stm32.12.3.rel1.win32_1.1.0.202410251130/tools/bin/../lib/gcc/arm-none-eabi/12.3.1/../../../../arm-none-eabi/lib/thumb/v7e-m+fp/hard\libc_nano.a(libc_a-stdio.o)
                0x0800c366                __sseek
 .text.__sclose
                0x0800c38a        0x8 C:/ST/STM32CubeIDE_1.17.0/STM32CubeIDE/plugins/com.st.stm32cube.ide.mcu.externaltools.gnu-tools-for-stm32.12.3.rel1.win32_1.1.0.202410251130/tools/bin/../lib/gcc/arm-none-eabi/12.3.1/../../../../arm-none-eabi/lib/thumb/v7e-m+fp/hard\libc_nano.a(libc_a-stdio.o)
                0x0800c38a                __sclose
 .text.__swbuf_r
                0x0800c392       0x7c C:/ST/STM32CubeIDE_1.17.0/STM32CubeIDE/plugins/com.st.stm32cube.ide.mcu.externaltools.gnu-tools-for-stm32.12.3.rel1.win32_1.1.0.202410251130/tools/bin/../lib/gcc/arm-none-eabi/12.3.1/../../../../arm-none-eabi/lib/thumb/v7e-m+fp/hard\libc_nano.a(libc_a-wbuf.o)
                0x0800c392                __swbuf_r
 *fill*         0x0800c40e        0x2 
 .text.__swsetup_r
                0x0800c410       0xac C:/ST/STM32CubeIDE_1.17.0/STM32CubeIDE/plugins/com.st.stm32cube.ide.mcu.externaltools.gnu-tools-for-stm32.12.3.rel1.win32_1.1.0.202410251130/tools/bin/../lib/gcc/arm-none-eabi/12.3.1/../../../../arm-none-eabi/lib/thumb/v7e-m+fp/hard\libc_nano.a(libc_a-wsetup.o)
                0x0800c410                __swsetup_r
 .text.memset   0x0800c4bc       0x10 C:/ST/STM32CubeIDE_1.17.0/STM32CubeIDE/plugins/com.st.stm32cube.ide.mcu.externaltools.gnu-tools-for-stm32.12.3.rel1.win32_1.1.0.202410251130/tools/bin/../lib/gcc/arm-none-eabi/12.3.1/../../../../arm-none-eabi/lib/thumb/v7e-m+fp/hard\libc_nano.a(libc_a-memset.o)
                0x0800c4bc                memset
 .text._localeconv_r
                0x0800c4cc        0x8 C:/ST/STM32CubeIDE_1.17.0/STM32CubeIDE/plugins/com.st.stm32cube.ide.mcu.externaltools.gnu-tools-for-stm32.12.3.rel1.win32_1.1.0.202410251130/tools/bin/../lib/gcc/arm-none-eabi/12.3.1/../../../../arm-none-eabi/lib/thumb/v7e-m+fp/hard\libc_nano.a(libc_a-localeconv.o)
                0x0800c4cc                _localeconv_r
 .text._close_r
                0x0800c4d4       0x20 C:/ST/STM32CubeIDE_1.17.0/STM32CubeIDE/plugins/com.st.stm32cube.ide.mcu.externaltools.gnu-tools-for-stm32.12.3.rel1.win32_1.1.0.202410251130/tools/bin/../lib/gcc/arm-none-eabi/12.3.1/../../../../arm-none-eabi/lib/thumb/v7e-m+fp/hard\libc_nano.a(libc_a-closer.o)
                0x0800c4d4                _close_r
 .text._lseek_r
                0x0800c4f4       0x24 C:/ST/STM32CubeIDE_1.17.0/STM32CubeIDE/plugins/com.st.stm32cube.ide.mcu.externaltools.gnu-tools-for-stm32.12.3.rel1.win32_1.1.0.202410251130/tools/bin/../lib/gcc/arm-none-eabi/12.3.1/../../../../arm-none-eabi/lib/thumb/v7e-m+fp/hard\libc_nano.a(libc_a-lseekr.o)
                0x0800c4f4                _lseek_r
 .text._read_r  0x0800c518       0x24 C:/ST/STM32CubeIDE_1.17.0/STM32CubeIDE/plugins/com.st.stm32cube.ide.mcu.externaltools.gnu-tools-for-stm32.12.3.rel1.win32_1.1.0.202410251130/tools/bin/../lib/gcc/arm-none-eabi/12.3.1/../../../../arm-none-eabi/lib/thumb/v7e-m+fp/hard\libc_nano.a(libc_a-readr.o)
                0x0800c518                _read_r
 .text._write_r
                0x0800c53c       0x24 C:/ST/STM32CubeIDE_1.17.0/STM32CubeIDE/plugins/com.st.stm32cube.ide.mcu.externaltools.gnu-tools-for-stm32.12.3.rel1.win32_1.1.0.202410251130/tools/bin/../lib/gcc/arm-none-eabi/12.3.1/../../../../arm-none-eabi/lib/thumb/v7e-m+fp/hard\libc_nano.a(libc_a-writer.o)
                0x0800c53c                _write_r
 .text.__errno  0x0800c560        0xc C:/ST/STM32CubeIDE_1.17.0/STM32CubeIDE/plugins/com.st.stm32cube.ide.mcu.externaltools.gnu-tools-for-stm32.12.3.rel1.win32_1.1.0.202410251130/tools/bin/../lib/gcc/arm-none-eabi/12.3.1/../../../../arm-none-eabi/lib/thumb/v7e-m+fp/hard\libc_nano.a(libc_a-errno.o)
                0x0800c560                __errno
 .text.__libc_init_array
                0x0800c56c       0x48 C:/ST/STM32CubeIDE_1.17.0/STM32CubeIDE/plugins/com.st.stm32cube.ide.mcu.externaltools.gnu-tools-for-stm32.12.3.rel1.win32_1.1.0.202410251130/tools/bin/../lib/gcc/arm-none-eabi/12.3.1/../../../../arm-none-eabi/lib/thumb/v7e-m+fp/hard\libc_nano.a(libc_a-init.o)
                0x0800c56c                __libc_init_array
 .text.__retarget_lock_init_recursive
                0x0800c5b4        0x2 C:/ST/STM32CubeIDE_1.17.0/STM32CubeIDE/plugins/com.st.stm32cube.ide.mcu.externaltools.gnu-tools-for-stm32.12.3.rel1.win32_1.1.0.202410251130/tools/bin/../lib/gcc/arm-none-eabi/12.3.1/../../../../arm-none-eabi/lib/thumb/v7e-m+fp/hard\libc_nano.a(libc_a-lock.o)
                0x0800c5b4                __retarget_lock_init_recursive
 .text.__retarget_lock_acquire_recursive
                0x0800c5b6        0x2 C:/ST/STM32CubeIDE_1.17.0/STM32CubeIDE/plugins/com.st.stm32cube.ide.mcu.externaltools.gnu-tools-for-stm32.12.3.rel1.win32_1.1.0.202410251130/tools/bin/../lib/gcc/arm-none-eabi/12.3.1/../../../../arm-none-eabi/lib/thumb/v7e-m+fp/hard\libc_nano.a(libc_a-lock.o)
                0x0800c5b6                __retarget_lock_acquire_recursive
 .text.__retarget_lock_release_recursive
                0x0800c5b8        0x2 C:/ST/STM32CubeIDE_1.17.0/STM32CubeIDE/plugins/com.st.stm32cube.ide.mcu.externaltools.gnu-tools-for-stm32.12.3.rel1.win32_1.1.0.202410251130/tools/bin/../lib/gcc/arm-none-eabi/12.3.1/../../../../arm-none-eabi/lib/thumb/v7e-m+fp/hard\libc_nano.a(libc_a-lock.o)
                0x0800c5b8                __retarget_lock_release_recursive
 .text.memcpy   0x0800c5ba       0x1c C:/ST/STM32CubeIDE_1.17.0/STM32CubeIDE/plugins/com.st.stm32cube.ide.mcu.externaltools.gnu-tools-for-stm32.12.3.rel1.win32_1.1.0.202410251130/tools/bin/../lib/gcc/arm-none-eabi/12.3.1/../../../../arm-none-eabi/lib/thumb/v7e-m+fp/hard\libc_nano.a(libc_a-memcpy-stub.o)
                0x0800c5ba                memcpy
 .text.quorem   0x0800c5d6      0x110 C:/ST/STM32CubeIDE_1.17.0/STM32CubeIDE/plugins/com.st.stm32cube.ide.mcu.externaltools.gnu-tools-for-stm32.12.3.rel1.win32_1.1.0.202410251130/tools/bin/../lib/gcc/arm-none-eabi/12.3.1/../../../../arm-none-eabi/lib/thumb/v7e-m+fp/hard\libc_nano.a(libc_a-dtoa.o)
 *fill*         0x0800c6e6        0x2 
 .text._dtoa_r  0x0800c6e8      0xb88 C:/ST/STM32CubeIDE_1.17.0/STM32CubeIDE/plugins/com.st.stm32cube.ide.mcu.externaltools.gnu-tools-for-stm32.12.3.rel1.win32_1.1.0.202410251130/tools/bin/../lib/gcc/arm-none-eabi/12.3.1/../../../../arm-none-eabi/lib/thumb/v7e-m+fp/hard\libc_nano.a(libc_a-dtoa.o)
                0x0800c6e8                _dtoa_r
 .text._free_r  0x0800d270       0x94 C:/ST/STM32CubeIDE_1.17.0/STM32CubeIDE/plugins/com.st.stm32cube.ide.mcu.externaltools.gnu-tools-for-stm32.12.3.rel1.win32_1.1.0.202410251130/tools/bin/../lib/gcc/arm-none-eabi/12.3.1/../../../../arm-none-eabi/lib/thumb/v7e-m+fp/hard\libc_nano.a(libc_a-freer.o)
                0x0800d270                _free_r
 .text.malloc   0x0800d304       0x10 C:/ST/STM32CubeIDE_1.17.0/STM32CubeIDE/plugins/com.st.stm32cube.ide.mcu.externaltools.gnu-tools-for-stm32.12.3.rel1.win32_1.1.0.202410251130/tools/bin/../lib/gcc/arm-none-eabi/12.3.1/../../../../arm-none-eabi/lib/thumb/v7e-m+fp/hard\libc_nano.a(libc_a-malloc.o)
                0x0800d304                malloc
 .text.sbrk_aligned
                0x0800d314       0x44 C:/ST/STM32CubeIDE_1.17.0/STM32CubeIDE/plugins/com.st.stm32cube.ide.mcu.externaltools.gnu-tools-for-stm32.12.3.rel1.win32_1.1.0.202410251130/tools/bin/../lib/gcc/arm-none-eabi/12.3.1/../../../../arm-none-eabi/lib/thumb/v7e-m+fp/hard\libc_nano.a(libc_a-mallocr.o)
 .text._malloc_r
                0x0800d358      0x100 C:/ST/STM32CubeIDE_1.17.0/STM32CubeIDE/plugins/com.st.stm32cube.ide.mcu.externaltools.gnu-tools-for-stm32.12.3.rel1.win32_1.1.0.202410251130/tools/bin/../lib/gcc/arm-none-eabi/12.3.1/../../../../arm-none-eabi/lib/thumb/v7e-m+fp/hard\libc_nano.a(libc_a-mallocr.o)
                0x0800d358                _malloc_r
 .text.__malloc_lock
                0x0800d458        0xc C:/ST/STM32CubeIDE_1.17.0/STM32CubeIDE/plugins/com.st.stm32cube.ide.mcu.externaltools.gnu-tools-for-stm32.12.3.rel1.win32_1.1.0.202410251130/tools/bin/../lib/gcc/arm-none-eabi/12.3.1/../../../../arm-none-eabi/lib/thumb/v7e-m+fp/hard\libc_nano.a(libc_a-mlock.o)
                0x0800d458                __malloc_lock
 .text.__malloc_unlock
                0x0800d464        0xc C:/ST/STM32CubeIDE_1.17.0/STM32CubeIDE/plugins/com.st.stm32cube.ide.mcu.externaltools.gnu-tools-for-stm32.12.3.rel1.win32_1.1.0.202410251130/tools/bin/../lib/gcc/arm-none-eabi/12.3.1/../../../../arm-none-eabi/lib/thumb/v7e-m+fp/hard\libc_nano.a(libc_a-mlock.o)
                0x0800d464                __malloc_unlock
 .text._Balloc  0x0800d470       0x80 C:/ST/STM32CubeIDE_1.17.0/STM32CubeIDE/plugins/com.st.stm32cube.ide.mcu.externaltools.gnu-tools-for-stm32.12.3.rel1.win32_1.1.0.202410251130/tools/bin/../lib/gcc/arm-none-eabi/12.3.1/../../../../arm-none-eabi/lib/thumb/v7e-m+fp/hard\libc_nano.a(libc_a-mprec.o)
                0x0800d470                _Balloc
 .text._Bfree   0x0800d4f0       0x44 C:/ST/STM32CubeIDE_1.17.0/STM32CubeIDE/plugins/com.st.stm32cube.ide.mcu.externaltools.gnu-tools-for-stm32.12.3.rel1.win32_1.1.0.202410251130/tools/bin/../lib/gcc/arm-none-eabi/12.3.1/../../../../arm-none-eabi/lib/thumb/v7e-m+fp/hard\libc_nano.a(libc_a-mprec.o)
                0x0800d4f0                _Bfree
 .text.__multadd
                0x0800d534       0x8c C:/ST/STM32CubeIDE_1.17.0/STM32CubeIDE/plugins/com.st.stm32cube.ide.mcu.externaltools.gnu-tools-for-stm32.12.3.rel1.win32_1.1.0.202410251130/tools/bin/../lib/gcc/arm-none-eabi/12.3.1/../../../../arm-none-eabi/lib/thumb/v7e-m+fp/hard\libc_nano.a(libc_a-mprec.o)
                0x0800d534                __multadd
 .text.__hi0bits
                0x0800d5c0       0x3e C:/ST/STM32CubeIDE_1.17.0/STM32CubeIDE/plugins/com.st.stm32cube.ide.mcu.externaltools.gnu-tools-for-stm32.12.3.rel1.win32_1.1.0.202410251130/tools/bin/../lib/gcc/arm-none-eabi/12.3.1/../../../../arm-none-eabi/lib/thumb/v7e-m+fp/hard\libc_nano.a(libc_a-mprec.o)
                0x0800d5c0                __hi0bits
 .text.__lo0bits
                0x0800d5fe       0x5a C:/ST/STM32CubeIDE_1.17.0/STM32CubeIDE/plugins/com.st.stm32cube.ide.mcu.externaltools.gnu-tools-for-stm32.12.3.rel1.win32_1.1.0.202410251130/tools/bin/../lib/gcc/arm-none-eabi/12.3.1/../../../../arm-none-eabi/lib/thumb/v7e-m+fp/hard\libc_nano.a(libc_a-mprec.o)
                0x0800d5fe                __lo0bits
 .text.__i2b    0x0800d658       0x2c C:/ST/STM32CubeIDE_1.17.0/STM32CubeIDE/plugins/com.st.stm32cube.ide.mcu.externaltools.gnu-tools-for-stm32.12.3.rel1.win32_1.1.0.202410251130/tools/bin/../lib/gcc/arm-none-eabi/12.3.1/../../../../arm-none-eabi/lib/thumb/v7e-m+fp/hard\libc_nano.a(libc_a-mprec.o)
                0x0800d658                __i2b
 .text.__multiply
                0x0800d684      0x154 C:/ST/STM32CubeIDE_1.17.0/STM32CubeIDE/plugins/com.st.stm32cube.ide.mcu.externaltools.gnu-tools-for-stm32.12.3.rel1.win32_1.1.0.202410251130/tools/bin/../lib/gcc/arm-none-eabi/12.3.1/../../../../arm-none-eabi/lib/thumb/v7e-m+fp/hard\libc_nano.a(libc_a-mprec.o)
                0x0800d684                __multiply
 .text.__pow5mult
                0x0800d7d8       0xb4 C:/ST/STM32CubeIDE_1.17.0/STM32CubeIDE/plugins/com.st.stm32cube.ide.mcu.externaltools.gnu-tools-for-stm32.12.3.rel1.win32_1.1.0.202410251130/tools/bin/../lib/gcc/arm-none-eabi/12.3.1/../../../../arm-none-eabi/lib/thumb/v7e-m+fp/hard\libc_nano.a(libc_a-mprec.o)
                0x0800d7d8                __pow5mult
 .text.__lshift
                0x0800d88c       0xd8 C:/ST/STM32CubeIDE_1.17.0/STM32CubeIDE/plugins/com.st.stm32cube.ide.mcu.externaltools.gnu-tools-for-stm32.12.3.rel1.win32_1.1.0.202410251130/tools/bin/../lib/gcc/arm-none-eabi/12.3.1/../../../../arm-none-eabi/lib/thumb/v7e-m+fp/hard\libc_nano.a(libc_a-mprec.o)
                0x0800d88c                __lshift
 .text.__mcmp   0x0800d964       0x36 C:/ST/STM32CubeIDE_1.17.0/STM32CubeIDE/plugins/com.st.stm32cube.ide.mcu.externaltools.gnu-tools-for-stm32.12.3.rel1.win32_1.1.0.202410251130/tools/bin/../lib/gcc/arm-none-eabi/12.3.1/../../../../arm-none-eabi/lib/thumb/v7e-m+fp/hard\libc_nano.a(libc_a-mprec.o)
                0x0800d964                __mcmp
 *fill*         0x0800d99a        0x2 
 .text.__mdiff  0x0800d99c      0x128 C:/ST/STM32CubeIDE_1.17.0/STM32CubeIDE/plugins/com.st.stm32cube.ide.mcu.externaltools.gnu-tools-for-stm32.12.3.rel1.win32_1.1.0.202410251130/tools/bin/../lib/gcc/arm-none-eabi/12.3.1/../../../../arm-none-eabi/lib/thumb/v7e-m+fp/hard\libc_nano.a(libc_a-mprec.o)
                0x0800d99c                __mdiff
 .text.__d2b    0x0800dac4       0xb0 C:/ST/STM32CubeIDE_1.17.0/STM32CubeIDE/plugins/com.st.stm32cube.ide.mcu.externaltools.gnu-tools-for-stm32.12.3.rel1.win32_1.1.0.202410251130/tools/bin/../lib/gcc/arm-none-eabi/12.3.1/../../../../arm-none-eabi/lib/thumb/v7e-m+fp/hard\libc_nano.a(libc_a-mprec.o)
                0x0800dac4                __d2b
 .text.__ssputs_r
                0x0800db74       0xb6 C:/ST/STM32CubeIDE_1.17.0/STM32CubeIDE/plugins/com.st.stm32cube.ide.mcu.externaltools.gnu-tools-for-stm32.12.3.rel1.win32_1.1.0.202410251130/tools/bin/../lib/gcc/arm-none-eabi/12.3.1/../../../../arm-none-eabi/lib/thumb/v7e-m+fp/hard\libc_nano.a(libc_a-nano-svfprintf.o)
                0x0800db74                __ssputs_r
 *fill*         0x0800dc2a        0x2 
 .text._svfprintf_r
                0x0800dc2c      0x1f8 C:/ST/STM32CubeIDE_1.17.0/STM32CubeIDE/plugins/com.st.stm32cube.ide.mcu.externaltools.gnu-tools-for-stm32.12.3.rel1.win32_1.1.0.202410251130/tools/bin/../lib/gcc/arm-none-eabi/12.3.1/../../../../arm-none-eabi/lib/thumb/v7e-m+fp/hard\libc_nano.a(libc_a-nano-svfprintf.o)
                0x0800dc2c                _svfiprintf_r
                0x0800dc2c                _svfprintf_r
 .text.__sfputc_r
                0x0800de24       0x2e C:/ST/STM32CubeIDE_1.17.0/STM32CubeIDE/plugins/com.st.stm32cube.ide.mcu.externaltools.gnu-tools-for-stm32.12.3.rel1.win32_1.1.0.202410251130/tools/bin/../lib/gcc/arm-none-eabi/12.3.1/../../../../arm-none-eabi/lib/thumb/v7e-m+fp/hard\libc_nano.a(libc_a-nano-vfprintf.o)
 .text.__sfputs_r
                0x0800de52       0x24 C:/ST/STM32CubeIDE_1.17.0/STM32CubeIDE/plugins/com.st.stm32cube.ide.mcu.externaltools.gnu-tools-for-stm32.12.3.rel1.win32_1.1.0.202410251130/tools/bin/../lib/gcc/arm-none-eabi/12.3.1/../../../../arm-none-eabi/lib/thumb/v7e-m+fp/hard\libc_nano.a(libc_a-nano-vfprintf.o)
                0x0800de52                __sfputs_r
 *fill*         0x0800de76        0x2 
 .text._vfprintf_r
                0x0800de78      0x230 C:/ST/STM32CubeIDE_1.17.0/STM32CubeIDE/plugins/com.st.stm32cube.ide.mcu.externaltools.gnu-tools-for-stm32.12.3.rel1.win32_1.1.0.202410251130/tools/bin/../lib/gcc/arm-none-eabi/12.3.1/../../../../arm-none-eabi/lib/thumb/v7e-m+fp/hard\libc_nano.a(libc_a-nano-vfprintf.o)
                0x0800de78                _vfprintf_r
                0x0800de78                _vfiprintf_r
 .text.__sflush_r
                0x0800e0a8      0x108 C:/ST/STM32CubeIDE_1.17.0/STM32CubeIDE/plugins/com.st.stm32cube.ide.mcu.externaltools.gnu-tools-for-stm32.12.3.rel1.win32_1.1.0.202410251130/tools/bin/../lib/gcc/arm-none-eabi/12.3.1/../../../../arm-none-eabi/lib/thumb/v7e-m+fp/hard\libc_nano.a(libc_a-fflush.o)
                0x0800e0a8                __sflush_r
 .text._fflush_r
                0x0800e1b0       0x50 C:/ST/STM32CubeIDE_1.17.0/STM32CubeIDE/plugins/com.st.stm32cube.ide.mcu.externaltools.gnu-tools-for-stm32.12.3.rel1.win32_1.1.0.202410251130/tools/bin/../lib/gcc/arm-none-eabi/12.3.1/../../../../arm-none-eabi/lib/thumb/v7e-m+fp/hard\libc_nano.a(libc_a-fflush.o)
                0x0800e1b0                _fflush_r
 .text.__swhatbuf_r
                0x0800e200       0x4c C:/ST/STM32CubeIDE_1.17.0/STM32CubeIDE/plugins/com.st.stm32cube.ide.mcu.externaltools.gnu-tools-for-stm32.12.3.rel1.win32_1.1.0.202410251130/tools/bin/../lib/gcc/arm-none-eabi/12.3.1/../../../../arm-none-eabi/lib/thumb/v7e-m+fp/hard\libc_nano.a(libc_a-makebuf.o)
                0x0800e200                __swhatbuf_r
 .text.__smakebuf_r
                0x0800e24c       0x78 C:/ST/STM32CubeIDE_1.17.0/STM32CubeIDE/plugins/com.st.stm32cube.ide.mcu.externaltools.gnu-tools-for-stm32.12.3.rel1.win32_1.1.0.202410251130/tools/bin/../lib/gcc/arm-none-eabi/12.3.1/../../../../arm-none-eabi/lib/thumb/v7e-m+fp/hard\libc_nano.a(libc_a-makebuf.o)
                0x0800e24c                __smakebuf_r
 .text.memmove  0x0800e2c4       0x34 C:/ST/STM32CubeIDE_1.17.0/STM32CubeIDE/plugins/com.st.stm32cube.ide.mcu.externaltools.gnu-tools-for-stm32.12.3.rel1.win32_1.1.0.202410251130/tools/bin/../lib/gcc/arm-none-eabi/12.3.1/../../../../arm-none-eabi/lib/thumb/v7e-m+fp/hard\libc_nano.a(libc_a-memmove.o)
                0x0800e2c4                memmove
 .text._fstat_r
                0x0800e2f8       0x24 C:/ST/STM32CubeIDE_1.17.0/STM32CubeIDE/plugins/com.st.stm32cube.ide.mcu.externaltools.gnu-tools-for-stm32.12.3.rel1.win32_1.1.0.202410251130/tools/bin/../lib/gcc/arm-none-eabi/12.3.1/../../../../arm-none-eabi/lib/thumb/v7e-m+fp/hard\libc_nano.a(libc_a-fstatr.o)
                0x0800e2f8                _fstat_r
 .text._isatty_r
                0x0800e31c       0x20 C:/ST/STM32CubeIDE_1.17.0/STM32CubeIDE/plugins/com.st.stm32cube.ide.mcu.externaltools.gnu-tools-for-stm32.12.3.rel1.win32_1.1.0.202410251130/tools/bin/../lib/gcc/arm-none-eabi/12.3.1/../../../../arm-none-eabi/lib/thumb/v7e-m+fp/hard\libc_nano.a(libc_a-isattyr.o)
                0x0800e31c                _isatty_r
 .text._sbrk_r  0x0800e33c       0x20 C:/ST/STM32CubeIDE_1.17.0/STM32CubeIDE/plugins/com.st.stm32cube.ide.mcu.externaltools.gnu-tools-for-stm32.12.3.rel1.win32_1.1.0.202410251130/tools/bin/../lib/gcc/arm-none-eabi/12.3.1/../../../../arm-none-eabi/lib/thumb/v7e-m+fp/hard\libc_nano.a(libc_a-sbrkr.o)
                0x0800e33c                _sbrk_r
 .text.__assert_func
                0x0800e35c       0x3c C:/ST/STM32CubeIDE_1.17.0/STM32CubeIDE/plugins/com.st.stm32cube.ide.mcu.externaltools.gnu-tools-for-stm32.12.3.rel1.win32_1.1.0.202410251130/tools/bin/../lib/gcc/arm-none-eabi/12.3.1/../../../../arm-none-eabi/lib/thumb/v7e-m+fp/hard\libc_nano.a(libc_a-assert.o)
                0x0800e35c                __assert_func
 .text._calloc_r
                0x0800e398       0x28 C:/ST/STM32CubeIDE_1.17.0/STM32CubeIDE/plugins/com.st.stm32cube.ide.mcu.externaltools.gnu-tools-for-stm32.12.3.rel1.win32_1.1.0.202410251130/tools/bin/../lib/gcc/arm-none-eabi/12.3.1/../../../../arm-none-eabi/lib/thumb/v7e-m+fp/hard\libc_nano.a(libc_a-callocr.o)
                0x0800e398                _calloc_r
 .text.__ascii_mbtowc
                0x0800e3c0       0x24 C:/ST/STM32CubeIDE_1.17.0/STM32CubeIDE/plugins/com.st.stm32cube.ide.mcu.externaltools.gnu-tools-for-stm32.12.3.rel1.win32_1.1.0.202410251130/tools/bin/../lib/gcc/arm-none-eabi/12.3.1/../../../../arm-none-eabi/lib/thumb/v7e-m+fp/hard\libc_nano.a(libc_a-mbtowc_r.o)
                0x0800e3c0                __ascii_mbtowc
 .text._realloc_r
                0x0800e3e4       0x5c C:/ST/STM32CubeIDE_1.17.0/STM32CubeIDE/plugins/com.st.stm32cube.ide.mcu.externaltools.gnu-tools-for-stm32.12.3.rel1.win32_1.1.0.202410251130/tools/bin/../lib/gcc/arm-none-eabi/12.3.1/../../../../arm-none-eabi/lib/thumb/v7e-m+fp/hard\libc_nano.a(libc_a-reallocr.o)
                0x0800e3e4                _realloc_r
 .text.__ascii_wctomb
                0x0800e440       0x1a C:/ST/STM32CubeIDE_1.17.0/STM32CubeIDE/plugins/com.st.stm32cube.ide.mcu.externaltools.gnu-tools-for-stm32.12.3.rel1.win32_1.1.0.202410251130/tools/bin/../lib/gcc/arm-none-eabi/12.3.1/../../../../arm-none-eabi/lib/thumb/v7e-m+fp/hard\libc_nano.a(libc_a-wctomb_r.o)
                0x0800e440                __ascii_wctomb
 *fill*         0x0800e45a        0x2 
 .text.fprintf  0x0800e45c       0x24 C:/ST/STM32CubeIDE_1.17.0/STM32CubeIDE/plugins/com.st.stm32cube.ide.mcu.externaltools.gnu-tools-for-stm32.12.3.rel1.win32_1.1.0.202410251130/tools/bin/../lib/gcc/arm-none-eabi/12.3.1/../../../../arm-none-eabi/lib/thumb/v7e-m+fp/hard\libc_nano.a(libc_a-fprintf.o)
                0x0800e45c                fiprintf
                0x0800e45c                fprintf
 .text.abort    0x0800e480        0xe C:/ST/STM32CubeIDE_1.17.0/STM32CubeIDE/plugins/com.st.stm32cube.ide.mcu.externaltools.gnu-tools-for-stm32.12.3.rel1.win32_1.1.0.202410251130/tools/bin/../lib/gcc/arm-none-eabi/12.3.1/../../../../arm-none-eabi/lib/thumb/v7e-m+fp/hard\libc_nano.a(libc_a-abort.o)
                0x0800e480                abort
 .text._malloc_usable_size_r
                0x0800e48e       0x10 C:/ST/STM32CubeIDE_1.17.0/STM32CubeIDE/plugins/com.st.stm32cube.ide.mcu.externaltools.gnu-tools-for-stm32.12.3.rel1.win32_1.1.0.202410251130/tools/bin/../lib/gcc/arm-none-eabi/12.3.1/../../../../arm-none-eabi/lib/thumb/v7e-m+fp/hard\libc_nano.a(libc_a-msizer.o)
                0x0800e48e                _malloc_usable_size_r
 .text._raise_r
                0x0800e49e       0x50 C:/ST/STM32CubeIDE_1.17.0/STM32CubeIDE/plugins/com.st.stm32cube.ide.mcu.externaltools.gnu-tools-for-stm32.12.3.rel1.win32_1.1.0.202410251130/tools/bin/../lib/gcc/arm-none-eabi/12.3.1/../../../../arm-none-eabi/lib/thumb/v7e-m+fp/hard\libc_nano.a(libc_a-signal.o)
                0x0800e49e                _raise_r
 *fill*         0x0800e4ee        0x2 
 .text.raise    0x0800e4f0       0x10 C:/ST/STM32CubeIDE_1.17.0/STM32CubeIDE/plugins/com.st.stm32cube.ide.mcu.externaltools.gnu-tools-for-stm32.12.3.rel1.win32_1.1.0.202410251130/tools/bin/../lib/gcc/arm-none-eabi/12.3.1/../../../../arm-none-eabi/lib/thumb/v7e-m+fp/hard\libc_nano.a(libc_a-signal.o)
                0x0800e4f0                raise
 .text._kill_r  0x0800e500       0x24 C:/ST/STM32CubeIDE_1.17.0/STM32CubeIDE/plugins/com.st.stm32cube.ide.mcu.externaltools.gnu-tools-for-stm32.12.3.rel1.win32_1.1.0.202410251130/tools/bin/../lib/gcc/arm-none-eabi/12.3.1/../../../../arm-none-eabi/lib/thumb/v7e-m+fp/hard\libc_nano.a(libc_a-signalr.o)
                0x0800e500                _kill_r
 .text._getpid_r
                0x0800e524        0x4 C:/ST/STM32CubeIDE_1.17.0/STM32CubeIDE/plugins/com.st.stm32cube.ide.mcu.externaltools.gnu-tools-for-stm32.12.3.rel1.win32_1.1.0.202410251130/tools/bin/../lib/gcc/arm-none-eabi/12.3.1/../../../../arm-none-eabi/lib/thumb/v7e-m+fp/hard\libc_nano.a(libc_a-signalr.o)
                0x0800e524                _getpid_r
 *(.glue_7)
 .glue_7        0x0800e528        0x0 linker stubs
 *(.glue_7t)
 .glue_7t       0x0800e528        0x0 linker stubs
 *(.eh_frame)
 .eh_frame      0x0800e528        0x0 C:/ST/STM32CubeIDE_1.17.0/STM32CubeIDE/plugins/com.st.stm32cube.ide.mcu.externaltools.gnu-tools-for-stm32.12.3.rel1.win32_1.1.0.202410251130/tools/bin/../lib/gcc/arm-none-eabi/12.3.1/thumb/v7e-m+fp/hard/crtbegin.o
 *(.init)
 .init          0x0800e528        0x4 C:/ST/STM32CubeIDE_1.17.0/STM32CubeIDE/plugins/com.st.stm32cube.ide.mcu.externaltools.gnu-tools-for-stm32.12.3.rel1.win32_1.1.0.202410251130/tools/bin/../lib/gcc/arm-none-eabi/12.3.1/thumb/v7e-m+fp/hard/crti.o
                0x0800e528                _init
 .init          0x0800e52c        0x8 C:/ST/STM32CubeIDE_1.17.0/STM32CubeIDE/plugins/com.st.stm32cube.ide.mcu.externaltools.gnu-tools-for-stm32.12.3.rel1.win32_1.1.0.202410251130/tools/bin/../lib/gcc/arm-none-eabi/12.3.1/thumb/v7e-m+fp/hard/crtn.o
 *(.fini)
 .fini          0x0800e534        0x4 C:/ST/STM32CubeIDE_1.17.0/STM32CubeIDE/plugins/com.st.stm32cube.ide.mcu.externaltools.gnu-tools-for-stm32.12.3.rel1.win32_1.1.0.202410251130/tools/bin/../lib/gcc/arm-none-eabi/12.3.1/thumb/v7e-m+fp/hard/crti.o
                0x0800e534                _fini
 .fini          0x0800e538        0x8 C:/ST/STM32CubeIDE_1.17.0/STM32CubeIDE/plugins/com.st.stm32cube.ide.mcu.externaltools.gnu-tools-for-stm32.12.3.rel1.win32_1.1.0.202410251130/tools/bin/../lib/gcc/arm-none-eabi/12.3.1/thumb/v7e-m+fp/hard/crtn.o
                0x0800e540                        . = ALIGN (0x4)
                0x0800e540                        _etext = .

.vfp11_veneer   0x0800e540        0x0
 .vfp11_veneer  0x0800e540        0x0 linker stubs

.v4_bx          0x0800e540        0x0
 .v4_bx         0x0800e540        0x0 linker stubs

.iplt           0x0800e540        0x0
 .iplt          0x0800e540        0x0 C:/ST/STM32CubeIDE_1.17.0/STM32CubeIDE/plugins/com.st.stm32cube.ide.mcu.externaltools.gnu-tools-for-stm32.12.3.rel1.win32_1.1.0.202410251130/tools/bin/../lib/gcc/arm-none-eabi/12.3.1/thumb/v7e-m+fp/hard/crtbegin.o

.rodata         0x0800e540     0x11d0
                0x0800e540                        . = ALIGN (0x4)
 *(.rodata)
 .rodata        0x0800e540      0x23d ./Core/Src/adi_spi_oa.o
 *fill*         0x0800e77d        0x3 
 .rodata        0x0800e780       0xcd ./Core/Src/boardsupport.o
 *fill*         0x0800e84d        0x3 
 .rodata        0x0800e850      0x56d ./Core/Src/main.o
 *fill*         0x0800edbd        0x3 
 .rodata        0x0800edc0       0xf7 ./Core/Src/spi.o
 *fill*         0x0800eeb7        0x1 
 .rodata        0x0800eeb8       0x5d ./Core/Src/stm32l4xx_it.o
 *(.rodata*)
 *fill*         0x0800ef15        0x3 
 .rodata.convMseToSqi
                0x0800ef18        0xe ./Core/Src/adi_phy.o
 *fill*         0x0800ef26        0x2 
 .rodata.crc32_tab
                0x0800ef28      0x400 ./Core/Src/fcs.o
 .rodata.payloadStr
                0x0800f328       0x29 ./Core/Src/main.o
                0x0800f328                payloadStr
 *fill*         0x0800f351        0x3 
 .rodata.AHBPrescTable
                0x0800f354       0x10 ./Core/Src/system_stm32l4xx.o
                0x0800f354                AHBPrescTable
 .rodata.APBPrescTable
                0x0800f364        0x8 ./Core/Src/system_stm32l4xx.o
                0x0800f364                APBPrescTable
 .rodata.MSIRangeTable
                0x0800f36c       0x30 ./Core/Src/system_stm32l4xx.o
                0x0800f36c                MSIRangeTable
 .rodata._printf_float.str1.1
                0x0800f39c       0x12 C:/ST/STM32CubeIDE_1.17.0/STM32CubeIDE/plugins/com.st.stm32cube.ide.mcu.externaltools.gnu-tools-for-stm32.12.3.rel1.win32_1.1.0.202410251130/tools/bin/../lib/gcc/arm-none-eabi/12.3.1/../../../../arm-none-eabi/lib/thumb/v7e-m+fp/hard\libc_nano.a(libc_a-nano-vfprintf_float.o)
 .rodata._printf_i.str1.1
                0x0800f3ae       0x22 C:/ST/STM32CubeIDE_1.17.0/STM32CubeIDE/plugins/com.st.stm32cube.ide.mcu.externaltools.gnu-tools-for-stm32.12.3.rel1.win32_1.1.0.202410251130/tools/bin/../lib/gcc/arm-none-eabi/12.3.1/../../../../arm-none-eabi/lib/thumb/v7e-m+fp/hard\libc_nano.a(libc_a-nano-vfprintf_i.o)
 .rodata._dtoa_r.str1.1
                0x0800f3d0       0x8d C:/ST/STM32CubeIDE_1.17.0/STM32CubeIDE/plugins/com.st.stm32cube.ide.mcu.externaltools.gnu-tools-for-stm32.12.3.rel1.win32_1.1.0.202410251130/tools/bin/../lib/gcc/arm-none-eabi/12.3.1/../../../../arm-none-eabi/lib/thumb/v7e-m+fp/hard\libc_nano.a(libc_a-dtoa.o)
                                 0x8f (size before relaxing)
 .rodata._Balloc.str1.1
                0x0800f45d       0x59 C:/ST/STM32CubeIDE_1.17.0/STM32CubeIDE/plugins/com.st.stm32cube.ide.mcu.externaltools.gnu-tools-for-stm32.12.3.rel1.win32_1.1.0.202410251130/tools/bin/../lib/gcc/arm-none-eabi/12.3.1/../../../../arm-none-eabi/lib/thumb/v7e-m+fp/hard\libc_nano.a(libc_a-mprec.o)
                                 0x70 (size before relaxing)
 .rodata.__multadd.str1.1
                0x0800f4b6       0x11 C:/ST/STM32CubeIDE_1.17.0/STM32CubeIDE/plugins/com.st.stm32cube.ide.mcu.externaltools.gnu-tools-for-stm32.12.3.rel1.win32_1.1.0.202410251130/tools/bin/../lib/gcc/arm-none-eabi/12.3.1/../../../../arm-none-eabi/lib/thumb/v7e-m+fp/hard\libc_nano.a(libc_a-mprec.o)
 *fill*         0x0800f4b6        0x2 
 .rodata.p05.0  0x0800f4b8        0xc C:/ST/STM32CubeIDE_1.17.0/STM32CubeIDE/plugins/com.st.stm32cube.ide.mcu.externaltools.gnu-tools-for-stm32.12.3.rel1.win32_1.1.0.202410251130/tools/bin/../lib/gcc/arm-none-eabi/12.3.1/../../../../arm-none-eabi/lib/thumb/v7e-m+fp/hard\libc_nano.a(libc_a-mprec.o)
 *fill*         0x0800f4c4        0x4 
 .rodata.__mprec_bigtens
                0x0800f4c8       0x28 C:/ST/STM32CubeIDE_1.17.0/STM32CubeIDE/plugins/com.st.stm32cube.ide.mcu.externaltools.gnu-tools-for-stm32.12.3.rel1.win32_1.1.0.202410251130/tools/bin/../lib/gcc/arm-none-eabi/12.3.1/../../../../arm-none-eabi/lib/thumb/v7e-m+fp/hard\libc_nano.a(libc_a-mprec.o)
                0x0800f4c8                __mprec_bigtens
 .rodata.__mprec_tens
                0x0800f4f0       0xc8 C:/ST/STM32CubeIDE_1.17.0/STM32CubeIDE/plugins/com.st.stm32cube.ide.mcu.externaltools.gnu-tools-for-stm32.12.3.rel1.win32_1.1.0.202410251130/tools/bin/../lib/gcc/arm-none-eabi/12.3.1/../../../../arm-none-eabi/lib/thumb/v7e-m+fp/hard\libc_nano.a(libc_a-mprec.o)
                0x0800f4f0                __mprec_tens
 .rodata._svfprintf_r.str1.1
                0x0800f5b8       0x11 C:/ST/STM32CubeIDE_1.17.0/STM32CubeIDE/plugins/com.st.stm32cube.ide.mcu.externaltools.gnu-tools-for-stm32.12.3.rel1.win32_1.1.0.202410251130/tools/bin/../lib/gcc/arm-none-eabi/12.3.1/../../../../arm-none-eabi/lib/thumb/v7e-m+fp/hard\libc_nano.a(libc_a-nano-svfprintf.o)
 .rodata._vfprintf_r.str1.1
                0x0800f5c9       0x11 C:/ST/STM32CubeIDE_1.17.0/STM32CubeIDE/plugins/com.st.stm32cube.ide.mcu.externaltools.gnu-tools-for-stm32.12.3.rel1.win32_1.1.0.202410251130/tools/bin/../lib/gcc/arm-none-eabi/12.3.1/../../../../arm-none-eabi/lib/thumb/v7e-m+fp/hard\libc_nano.a(libc_a-nano-vfprintf.o)
 .rodata._setlocale_r.str1.1
                0x0800f5c9        0x8 C:/ST/STM32CubeIDE_1.17.0/STM32CubeIDE/plugins/com.st.stm32cube.ide.mcu.externaltools.gnu-tools-for-stm32.12.3.rel1.win32_1.1.0.202410251130/tools/bin/../lib/gcc/arm-none-eabi/12.3.1/../../../../arm-none-eabi/lib/thumb/v7e-m+fp/hard\libc_nano.a(libc_a-locale.o)
                                  0x9 (size before relaxing)
 .rodata.str1.1
                0x0800f5d1        0x2 C:/ST/STM32CubeIDE_1.17.0/STM32CubeIDE/plugins/com.st.stm32cube.ide.mcu.externaltools.gnu-tools-for-stm32.12.3.rel1.win32_1.1.0.202410251130/tools/bin/../lib/gcc/arm-none-eabi/12.3.1/../../../../arm-none-eabi/lib/thumb/v7e-m+fp/hard\libc_nano.a(libc_a-locale.o)
 .rodata.__assert_func.str1.1
                0x0800f5d3       0x3c C:/ST/STM32CubeIDE_1.17.0/STM32CubeIDE/plugins/com.st.stm32cube.ide.mcu.externaltools.gnu-tools-for-stm32.12.3.rel1.win32_1.1.0.202410251130/tools/bin/../lib/gcc/arm-none-eabi/12.3.1/../../../../arm-none-eabi/lib/thumb/v7e-m+fp/hard\libc_nano.a(libc_a-assert.o)
                                 0x3d (size before relaxing)
 .rodata._ctype_
                0x0800f60f      0x101 C:/ST/STM32CubeIDE_1.17.0/STM32CubeIDE/plugins/com.st.stm32cube.ide.mcu.externaltools.gnu-tools-for-stm32.12.3.rel1.win32_1.1.0.202410251130/tools/bin/../lib/gcc/arm-none-eabi/12.3.1/../../../../arm-none-eabi/lib/thumb/v7e-m+fp/hard\libc_nano.a(libc_a-ctype_.o)
                0x0800f60f                _ctype_
                0x0800f710                        . = ALIGN (0x4)

.ARM.extab      0x0800f710        0x0
                0x0800f710                        . = ALIGN (0x4)
 *(.ARM.extab* .gnu.linkonce.armextab.*)
                0x0800f710                        . = ALIGN (0x4)

.ARM            0x0800f710        0x8
                0x0800f710                        . = ALIGN (0x4)
                0x0800f710                        __exidx_start = .
 *(.ARM.exidx*)
 .ARM.exidx     0x0800f710        0x8 C:/ST/STM32CubeIDE_1.17.0/STM32CubeIDE/plugins/com.st.stm32cube.ide.mcu.externaltools.gnu-tools-for-stm32.12.3.rel1.win32_1.1.0.202410251130/tools/bin/../lib/gcc/arm-none-eabi/12.3.1/../../../../arm-none-eabi/lib/thumb/v7e-m+fp/hard\libc_nano.a(libc_a-memchr.o)
 .ARM.exidx     0x0800f718        0x0 C:/ST/STM32CubeIDE_1.17.0/STM32CubeIDE/plugins/com.st.stm32cube.ide.mcu.externaltools.gnu-tools-for-stm32.12.3.rel1.win32_1.1.0.202410251130/tools/bin/../lib/gcc/arm-none-eabi/12.3.1/../../../../arm-none-eabi/lib/thumb/v7e-m+fp/hard\libc_nano.a(libc_a-strlen.o)
                                  0x8 (size before relaxing)
 .ARM.exidx     0x0800f718        0x0 C:/ST/STM32CubeIDE_1.17.0/STM32CubeIDE/plugins/com.st.stm32cube.ide.mcu.externaltools.gnu-tools-for-stm32.12.3.rel1.win32_1.1.0.202410251130/tools/bin/../lib/gcc/arm-none-eabi/12.3.1/thumb/v7e-m+fp/hard\libgcc.a(_udivmoddi4.o)
                                  0x8 (size before relaxing)
                0x0800f718                        __exidx_end = .
                0x0800f718                        . = ALIGN (0x4)

.preinit_array  0x0800f718        0x0
                0x0800f718                        . = ALIGN (0x4)
                0x0800f718                        PROVIDE (__preinit_array_start = .)
 *(.preinit_array*)
                0x0800f718                        PROVIDE (__preinit_array_end = .)
                0x0800f718                        . = ALIGN (0x4)

.init_array     0x0800f718        0x4
                0x0800f718                        . = ALIGN (0x4)
                0x0800f718                        PROVIDE (__init_array_start = .)
 *(SORT_BY_NAME(.init_array.*))
 *(.init_array*)
 .init_array    0x0800f718        0x4 C:/ST/STM32CubeIDE_1.17.0/STM32CubeIDE/plugins/com.st.stm32cube.ide.mcu.externaltools.gnu-tools-for-stm32.12.3.rel1.win32_1.1.0.202410251130/tools/bin/../lib/gcc/arm-none-eabi/12.3.1/thumb/v7e-m+fp/hard/crtbegin.o
                0x0800f71c                        PROVIDE (__init_array_end = .)
                0x0800f71c                        . = ALIGN (0x4)

.fini_array     0x0800f71c        0x4
                0x0800f71c                        . = ALIGN (0x4)
                [!provide]                        PROVIDE (__fini_array_start = .)
 *(SORT_BY_NAME(.fini_array.*))
 *(.fini_array*)
 .fini_array    0x0800f71c        0x4 C:/ST/STM32CubeIDE_1.17.0/STM32CubeIDE/plugins/com.st.stm32cube.ide.mcu.externaltools.gnu-tools-for-stm32.12.3.rel1.win32_1.1.0.202410251130/tools/bin/../lib/gcc/arm-none-eabi/12.3.1/thumb/v7e-m+fp/hard/crtbegin.o
                [!provide]                        PROVIDE (__fini_array_end = .)
                0x0800f720                        . = ALIGN (0x4)
                0x0800f720                        _sidata = LOADADDR (.data)

.rel.dyn        0x0800f720        0x0
 .rel.iplt      0x0800f720        0x0 C:/ST/STM32CubeIDE_1.17.0/STM32CubeIDE/plugins/com.st.stm32cube.ide.mcu.externaltools.gnu-tools-for-stm32.12.3.rel1.win32_1.1.0.202410251130/tools/bin/../lib/gcc/arm-none-eabi/12.3.1/thumb/v7e-m+fp/hard/crtbegin.o

.data           0x20000000      0xeec load address 0x0800f720
                0x20000000                        . = ALIGN (0x4)
                0x20000000                        _sdata = .
 *(.data)
 *(.data*)
 .data.macDriverEntry
                0x20000000       0x88 ./Core/Src/adi_mac.o
                0x20000000                macDriverEntry
 .data.phyDriverEntry
                0x20000088       0x90 ./Core/Src/adi_phy.o
                0x20000088                phyDriverEntry
 .data.macAddr  0x20000118        0xc ./Core/Src/frames.o
                0x20000118                macAddr
 .data.testFrames
                0x20000124      0xbdc ./Core/Src/frames.o
                0x20000124                testFrames
 .data.hDevice  0x20000d00        0x4 ./Core/Src/main.o
                0x20000d00                hDevice
 .data.dest_mac
                0x20000d04        0x6 ./Core/Src/main.o
                0x20000d04                dest_mac
 *fill*         0x20000d0a        0x2 
 .data.mySourceMac
                0x20000d0c        0x6 ./Core/Src/main.o
                0x20000d0c                mySourceMac
 .data.myEtherType
                0x20000d12        0x2 ./Core/Src/main.o
                0x20000d12                myEtherType
 .data.payloadLen
                0x20000d14        0x4 ./Core/Src/main.o
                0x20000d14                payloadLen
 .data.SystemCoreClock
                0x20000d18        0x4 ./Core/Src/system_stm32l4xx.o
                0x20000d18                SystemCoreClock
 .data.uwTickPrio
                0x20000d1c        0x4 ./Drivers/STM32L4xx_HAL_Driver/Src/stm32l4xx_hal.o
                0x20000d1c                uwTickPrio
 .data.uwTickFreq
                0x20000d20        0x1 ./Drivers/STM32L4xx_HAL_Driver/Src/stm32l4xx_hal.o
                0x20000d20                uwTickFreq
 *fill*         0x20000d21        0x3 
 .data.__sglue  0x20000d24        0xc C:/ST/STM32CubeIDE_1.17.0/STM32CubeIDE/plugins/com.st.stm32cube.ide.mcu.externaltools.gnu-tools-for-stm32.12.3.rel1.win32_1.1.0.202410251130/tools/bin/../lib/gcc/arm-none-eabi/12.3.1/../../../../arm-none-eabi/lib/thumb/v7e-m+fp/hard\libc_nano.a(libc_a-findfp.o)
                0x20000d24                __sglue
 .data._impure_ptr