Archive member included to satisfy reference by file (symbol)

C:/ST/STM32CubeIDE_1.17.0/STM32CubeIDE/plugins/com.st.stm32cube.ide.mcu.externaltools.gnu-tools-for-stm32.12.3.rel1.win32_1.1.0.202410251130/tools/bin/../lib/gcc/arm-none-eabi/12.3.1/../../../../arm-none-eabi/lib/thumb/v7e-m+fp/hard\libc_nano.a(libc_a-exit.o)
                              C:/ST/STM32CubeIDE_1.17.0/STM32CubeIDE/plugins/com.st.stm32cube.ide.mcu.externaltools.gnu-tools-for-stm32.12.3.rel1.win32_1.1.0.202410251130/tools/bin/../lib/gcc/arm-none-eabi/12.3.1/../../../../arm-none-eabi/lib/thumb/v7e-m+fp/hard/crt0.o (exit)
C:/ST/STM32CubeIDE_1.17.0/STM32CubeIDE/plugins/com.st.stm32cube.ide.mcu.externaltools.gnu-tools-for-stm32.12.3.rel1.win32_1.1.0.202410251130/tools/bin/../lib/gcc/arm-none-eabi/12.3.1/../../../../arm-none-eabi/lib/thumb/v7e-m+fp/hard\libc_nano.a(libc_a-malloc.o)
                              ./Core/ThreadSafe/newlib_lock_glue.o (malloc)
C:/ST/STM32CubeIDE_1.17.0/STM32CubeIDE/plugins/com.st.stm32cube.ide.mcu.externaltools.gnu-tools-for-stm32.12.3.rel1.win32_1.1.0.202410251130/tools/bin/../lib/gcc/arm-none-eabi/12.3.1/../../../../arm-none-eabi/lib/thumb/v7e-m+fp/hard\libc_nano.a(libc_a-mallocr.o)
                              C:/ST/STM32CubeIDE_1.17.0/STM32CubeIDE/plugins/com.st.stm32cube.ide.mcu.externaltools.gnu-tools-for-stm32.12.3.rel1.win32_1.1.0.202410251130/tools/bin/../lib/gcc/arm-none-eabi/12.3.1/../../../../arm-none-eabi/lib/thumb/v7e-m+fp/hard\libc_nano.a(libc_a-malloc.o) (_malloc_r)
C:/ST/STM32CubeIDE_1.17.0/STM32CubeIDE/plugins/com.st.stm32cube.ide.mcu.externaltools.gnu-tools-for-stm32.12.3.rel1.win32_1.1.0.202410251130/tools/bin/../lib/gcc/arm-none-eabi/12.3.1/../../../../arm-none-eabi/lib/thumb/v7e-m+fp/hard\libc_nano.a(libc_a-mlock.o)
                              C:/ST/STM32CubeIDE_1.17.0/STM32CubeIDE/plugins/com.st.stm32cube.ide.mcu.externaltools.gnu-tools-for-stm32.12.3.rel1.win32_1.1.0.202410251130/tools/bin/../lib/gcc/arm-none-eabi/12.3.1/../../../../arm-none-eabi/lib/thumb/v7e-m+fp/hard\libc_nano.a(libc_a-mallocr.o) (__malloc_lock)
C:/ST/STM32CubeIDE_1.17.0/STM32CubeIDE/plugins/com.st.stm32cube.ide.mcu.externaltools.gnu-tools-for-stm32.12.3.rel1.win32_1.1.0.202410251130/tools/bin/../lib/gcc/arm-none-eabi/12.3.1/../../../../arm-none-eabi/lib/thumb/v7e-m+fp/hard\libc_nano.a(libc_a-nano-vfprintf_float.o)
                              (_printf_float)
C:/ST/STM32CubeIDE_1.17.0/STM32CubeIDE/plugins/com.st.stm32cube.ide.mcu.externaltools.gnu-tools-for-stm32.12.3.rel1.win32_1.1.0.202410251130/tools/bin/../lib/gcc/arm-none-eabi/12.3.1/../../../../arm-none-eabi/lib/thumb/v7e-m+fp/hard\libc_nano.a(libc_a-nano-vfprintf_i.o)
                              C:/ST/STM32CubeIDE_1.17.0/STM32CubeIDE/plugins/com.st.stm32cube.ide.mcu.externaltools.gnu-tools-for-stm32.12.3.rel1.win32_1.1.0.202410251130/tools/bin/../lib/gcc/arm-none-eabi/12.3.1/../../../../arm-none-eabi/lib/thumb/v7e-m+fp/hard\libc_nano.a(libc_a-nano-vfprintf_float.o) (_printf_common)
C:/ST/STM32CubeIDE_1.17.0/STM32CubeIDE/plugins/com.st.stm32cube.ide.mcu.externaltools.gnu-tools-for-stm32.12.3.rel1.win32_1.1.0.202410251130/tools/bin/../lib/gcc/arm-none-eabi/12.3.1/../../../../arm-none-eabi/lib/thumb/v7e-m+fp/hard\libc_nano.a(libc_a-findfp.o)
                              C:/ST/STM32CubeIDE_1.17.0/STM32CubeIDE/plugins/com.st.stm32cube.ide.mcu.externaltools.gnu-tools-for-stm32.12.3.rel1.win32_1.1.0.202410251130/tools/bin/../lib/gcc/arm-none-eabi/12.3.1/../../../../arm-none-eabi/lib/thumb/v7e-m+fp/hard\libc_nano.a(libc_a-exit.o) (__stdio_exit_handler)
C:/ST/STM32CubeIDE_1.17.0/STM32CubeIDE/plugins/com.st.stm32cube.ide.mcu.externaltools.gnu-tools-for-stm32.12.3.rel1.win32_1.1.0.202410251130/tools/bin/../lib/gcc/arm-none-eabi/12.3.1/../../../../arm-none-eabi/lib/thumb/v7e-m+fp/hard\libc_nano.a(libc_a-fwalk.o)
                              C:/ST/STM32CubeIDE_1.17.0/STM32CubeIDE/plugins/com.st.stm32cube.ide.mcu.externaltools.gnu-tools-for-stm32.12.3.rel1.win32_1.1.0.202410251130/tools/bin/../lib/gcc/arm-none-eabi/12.3.1/../../../../arm-none-eabi/lib/thumb/v7e-m+fp/hard\libc_nano.a(libc_a-findfp.o) (_fwalk_sglue)
C:/ST/STM32CubeIDE_1.17.0/STM32CubeIDE/plugins/com.st.stm32cube.ide.mcu.externaltools.gnu-tools-for-stm32.12.3.rel1.win32_1.1.0.202410251130/tools/bin/../lib/gcc/arm-none-eabi/12.3.1/../../../../arm-none-eabi/lib/thumb/v7e-m+fp/hard\libc_nano.a(libc_a-printf.o)
                              ./Core/Src/rtc.o (printf)
C:/ST/STM32CubeIDE_1.17.0/STM32CubeIDE/plugins/com.st.stm32cube.ide.mcu.externaltools.gnu-tools-for-stm32.12.3.rel1.win32_1.1.0.202410251130/tools/bin/../lib/gcc/arm-none-eabi/12.3.1/../../../../arm-none-eabi/lib/thumb/v7e-m+fp/hard\libc_nano.a(libc_a-puts.o)
                              ./Core/Src/i2c.o (puts)
[...]
Memory Configuration

Name             Origin             Length             Attributes
RAM              0x20000000         0x00040000         xrw
RAM2             0x10000000         0x00010000         xrw
FLASH            0x08000000         0x00100000         xr
*default*        0x00000000         0xffffffff

Linker script and memory map

LOAD C:/ST/STM32CubeIDE_1.17.0/STM32CubeIDE/plugins/com.st.stm32cube.ide.mcu.externaltools.gnu-tools-for-stm32.12.3.rel1.win32_1.1.0.202410251130/tools/bin/../lib/gcc/arm-none-eabi/12.3.1/thumb/v7e-m+fp/hard/crti.o
LOAD C:/ST/STM32CubeIDE_1.17.0/STM32CubeIDE/plugins/com.st.stm32cube.ide.mcu.externaltools.gnu-tools-for-stm32.12.3.rel1.win32_1.1.0.202410251130/tools/bin/../lib/gcc/arm-none-eabi/12.3.1/thumb/v7e-m+fp/hard/crtbegin.o
LOAD C:/ST/STM32CubeIDE_1.17.0/STM32CubeIDE/plugins/com.st.stm32cube.ide.mcu.externaltools.gnu-tools-for-stm32.12.3.rel1.win32_1.1.0.202410251130/tools/bin/../lib/gcc/arm-none-eabi/12.3.1/../../../../arm-none-eabi/lib/thumb/v7e-m+fp/hard/crt0.o
LOAD ./Core/Src/adc.o
LOAD ./Core/Src/adi_mac.o
LOAD ./Core/Src/adi_phy.o
LOAD ./Core/Src/adi_spi_oa.o
LOAD ./Core/Src/adin1110.o
LOAD ./Core/Src/boardsupport.o
LOAD ./Core/Src/dma.o
LOAD ./Core/Src/fcs.o
LOAD ./Core/Src/frames.o
LOAD ./Core/Src/gpio.o
LOAD ./Core/Src/hal.o
LOAD ./Core/Src/i2c.o
LOAD ./Core/Src/main.o
LOAD ./Core/Src/rtc.o
LOAD ./Core/Src/spi.o
LOAD ./Core/Src/stm32l4xx_hal_msp.o
LOAD ./Core/Src/stm32l4xx_hal_timebase_tim.o
LOAD ./Core/Src/stm32l4xx_it.o
LOAD ./Core/Src/syscalls.o
LOAD ./Core/Src/sysmem.o
LOAD ./Core/Src/system_stm32l4xx.o
LOAD ./Core/Src/usart.o
LOAD ./Core/Startup/startup_stm32l496zgtxp.o
LOAD ./Core/ThreadSafe/newlib_lock_glue.o
LOAD ./Drivers/STM32L4xx_HAL_Driver/Src/stm32l4xx_hal.o
LOAD ./Drivers/STM32L4xx_HAL_Driver/Src/stm32l4xx_hal_adc.o
LOAD ./Drivers/STM32L4xx_HAL_Driver/Src/stm32l4xx_hal_adc_ex.o
LOAD ./Drivers/STM32L4xx_HAL_Driver/Src/stm32l4xx_hal_cortex.o
LOAD ./Drivers/STM32L4xx_HAL_Driver/Src/stm32l4xx_hal_dma.o
LOAD ./Drivers/STM32L4xx_HAL_Driver/Src/stm32l4xx_hal_dma_ex.o
LOAD ./Drivers/STM32L4xx_HAL_Driver/Src/stm32l4xx_hal_exti.o
LOAD ./Drivers/STM32L4xx_HAL_Driver/Src/stm32l4xx_hal_flash.o
LOAD ./Drivers/STM32L4xx_HAL_Driver/Src/stm32l4xx_hal_flash_ex.o
LOAD ./Drivers/STM32L4xx_HAL_Driver/Src/stm32l4xx_hal_flash_ramfunc.o
LOAD ./Drivers/STM32L4xx_HAL_Driver/Src/stm32l4xx_hal_gpio.o
LOAD ./Drivers/STM32L4xx_HAL_Driver/Src/stm32l4xx_hal_i2c.o
LOAD ./Drivers/STM32L4xx_HAL_Driver/Src/stm32l4xx_hal_i2c_ex.o
LOAD ./Drivers/STM32L4xx_HAL_Driver/Src/stm32l4xx_hal_pwr.o
LOAD ./Drivers/STM32L4xx_HAL_Driver/Src/stm32l4xx_hal_pwr_ex.o
LOAD ./Drivers/STM32L4xx_HAL_Driver/Src/stm32l4xx_hal_rcc.o
LOAD ./Drivers/STM32L4xx_HAL_Driver/Src/stm32l4xx_hal_rcc_ex.o
LOAD ./Drivers/STM32L4xx_HAL_Driver/Src/stm32l4xx_hal_rtc.o
LOAD ./Drivers/STM32L4xx_HAL_Driver/Src/stm32l4xx_hal_rtc_ex.o
LOAD ./Drivers/STM32L4xx_HAL_Driver/Src/stm32l4xx_hal_spi.o
LOAD ./Drivers/STM32L4xx_HAL_Driver/Src/stm32l4xx_hal_spi_ex.o
LOAD ./Drivers/STM32L4xx_HAL_Driver/Src/stm32l4xx_hal_tim.o
LOAD ./Drivers/STM32L4xx_HAL_Driver/Src/stm32l4xx_hal_tim_ex.o
LOAD ./Drivers/STM32L4xx_HAL_Driver/Src/stm32l4xx_hal_uart.o
LOAD ./Drivers/STM32L4xx_HAL_Driver/Src/stm32l4xx_hal_uart_ex.o
START GROUP
LOAD C:/ST/STM32CubeIDE_1.17.0/STM32CubeIDE/plugins/com.st.stm32cube.ide.mcu.externaltools.gnu-tools-for-stm32.12.3.rel1.win32_1.1.0.202410251130/tools/bin/../lib/gcc/arm-none-eabi/12.3.1/../../../../arm-none-eabi/lib/thumb/v7e-m+fp/hard\libc_nano.a
LOAD C:/ST/STM32CubeIDE_1.17.0/STM32CubeIDE/plugins/com.st.stm32cube.ide.mcu.externaltools.gnu-tools-for-stm32.12.3.rel1.win32_1.1.0.202410251130/tools/bin/../lib/gcc/arm-none-eabi/12.3.1/../../../../arm-none-eabi/lib/thumb/v7e-m+fp/hard\libm.a
END GROUP
START GROUP
LOAD C:/ST/STM32CubeIDE_1.17.0/STM32CubeIDE/plugins/com.st.stm32cube.ide.mcu.externaltools.gnu-tools-for-stm32.12.3.rel1.win32_1.1.0.202410251130/tools/bin/../lib/gcc/arm-none-eabi/12.3.1/thumb/v7e-m+fp/hard\libgcc.a
LOAD C:/ST/STM32CubeIDE_1.17.0/STM32CubeIDE/plugins/com.st.stm32cube.ide.mcu.externaltools.gnu-tools-for-stm32.12.3.rel1.win32_1.1.0.202410251130/tools/bin/../lib/gcc/arm-none-eabi/12.3.1/../../../../arm-none-eabi/lib/thumb/v7e-m+fp/hard\libc_nano.a
END GROUP
START GROUP
LOAD C:/ST/STM32CubeIDE_1.17.0/STM32CubeIDE/plugins/com.st.stm32cube.ide.mcu.externaltools.gnu-tools-for-stm32.12.3.rel1.win32_1.1.0.202410251130/tools/bin/../lib/gcc/arm-none-eabi/12.3.1/thumb/v7e-m+fp/hard\libgcc.a
LOAD C:/ST/STM32CubeIDE_1.17.0/STM32CubeIDE/plugins/com.st.stm32cube.ide.mcu.externaltools.gnu-tools-for-stm32.12.3.rel1.win32_1.1.0.202410251130/tools/bin/../lib/gcc/arm-none-eabi/12.3.1/../../../../arm-none-eabi/lib/thumb/v7e-m+fp/hard\libc_nano.a
LOAD C:/ST/STM32CubeIDE_1.17.0/STM32CubeIDE/plugins/com.st.stm32cube.ide.mcu.externaltools.gnu-tools-for-stm32.12.3.rel1.win32_1.1.0.202410251130/tools/bin/../lib/gcc/arm-none-eabi/12.3.1/../../../../arm-none-eabi/lib/thumb/v7e-m+fp/hard\libnosys.a
END GROUP
START GROUP
LOAD C:/ST/STM32CubeIDE_1.17.0/STM32CubeIDE/plugins/com.st.stm32cube.ide.mcu.externaltools.gnu-tools-for-stm32.12.3.rel1.win32_1.1.0.202410251130/tools/bin/../lib/gcc/arm-none-eabi/12.3.1/thumb/v7e-m+fp/hard\libgcc.a
LOAD C:/ST/STM32CubeIDE_1.17.0/STM32CubeIDE/plugins/com.st.stm32cube.ide.mcu.externaltools.gnu-tools-for-stm32.12.3.rel1.win32_1.1.0.202410251130/tools/bin/../lib/gcc/arm-none-eabi/12.3.1/../../../../arm-none-eabi/lib/thumb/v7e-m+fp/hard\libc_nano.a
LOAD C:/ST/STM32CubeIDE_1.17.0/STM32CubeIDE/plugins/com.st.stm32cube.ide.mcu.externaltools.gnu-tools-for-stm32.12.3.rel1.win32_1.1.0.202410251130/tools/bin/../lib/gcc/arm-none-eabi/12.3.1/../../../../arm-none-eabi/lib/thumb/v7e-m+fp/hard\libnosys.a
END GROUP
LOAD C:/ST/STM32CubeIDE_1.17.0/STM32CubeIDE/plugins/com.st.stm32cube.ide.mcu.externaltools.gnu-tools-for-stm32.12.3.rel1.win32_1.1.0.202410251130/tools/bin/../lib/gcc/arm-none-eabi/12.3.1/thumb/v7e-m+fp/hard/crtend.o
LOAD C:/ST/STM32CubeIDE_1.17.0/STM32CubeIDE/plugins/com.st.stm32cube.ide.mcu.externaltools.gnu-tools-for-stm32.12.3.rel1.win32_1.1.0.202410251130/tools/bin/../lib/gcc/arm-none-eabi/12.3.1/thumb/v7e-m+fp/hard/crtn.o
                0x20040000                        _estack = (ORIGIN (RAM) + LENGTH (RAM))
                0x00000200                        _Min_Heap_Size = 0x200
                0x00000400                        _Min_Stack_Size = 0x400

.isr_vector     0x08000000      0x1ac
                0x08000000                        . = ALIGN (0x4)
 *(.isr_vector)
 .isr_vector    0x08000000      0x1ac ./Core/Startup/startup_stm32l496zgtxp.o
                0x08000000                g_pfnVectors
                0x080001ac                        . = ALIGN (0x4)

.text           0x080001b0    0x11724
                0x080001b0                        . = ALIGN (0x4)
 *(.text)
 .text          0x080001b0       0x40 C:/ST/STM32CubeIDE_1.17.0/STM32CubeIDE/plugins/com.st.stm32cube.ide.mcu.externaltools.gnu-tools-for-stm32.12.3.rel1.win32_1.1.0.202410251130/tools/bin/../lib/gcc/arm-none-eabi/12.3.1/thumb/v7e-m+fp/hard/crtbegin.o
 .text          0x080001f0       0xa0 C:/ST/STM32CubeIDE_1.17.0/STM32CubeIDE/plugins/com.st.stm32cube.ide.mcu.externaltools.gnu-tools-for-stm32.12.3.rel1.win32_1.1.0.202410251130/tools/bin/../lib/gcc/arm-none-eabi/12.3.1/../../../../arm-none-eabi/lib/thumb/v7e-m+fp/hard\libc_nano.a(libc_a-memchr.o)
                0x080001f0                memchr
 .text          0x08000290       0x10 C:/ST/STM32CubeIDE_1.17.0/STM32CubeIDE/plugins/com.st.stm32cube.ide.mcu.externaltools.gnu-tools-for-stm32.12.3.rel1.win32_1.1.0.202410251130/tools/bin/../lib/gcc/arm-none-eabi/12.3.1/../../../../arm-none-eabi/lib/thumb/v7e-m+fp/hard\libc_nano.a(libc_a-strlen.o)
                0x08000290                strlen
 .text          0x080002a0      0x378 C:/ST/STM32CubeIDE_1.17.0/STM32CubeIDE/plugins/com.st.stm32cube.ide.mcu.externaltools.gnu-tools-for-stm32.12.3.rel1.win32_1.1.0.202410251130/tools/bin/../lib/gcc/arm-none-eabi/12.3.1/thumb/v7e-m+fp/hard\libgcc.a(_arm_addsubdf3.o)
                0x080002a0                __aeabi_drsub
                0x080002a8                __aeabi_dsub
                0x080002a8                __subdf3
                0x080002ac                __aeabi_dadd
                0x080002ac                __adddf3
                0x08000524                __floatunsidf
                0x08000524                __aeabi_ui2d
                0x08000544                __floatsidf
                0x08000544                __aeabi_i2d
                0x08000568                __aeabi_f2d
                0x08000568                __extendsfdf2
                0x080005ac                __floatundidf
                0x080005ac                __aeabi_ul2d
                0x080005bc                __floatdidf
                0x080005bc                __aeabi_l2d
 .text          0x08000618      0x424 C:/ST/STM32CubeIDE_1.17.0/STM32CubeIDE/plugins/com.st.stm32cube.ide.mcu.externaltools.gnu-tools-for-stm32.12.3.rel1.win32_1.1.0.202410251130/tools/bin/../lib/gcc/arm-none-eabi/12.3.1/thumb/v7e-m+fp/hard\libgcc.a(_arm_muldivdf3.o)
                0x08000618                __aeabi_dmul
                0x08000618                __muldf3
                0x0800086c                __divdf3
                0x0800086c                __aeabi_ddiv
 .text          0x08000a3c      0x110 C:/ST/STM32CubeIDE_1.17.0/STM32CubeIDE/plugins/com.st.stm32cube.ide.mcu.externaltools.gnu-tools-for-stm32.12.3.rel1.win32_1.1.0.202410251130/tools/bin/../lib/gcc/arm-none-eabi/12.3.1/thumb/v7e-m+fp/hard\libgcc.a(_arm_cmpdf2.o)
                0x08000a3c                __gtdf2
                0x08000a3c                __gedf2
                0x08000a44                __ltdf2
                0x08000a44                __ledf2
                0x08000a4c                __nedf2
                0x08000a4c                __eqdf2
                0x08000a4c                __cmpdf2
                0x08000ac8                __aeabi_cdrcmple
                0x08000ad8                __aeabi_cdcmpeq
                0x08000ad8                __aeabi_cdcmple
                0x08000ae8                __aeabi_dcmpeq
                0x08000afc                __aeabi_dcmplt
                0x08000b10                __aeabi_dcmple
                0x08000b24                __aeabi_dcmpge
                0x08000b38                __aeabi_dcmpgt
 .text          0x08000b4c       0x2c C:/ST/STM32CubeIDE_1.17.0/STM32CubeIDE/plugins/com.st.stm32cube.ide.mcu.externaltools.gnu-tools-for-stm32.12.3.rel1.win32_1.1.0.202410251130/tools/bin/../lib/gcc/arm-none-eabi/12.3.1/thumb/v7e-m+fp/hard\libgcc.a(_arm_unorddf2.o)
                0x08000b4c                __unorddf2
                0x08000b4c                __aeabi_dcmpun
 .text          0x08000b78       0x50 C:/ST/STM32CubeIDE_1.17.0/STM32CubeIDE/plugins/com.st.stm32cube.ide.mcu.externaltools.gnu-tools-for-stm32.12.3.rel1.win32_1.1.0.202410251130/tools/bin/../lib/gcc/arm-none-eabi/12.3.1/thumb/v7e-m+fp/hard\libgcc.a(_arm_fixdfsi.o)
                0x08000b78                __aeabi_d2iz
                0x08000b78                __fixdfsi
 .text          0x08000bc8       0x40 C:/ST/STM32CubeIDE_1.17.0/STM32CubeIDE/plugins/com.st.stm32cube.ide.mcu.externaltools.gnu-tools-for-stm32.12.3.rel1.win32_1.1.0.202410251130/tools/bin/../lib/gcc/arm-none-eabi/12.3.1/thumb/v7e-m+fp/hard\libgcc.a(_arm_fixunsdfsi.o)
                0x08000bc8                __aeabi_d2uiz
                0x08000bc8                __fixunsdfsi
 .text          0x08000c08       0xa0 C:/ST/STM32CubeIDE_1.17.0/STM32CubeIDE/plugins/com.st.stm32cube.ide.mcu.externaltools.gnu-tools-for-stm32.12.3.rel1.win32_1.1.0.202410251130/tools/bin/../lib/gcc/arm-none-eabi/12.3.1/thumb/v7e-m+fp/hard\libgcc.a(_aeabi_ldivmod.o)
                0x08000c08                __aeabi_ldivmod
 .text          0x08000ca8       0x30 C:/ST/STM32CubeIDE_1.17.0/STM32CubeIDE/plugins/com.st.stm32cube.ide.mcu.externaltools.gnu-tools-for-stm32.12.3.rel1.win32_1.1.0.202410251130/tools/bin/../lib/gcc/arm-none-eabi/12.3.1/thumb/v7e-m+fp/hard\libgcc.a(_aeabi_uldivmod.o)
                0x08000ca8                __aeabi_uldivmod
 .text          0x08000cd8      0x2bc C:/ST/STM32CubeIDE_1.17.0/STM32CubeIDE/plugins/com.st.stm32cube.ide.mcu.externaltools.gnu-tools-for-stm32.12.3.rel1.win32_1.1.0.202410251130/tools/bin/../lib/gcc/arm-none-eabi/12.3.1/thumb/v7e-m+fp/hard\libgcc.a(_udivmoddi4.o)
                0x08000cd8                __udivmoddi4
 .text          0x08000f94        0x4 C:/ST/STM32CubeIDE_1.17.0/STM32CubeIDE/plugins/com.st.stm32cube.ide.mcu.externaltools.gnu-tools-for-stm32.12.3.rel1.win32_1.1.0.202410251130/tools/bin/../lib/gcc/arm-none-eabi/12.3.1/thumb/v7e-m+fp/hard\libgcc.a(_dvmd_tls.o)
                0x08000f94                __aeabi_idiv0
                0x08000f94                __aeabi_ldiv0
 *(.text*)
 .text.MX_ADC1_Init
                0x08000f98      0x108 ./Core/Src/adc.o
                0x08000f98                MX_ADC1_Init
 .text.HAL_ADC_MspInit
                0x080010a0      0x130 ./Core/Src/adc.o
                0x080010a0                HAL_ADC_MspInit
 .text.queueInit
                0x080011d0       0x62 ./Core/Src/adi_mac.o
                0x080011d0                queueInit
 .text.queueCount
                0x08001232       0x44 ./Core/Src/adi_mac.o
 .text.queueIsFull
                0x08001276       0x28 ./Core/Src/adi_mac.o
                0x08001276                queueIsFull
 .text.queueIsEmpty
                0x0800129e       0x2e ./Core/Src/adi_mac.o
                0x0800129e                queueIsEmpty
 .text.queueAdd
                0x080012cc       0x36 ./Core/Src/adi_mac.o
                0x080012cc                queueAdd
 .text.queueRemove
                0x08001302       0x36 ./Core/Src/adi_mac.o
                0x08001302                queueRemove
 .text.macCallback
                0x08001338       0x1e ./Core/Src/adi_mac.o
 *fill*         0x08001356        0x2 
 .text.MAC_Init
                0x08001358      0x1e0 ./Core/Src/adi_mac.o
 .text.macInit  0x08001538      0x17c ./Core/Src/adi_mac.o
 .text.MAC_UnInit
                0x080016b4       0x2c ./Core/Src/adi_mac.o
 .text.MAC_Reset
                0x080016e0       0xe8 ./Core/Src/adi_mac.o
 .text.MAC_RegisterCallback
                0x080017c8       0xda ./Core/Src/adi_mac.o
 *fill*         0x080018a2        0x2 
 .text.MAC_ReadRegister
                0x080018a4       0xec ./Core/Src/adi_mac.o
                0x080018a4                MAC_ReadRegister
 .text.MAC_WriteRegister
                0x08001990       0xec ./Core/Src/adi_mac.o
                0x08001990                MAC_WriteRegister
 .text.waitMdioReady
                0x08001a7c       0x7e ./Core/Src/adi_mac.o
 *fill*         0x08001afa        0x2 
 .text.waitDeviceReady
                0x08001afc       0xe4 ./Core/Src/adi_mac.o
 .text.MAC_PhyRead
                0x08001be0       0xd4 ./Core/Src/adi_mac.o
 .text.MAC_PhyWrite
                0x08001cb4       0xbc ./Core/Src/adi_mac.o
 .text.MAC_SubmitTxBuffer
                0x08001d70      0x122 ./Core/Src/adi_mac.o
 .text.MAC_SubmitRxBuffer
                0x08001e92       0xa8 ./Core/Src/adi_mac.o
 .text.MAC_ProcessTxQueue
                0x08001f3a       0x76 ./Core/Src/adi_mac.o
 .text.MAC_GetStatCounters
                0x08001fb0      0x1fc ./Core/Src/adi_mac.o
 .text.MAC_AddAddressFilter
                0x080021ac      0x1c8 ./Core/Src/adi_mac.o
 .text.MAC_ClearAddressFilter
                0x08002374       0x84 ./Core/Src/adi_mac.o
 .text.MAC_GetLinkStatus
                0x080023f8       0x44 ./Core/Src/adi_mac.o
 .text.MAC_SetChunkSize
                0x0800243c       0x94 ./Core/Src/adi_mac.o
                0x0800243c                MAC_SetChunkSize
 .text.MAC_GetChunkSize
                0x080024d0       0x60 ./Core/Src/adi_mac.o
                0x080024d0                MAC_GetChunkSize
 .text.MAC_SetCutThroughMode
                0x08002530       0x7e ./Core/Src/adi_mac.o
                0x08002530                MAC_SetCutThroughMode
 .text.MAC_GetCutThroughMode
                0x080025ae       0x6e ./Core/Src/adi_mac.o
                0x080025ae                MAC_GetCutThroughMode
 .text.MAC_SetFifoSizes
                0x0800261c       0x36 ./Core/Src/adi_mac.o
                0x0800261c                MAC_SetFifoSizes
 .text.MAC_GetFifoSizes
                0x08002652       0x1e ./Core/Src/adi_mac.o
                0x08002652                MAC_GetFifoSizes
 .text.MAC_ClearFifos
                0x08002670       0x34 ./Core/Src/adi_mac.o
                0x08002670                MAC_ClearFifos
 .text.MAC_SetPromiscuousMode
                0x080026a4       0x6c ./Core/Src/adi_mac.o
 .text.MAC_GetPromiscuousMode
                0x08002710       0x50 ./Core/Src/adi_mac.o
 .text.MAC_TsEnable
                0x08002760      0x118 ./Core/Src/adi_mac.o
                0x08002760                MAC_TsEnable
 .text.MAC_TsClear
                0x08002878       0x4a ./Core/Src/adi_mac.o
                0x08002878                MAC_TsClear
 .text.MAC_TsTimerStart
                0x080028c2      0x132 ./Core/Src/adi_mac.o
                0x080028c2                MAC_TsTimerStart
 .text.MAC_TsTimerStop
                0x080029f4       0x4a ./Core/Src/adi_mac.o
                0x080029f4                MAC_TsTimerStop
 *fill*         0x08002a3e        0x2 
 .text.MAC_TsConvert
                0x08002a40       0xfc ./Core/Src/adi_mac.o
                0x08002a40                MAC_TsConvert
 .text.MAC_TsGetExtCaptTimestamp
                0x08002b3c       0xba ./Core/Src/adi_mac.o
                0x08002b3c                MAC_TsGetExtCaptTimestamp
 .text.MAC_TsGetEgressTimestamp
                0x08002bf6       0xc0 ./Core/Src/adi_mac.o
                0x08002bf6                MAC_TsGetEgressTimestamp
 *fill*         0x08002cb6        0x2 
 .text.MAC_TsSetTimerAbsolute
                0x08002cb8       0xb0 ./Core/Src/adi_mac.o
                0x08002cb8                MAC_TsSetTimerAbsolute
 .text.MAC_TsSyncClock
                0x08002d68      0x10a ./Core/Src/adi_mac.o
                0x08002d68                MAC_TsSyncClock
 *fill*         0x08002e72        0x2 
 .text.MAC_TsSubtract
                0x08002e74       0xe8 ./Core/Src/adi_mac.o
                0x08002e74                MAC_TsSubtract
 .text.MAC_SyncConfig
                0x08002f5c       0x60 ./Core/Src/adi_mac.o
 .text.MAC_CalculateParity
                0x08002fbc       0x74 ./Core/Src/adi_mac.o
                0x08002fbc                MAC_CalculateParity
 .text.PHY_Init
                0x08003030       0xbc ./Core/Src/adi_phy.o
 .text.PHY_UnInit
                0x080030ec       0x2c ./Core/Src/adi_phy.o
 .text.PHY_ReInitPhy
                0x08003118       0x18 ./Core/Src/adi_phy.o
 .text.phyInit  0x08003130      0x17c ./Core/Src/adi_phy.o
 .text.PHY_RegisterCallback
                0x080032ac       0x78 ./Core/Src/adi_phy.o
 .text.irqCb    0x08003324       0x36 ./Core/Src/adi_phy.o
 *fill*         0x0800335a        0x2 
 .text.PHY_ReadIrqStatus
                0x0800335c       0x7c ./Core/Src/adi_phy.o
 .text.PHY_AnAdvTxMode
                0x080033d8       0x90 ./Core/Src/adi_phy.o
 .text.PHY_AnAdvMstSlvCfg
                0x08003468       0xd4 ./Core/Src/adi_phy.o
 .text.PHY_AnEnable
                0x0800353c       0x50 ./Core/Src/adi_phy.o
 .text.PHY_Renegotiate
                0x0800358c       0x40 ./Core/Src/adi_phy.o
 .text.PHY_GetAnStatus
                0x080035cc      0x114 ./Core/Src/adi_phy.o
 .text.PHY_GetCapabilities
                0x080036e0       0x80 ./Core/Src/adi_phy.o
 .text.setSoftwarePowerdown
                0x08003760       0x9c ./Core/Src/adi_phy.o
 .text.PHY_EnterSoftwarePowerdown
                0x080037fc       0x1a ./Core/Src/adi_phy.o
 .text.PHY_ExitSoftwarePowerdown
                0x08003816       0x1a ./Core/Src/adi_phy.o
 .text.PHY_GetSoftwarePowerdown
                0x08003830       0x60 ./Core/Src/adi_phy.o
 .text.PHY_GetLinkStatus
                0x08003890       0x94 ./Core/Src/adi_phy.o
 .text.phyStaticConfig
                0x08003924      0x294 ./Core/Src/adi_phy.o
 .text.PHY_Reset
                0x08003bb8       0x64 ./Core/Src/adi_phy.o
 .text.PHY_SetLoopbackMode
                0x08003c1c      0x248 ./Core/Src/adi_phy.o
 .text.PHY_SetTestMode
                0x08003e64      0x198 ./Core/Src/adi_phy.o
 .text.PHY_LedEn
                0x08003ffc       0x8c ./Core/Src/adi_phy.o
 .text.PHY_LedBlinkTime
                0x08004088       0x88 ./Core/Src/adi_phy.o
 .text.PHY_Write
                0x08004110       0x4a ./Core/Src/adi_phy.o
 .text.PHY_Read
                0x0800415a       0x48 ./Core/Src/adi_phy.o
 *fill*         0x080041a2        0x2 
 .text.PHY_GetMseLinkQuality
                0x080041a4       0x9c ./Core/Src/adi_phy.o
 .text.PHY_FrameGenEn
                0x08004240       0xb0 ./Core/Src/adi_phy.o
 .text.PHY_FrameGenSetMode
                0x080042f0       0x30 ./Core/Src/adi_phy.o
 .text.PHY_FrameGenSetFrameCnt
                0x08004320       0x58 ./Core/Src/adi_phy.o
 .text.PHY_FrameGenSetFramePayload
                0x08004378       0x44 ./Core/Src/adi_phy.o
 .text.PHY_FrameGenSetFrameLen
                0x080043bc       0x30 ./Core/Src/adi_phy.o
 .text.PHY_FrameGenSetIfgLen
                0x080043ec       0x30 ./Core/Src/adi_phy.o
 .text.PHY_FrameGenRestart
                0x0800441c       0x70 ./Core/Src/adi_phy.o
 .text.PHY_FrameGenDone
                0x0800448c       0x4c ./Core/Src/adi_phy.o
 .text.PHY_FrameChkEn
                0x080044d8       0x40 ./Core/Src/adi_phy.o
 .text.PHY_FrameChkSourceSelect
                0x08004518       0x30 ./Core/Src/adi_phy.o
 .text.PHY_FrameChkReadFrameCnt
                0x08004548       0x6c ./Core/Src/adi_phy.o
 .text.PHY_FrameChkReadRxErrCnt
                0x080045b4       0x2c ./Core/Src/adi_phy.o
 .text.PHY_FrameChkReadErrorCnt
                0x080045e0      0x110 ./Core/Src/adi_phy.o
 .text.checkIdentity
                0x080046f0       0x94 ./Core/Src/adi_phy.o
 .text.oaIrqHandler
                0x08004784       0x2a ./Core/Src/adi_spi_oa.o
                0x08004784                oaIrqHandler
 .text.spiCallback
                0x080047ae       0x1e ./Core/Src/adi_spi_oa.o
                0x080047ae                spiCallback
 .text.oaStateMachine
                0x080047cc      0xe5c ./Core/Src/adi_spi_oa.o
                0x080047cc                oaStateMachine
 .text.oaPhyRegReadStart
                0x08005628       0xe6 ./Core/Src/adi_spi_oa.o
 .text.oaPhyRegReadStep
                0x0800570e       0xac ./Core/Src/adi_spi_oa.o
 .text.oaSpiIntHandle
                0x080057ba      0x17e ./Core/Src/adi_spi_oa.o
 .text.oaSpiProcess
                0x08005938      0x1a0 ./Core/Src/adi_spi_oa.o
 .text.oaCreateNextChunk
                0x08005ad8      0x2a2 ./Core/Src/adi_spi_oa.o
 .text.oaCtrlSetup
                0x08005d7a       0x72 ./Core/Src/adi_spi_oa.o
 .text.oaCtrlCmdHeader
                0x08005dec       0xaa ./Core/Src/adi_spi_oa.o
 .text.oaCtrlCmdReadData
                0x08005e96       0x76 ./Core/Src/adi_spi_oa.o
 .text.oaCtrlCmdWriteData
                0x08005f0c       0x6a ./Core/Src/adi_spi_oa.o
 .text.MAC_SendFrame
                0x08005f76       0x28 ./Core/Src/adi_spi_oa.o
                0x08005f76                MAC_SendFrame
 *fill*         0x08005f9e        0x2 
 .text.PhyWrite
                0x08005fa0       0x38 ./Core/Src/adin1110.o
 .text.PhyRead  0x08005fd8       0x34 ./Core/Src/adin1110.o
 .text.adin1110_Init
                0x0800600c       0xcc ./Core/Src/adin1110.o
                0x0800600c                adin1110_Init
 .text.adin1110_UnInit
                0x080060d8       0x64 ./Core/Src/adin1110.o
                0x080060d8                adin1110_UnInit
 .text.adin1110_Enable
                0x0800613c       0x2c ./Core/Src/adin1110.o
                0x0800613c                adin1110_Enable
 .text.adin1110_SyncConfig
                0x08006168       0x24 ./Core/Src/adin1110.o
                0x08006168                adin1110_SyncConfig
 .text.adin1110_GetLinkStatus
                0x0800618c       0x28 ./Core/Src/adin1110.o
                0x0800618c                adin1110_GetLinkStatus
 .text.adin1110_GetStatCounters
                0x080061b4       0x28 ./Core/Src/adin1110.o
                0x080061b4                adin1110_GetStatCounters
 .text.adin1110_AddAddressFilter
                0x080061dc       0x50 ./Core/Src/adin1110.o
                0x080061dc                adin1110_AddAddressFilter
 .text.adin1110_SubmitTxBuffer
                0x0800622c       0x44 ./Core/Src/adin1110.o
                0x0800622c                adin1110_SubmitTxBuffer
 .text.adin1110_SubmitRxBuffer
                0x08006270       0x28 ./Core/Src/adin1110.o
                0x08006270                adin1110_SubmitRxBuffer
 .text.adin1110_RegisterCallback
                0x08006298       0x2c ./Core/Src/adin1110.o
                0x08006298                adin1110_RegisterCallback
 .text.BSP_delayMs
                0x080062c4       0x2e ./Core/Src/boardsupport.o
                0x080062c4                BSP_delayMs
 *fill*         0x080062f2        0x2 
 .text.BSP_HWReset
                0x080062f4       0x7c ./Core/Src/boardsupport.o
                0x080062f4                BSP_HWReset
 .text.bspLedSet
                0x08006370       0x38 ./Core/Src/boardsupport.o
 .text.bspLedToggle
                0x080063a8       0x1e ./Core/Src/boardsupport.o
 *fill*         0x080063c6        0x2 
 .text.BSP_HeartBeat
                0x080063c8       0x18 ./Core/Src/boardsupport.o
                0x080063c8                BSP_HeartBeat
 .text.BSP_ErrorLed
                0x080063e0       0x24 ./Core/Src/boardsupport.o
                0x080063e0                BSP_ErrorLed
 .text.BSP_spi2_write_and_read
                0x08006404       0x24 ./Core/Src/boardsupport.o
                0x08006404                BSP_spi2_write_and_read
 .text.BSP_spi2_register_callback
                0x08006428       0x1c ./Core/Src/boardsupport.o
                0x08006428                BSP_spi2_register_callback
 .text.BSP_RegisterIRQCallback
                0x08006444       0x1c ./Core/Src/boardsupport.o
                0x08006444                BSP_RegisterIRQCallback
 .text.msgWrite
                0x08006460       0x32 ./Core/Src/boardsupport.o
                0x08006460                msgWrite
 .text.BSP_SysNow
                0x08006492        0xe ./Core/Src/boardsupport.o
                0x08006492                BSP_SysNow
 .text.common_Fail
                0x080064a0       0x50 ./Core/Src/boardsupport.o
                0x080064a0                common_Fail
 .text.common_Perf
                0x080064f0       0x38 ./Core/Src/boardsupport.o
                0x080064f0                common_Perf
 .text.MX_DMA_Init
                0x08006528       0x48 ./Core/Src/dma.o
                0x08006528                MX_DMA_Init
 .text.HAL_FcsInit
                0x08006570       0x10 ./Core/Src/fcs.o
                0x08006570                HAL_FcsInit
 .text.HAL_FcsCalculate
                0x08006580       0x54 ./Core/Src/fcs.o
                0x08006580                HAL_FcsCalculate
 .text.MX_GPIO_Init
                0x080065d4      0x224 ./Core/Src/gpio.o
                0x080065d4                MX_GPIO_Init
 .text.getIntCallback
                0x080067f8       0x18 ./Core/Src/gpio.o
                0x080067f8                getIntCallback
 .text.getIntCBParam
                0x08006810       0x18 ./Core/Src/gpio.o
                0x08006810                getIntCBParam
 .text.HAL_INT_N_Register_Callback
                0x08006828       0x34 ./Core/Src/gpio.o
                0x08006828                HAL_INT_N_Register_Callback
 .text.HAL_INT_N_DisableIRQ
                0x0800685c        0xe ./Core/Src/gpio.o
                0x0800685c                HAL_INT_N_DisableIRQ
 .text.HAL_INT_N_EnableIRQ
                0x0800686a       0x18 ./Core/Src/gpio.o
                0x0800686a                HAL_INT_N_EnableIRQ
 *fill*         0x08006882        0x2 
 .text.MX_Led_Toggle
                0x08006884       0x14 ./Core/Src/gpio.o
                0x08006884                MX_Led_Toggle
 .text.__NVIC_GetEnableIRQ
                0x08006898       0x40 ./Core/Src/hal.o
 .text.HAL_DisableIrq
                0x080068d8        0xe ./Core/Src/hal.o
                0x080068d8                HAL_DisableIrq
 .text.HAL_EnableIrq
                0x080068e6        0xe ./Core/Src/hal.o
                0x080068e6                HAL_EnableIrq
 .text.HAL_GetEnableIrq
                0x080068f4       0x10 ./Core/Src/hal.o
                0x080068f4                HAL_GetEnableIrq
 .text.HAL_RegisterCallback
                0x08006904       0x1c ./Core/Src/hal.o
                0x08006904                HAL_RegisterCallback
 .text.HAL_SpiReadWrite
                0x08006920       0x24 ./Core/Src/hal.o
                0x08006920                HAL_SpiReadWrite
 .text.HAL_SpiRegisterCallback
                0x08006944       0x1c ./Core/Src/hal.o
                0x08006944                HAL_SpiRegisterCallback
 .text.HAL_Init_Hook
                0x08006960       0x10 ./Core/Src/hal.o
                0x08006960                HAL_Init_Hook
 .text.HAL_UnInit_Hook
                0x08006970       0x10 ./Core/Src/hal.o
                0x08006970                HAL_UnInit_Hook
 .text.HAL_I2C_ErrorCallback
                0x08006980       0x28 ./Core/Src/i2c.o
                0x08006980                HAL_I2C_ErrorCallback
 .text.MX_I2C1_Init
                0x080069a8       0x80 ./Core/Src/i2c.o
                0x080069a8                MX_I2C1_Init
 .text.HAL_I2C_MspInit
                0x08006a28      0x174 ./Core/Src/i2c.o
                0x08006a28                HAL_I2C_MspInit
 .text.__NVIC_SystemReset
                0x08006b9c       0x2c ./Core/Src/main.o
 .text.txCallback
                0x08006bc8       0x98 ./Core/Src/main.o
 .text.rxCallback
                0x08006c60       0x60 ./Core/Src/main.o
 .text.cbLinkChange
                0x08006cc0       0x6c ./Core/Src/main.o
                0x08006cc0                cbLinkChange
 .text.printStats
                0x08006d2c      0x384 ./Core/Src/main.o
                0x08006d2c                printStats
 .text.main     0x080070b0      0x6c4 ./Core/Src/main.o
                0x080070b0                main
 .text.SystemClock_Config
                0x08007774       0xc4 ./Core/Src/main.o
                0x08007774                SystemClock_Config
 .text.MX_NVIC_Init
                0x08007838       0x98 ./Core/Src/main.o
 .text.HAL_GPIO_EXTI_Callback
                0x080078d0       0xbc ./Core/Src/main.o
                0x080078d0                HAL_GPIO_EXTI_Callback
 .text.HAL_TIM_PeriodElapsedCallback
                0x0800798c       0x24 ./Core/Src/main.o
                0x0800798c                HAL_TIM_PeriodElapsedCallback
 .text.Error_Handler
                0x080079b0        0xc ./Core/Src/main.o
                0x080079b0                Error_Handler
 .text.MX_RTC_Init
                0x080079bc       0xb8 ./Core/Src/rtc.o
                0x080079bc                MX_RTC_Init
 .text.HAL_RTC_MspInit
                0x08007a74       0x64 ./Core/Src/rtc.o
                0x08007a74                HAL_RTC_MspInit
 .text.MX_SPI1_Init
                0x08007ad8       0x7c ./Core/Src/spi.o
                0x08007ad8                MX_SPI1_Init
 .text.HAL_SPI_MspInit
                0x08007b54      0x13c ./Core/Src/spi.o
                0x08007b54                HAL_SPI_MspInit
 .text.ADIN1110_CS_Select
                0x08007c90       0x18 ./Core/Src/spi.o
                0x08007c90                ADIN1110_CS_Select
 .text.ADIN1110_CS_Deselect
                0x08007ca8       0x18 ./Core/Src/spi.o
                0x08007ca8                ADIN1110_CS_Deselect
 .text.HAL_SPI_Write_Read
                0x08007cc0       0x50 ./Core/Src/spi.o
                0x08007cc0                HAL_SPI_Write_Read
 .text.HAL_SPI_Register_Callback
                0x08007d10       0x2c ./Core/Src/spi.o
                0x08007d10                HAL_SPI_Register_Callback
 .text.HAL_SPI_TxRxCpltCallback
                0x08007d3c       0x40 ./Core/Src/spi.o
                0x08007d3c                HAL_SPI_TxRxCpltCallback
 .text.HAL_MspInit
                0x08007d7c       0x50 ./Core/Src/stm32l4xx_hal_msp.o
                0x08007d7c                HAL_MspInit
 .text.HAL_InitTick
                0x08007dcc       0xf4 ./Core/Src/stm32l4xx_hal_timebase_tim.o
                0x08007dcc                HAL_InitTick
 .text.NMI_Handler
                0x08007ec0        0x8 ./Core/Src/stm32l4xx_it.o
                0x08007ec0                NMI_Handler
 .text.HardFault_Handler
                0x08007ec8        0x8 ./Core/Src/stm32l4xx_it.o
                0x08007ec8                HardFault_Handler
 .text.MemManage_Handler
                0x08007ed0        0x8 ./Core/Src/stm32l4xx_it.o
                0x08007ed0                MemManage_Handler
 .text.BusFault_Handler
                0x08007ed8        0x8 ./Core/Src/stm32l4xx_it.o
                0x08007ed8                BusFault_Handler
 .text.UsageFault_Handler
                0x08007ee0        0x8 ./Core/Src/stm32l4xx_it.o
                0x08007ee0                UsageFault_Handler
 .text.DebugMon_Handler
                0x08007ee8        0xe ./Core/Src/stm32l4xx_it.o
                0x08007ee8                DebugMon_Handler
 *fill*         0x08007ef6        0x2 
 .text.DMA1_Channel2_IRQHandler
                0x08007ef8       0x14 ./Core/Src/stm32l4xx_it.o
                0x08007ef8                DMA1_Channel2_IRQHandler
 .text.DMA1_Channel3_IRQHandler
                0x08007f0c       0x14 ./Core/Src/stm32l4xx_it.o
                0x08007f0c                DMA1_Channel3_IRQHandler
 .text.I2C1_EV_IRQHandler
                0x08007f20       0x14 ./Core/Src/stm32l4xx_it.o
                0x08007f20                I2C1_EV_IRQHandler
 .text.I2C1_ER_IRQHandler
                0x08007f34       0x14 ./Core/Src/stm32l4xx_it.o
                0x08007f34                I2C1_ER_IRQHandler
 .text.SPI1_IRQHandler
                0x08007f48       0x14 ./Core/Src/stm32l4xx_it.o
                0x08007f48                SPI1_IRQHandler
 .text.EXTI15_10_IRQHandler
                0x08007f5c       0x18 ./Core/Src/stm32l4xx_it.o
                0x08007f5c                EXTI15_10_IRQHandler
 .text.TIM6_DAC_IRQHandler
                0x08007f74       0x14 ./Core/Src/stm32l4xx_it.o
                0x08007f74                TIM6_DAC_IRQHandler
 .text.DMA2_Channel3_IRQHandler
                0x08007f88       0x14 ./Core/Src/stm32l4xx_it.o
                0x08007f88                DMA2_Channel3_IRQHandler
 .text.DMA2_Channel6_IRQHandler
                0x08007f9c       0x14 ./Core/Src/stm32l4xx_it.o
                0x08007f9c                DMA2_Channel6_IRQHandler
 .text.DMA2_Channel7_IRQHandler
                0x08007fb0       0x14 ./Core/Src/stm32l4xx_it.o
                0x08007fb0                DMA2_Channel7_IRQHandler
 .text._getpid  0x08007fc4       0x10 ./Core/Src/syscalls.o
                0x08007fc4                _getpid
 .text._kill    0x08007fd4       0x20 ./Core/Src/syscalls.o
                0x08007fd4                _kill
 .text._exit    0x08007ff4       0x16 ./Core/Src/syscalls.o
                0x08007ff4                _exit
 .text._read    0x0800800a       0x3a ./Core/Src/syscalls.o
                0x0800800a                _read
 .text._write   0x08008044       0x40 ./Core/Src/syscalls.o
                0x08008044                _write
 .text._close   0x08008084       0x18 ./Core/Src/syscalls.o
                0x08008084                _close
 .text._fstat   0x0800809c       0x20 ./Core/Src/syscalls.o
                0x0800809c                _fstat
 .text._isatty  0x080080bc       0x16 ./Core/Src/syscalls.o
                0x080080bc                _isatty
 .text._lseek   0x080080d2       0x1a ./Core/Src/syscalls.o
                0x080080d2                _lseek
 .text._sbrk    0x080080ec       0x6c ./Core/Src/sysmem.o
                0x080080ec                _sbrk
 .text.SystemInit
                0x08008158       0x24 ./Core/Src/system_stm32l4xx.o
                0x08008158                SystemInit
 .text.MX_LPUART1_UART_Init
                0x0800817c       0x58 ./Core/Src/usart.o
                0x0800817c                MX_LPUART1_UART_Init
 .text.HAL_UART_MspInit
                0x080081d4       0xc0 ./Core/Src/usart.o
                0x080081d4                HAL_UART_MspInit
 .text.submitTxBuffer
                0x08008294       0x28 ./Core/Src/usart.o
                0x08008294                submitTxBuffer
 .text.Reset_Handler
                0x080082bc       0x50 ./Core/Startup/startup_stm32l496zgtxp.o
                0x080082bc                Reset_Handler
 .text.Default_Handler
                0x0800830c        0x2 ./Core/Startup/startup_stm32l496zgtxp.o
                0x0800830c                RTC_Alarm_IRQHandler
                0x0800830c                EXTI2_IRQHandler
                0x0800830c                TIM8_TRG_COM_IRQHandler
                0x0800830c                TIM8_CC_IRQHandler
                0x0800830c                TIM1_CC_IRQHandler
                0x0800830c                TSC_IRQHandler
                0x0800830c                SysTick_Handler
                0x0800830c                TAMP_STAMP_IRQHandler
                0x0800830c                PendSV_Handler
                0x0800830c                CAN2_RX1_IRQHandler
                0x0800830c                EXTI3_IRQHandler
                0x0800830c                LPTIM2_IRQHandler
                0x0800830c                DFSDM1_FLT1_IRQHandler
                0x0800830c                I2C3_ER_IRQHandler
                0x0800830c                DFSDM1_FLT2_IRQHandler
                0x0800830c                EXTI0_IRQHandler
                0x0800830c                I2C2_EV_IRQHandler
                0x0800830c                CAN1_RX0_IRQHandler
                0x0800830c                FPU_IRQHandler
                0x0800830c                TIM1_UP_TIM16_IRQHandler
                0x0800830c                CAN2_SCE_IRQHandler
                0x0800830c                ADC1_2_IRQHandler
                0x0800830c                DCMI_IRQHandler
                0x0800830c                CAN2_RX0_IRQHandler
                0x0800830c                TIM8_UP_IRQHandler
                0x0800830c                DMA2_Channel2_IRQHandler
                0x0800830c                DMA1_Channel4_IRQHandler
                0x0800830c                SAI2_IRQHandler
                0x0800830c                DFSDM1_FLT3_IRQHandler
                0x0800830c                USART3_IRQHandler
                0x0800830c                DMA1_Channel7_IRQHandler
                0x0800830c                CAN1_RX1_IRQHandler
                0x0800830c                LCD_IRQHandler
                0x0800830c                UART5_IRQHandler
                0x0800830c                ADC3_IRQHandler
                0x0800830c                TIM4_IRQHandler
                0x0800830c                DMA2_Channel1_IRQHandler
                0x0800830c                QUADSPI_IRQHandler
                0x0800830c                DMA1_Channel6_IRQHandler
                0x0800830c                UART4_IRQHandler
                0x0800830c                DMA2_Channel4_IRQHandler
                0x0800830c                TIM3_IRQHandler
                0x0800830c                RCC_IRQHandler
                0x0800830c                DMA1_Channel1_IRQHandler
                0x0800830c                Default_Handler
                0x0800830c                TIM7_IRQHandler
                0x0800830c                SDMMC1_IRQHandler
                0x0800830c                CAN2_TX_IRQHandler
                0x0800830c                TIM5_IRQHandler
                0x0800830c                I2C3_EV_IRQHandler
                0x0800830c                EXTI9_5_IRQHandler
                0x0800830c                RTC_WKUP_IRQHandler
                0x0800830c                PVD_PVM_IRQHandler
                0x0800830c                SPI2_IRQHandler
                0x0800830c                CAN1_TX_IRQHandler
                0x0800830c                SVC_Handler
                0x0800830c                DMA2_Channel5_IRQHandler
                0x0800830c                CRS_IRQHandler
                0x0800830c                DMA1_Channel5_IRQHandler
                0x0800830c                EXTI4_IRQHandler
                0x0800830c                RNG_IRQHandler
                0x0800830c                TIM1_TRG_COM_TIM17_IRQHandler
                0x0800830c                COMP_IRQHandler
                0x0800830c                WWDG_IRQHandler
                0x0800830c                I2C4_EV_IRQHandler
                0x0800830c                LPUART1_IRQHandler
                0x0800830c                TIM2_IRQHandler
                0x0800830c                EXTI1_IRQHandler
                0x0800830c                USART2_IRQHandler
                0x0800830c                DFSDM1_FLT0_IRQHandler
                0x0800830c                I2C2_ER_IRQHandler
                0x0800830c                TIM8_BRK_IRQHandler
                0x0800830c                CAN1_SCE_IRQHandler
                0x0800830c                FLASH_IRQHandler
                0x0800830c                USART1_IRQHandler
                0x0800830c                OTG_FS_IRQHandler
                0x0800830c                SPI3_IRQHandler
                0x0800830c                FMC_IRQHandler
                0x0800830c                SWPMI1_IRQHandler
                0x0800830c                LPTIM1_IRQHandler
                0x0800830c                I2C4_ER_IRQHandler
                0x0800830c                SAI1_IRQHandler
                0x0800830c                TIM1_BRK_TIM15_IRQHandler
 .text.stm32_lock_init
                0x0800830e       0x44 ./Core/ThreadSafe/newlib_lock_glue.o
 .text.stm32_lock_acquire
                0x08008352       0x64 ./Core/ThreadSafe/newlib_lock_glue.o
 .text.stm32_lock_release
                0x080083b6       0x58 ./Core/ThreadSafe/newlib_lock_glue.o
 .text.__retarget_lock_init_recursive
                0x0800840e       0x4e ./Core/ThreadSafe/newlib_lock_glue.o
                0x0800840e                __retarget_lock_init_recursive
 .text.__retarget_lock_acquire_recursive
                0x0800845c       0x2a ./Core/ThreadSafe/newlib_lock_glue.o
                0x0800845c                __retarget_lock_acquire_recursive
 .text.__retarget_lock_release_recursive
                0x08008486       0x2a ./Core/ThreadSafe/newlib_lock_glue.o
                0x08008486                __retarget_lock_release_recursive
 .text.HAL_Init
                0x080084b0       0x30 ./Drivers/STM32L4xx_HAL_Driver/Src/stm32l4xx_hal.o
                0x080084b0                HAL_Init
 .text.HAL_IncTick
                0x080084e0       0x28 ./Drivers/STM32L4xx_HAL_Driver/Src/stm32l4xx_hal.o
                0x080084e0                HAL_IncTick
 .text.HAL_GetTick
                0x08008508       0x18 ./Drivers/STM32L4xx_HAL_Driver/Src/stm32l4xx_hal.o
                0x08008508                HAL_GetTick
 .text.HAL_Delay
                0x08008520       0x48 ./Drivers/STM32L4xx_HAL_Driver/Src/stm32l4xx_hal.o
                0x08008520                HAL_Delay
 .text.LL_ADC_SetCommonClock
                0x08008568       0x26 ./Drivers/STM32L4xx_HAL_Driver/Src/stm32l4xx_hal_adc.o
 .text.LL_ADC_SetCommonPathInternalCh
                0x0800858e       0x26 ./Drivers/STM32L4xx_HAL_Driver/Src/stm32l4xx_hal_adc.o
 .text.LL_ADC_GetCommonPathInternalCh
                0x080085b4       0x1c ./Drivers/STM32L4xx_HAL_Driver/Src/stm32l4xx_hal_adc.o
 .text.LL_ADC_SetOffset
                0x080085d0       0x48 ./Drivers/STM32L4xx_HAL_Driver/Src/stm32l4xx_hal_adc.o
 .text.LL_ADC_GetOffsetChannel
                0x08008618       0x2c ./Drivers/STM32L4xx_HAL_Driver/Src/stm32l4xx_hal_adc.o
 .text.LL_ADC_SetOffsetState
                0x08008644       0x36 ./Drivers/STM32L4xx_HAL_Driver/Src/stm32l4xx_hal_adc.o
 .text.LL_ADC_SetSamplingTimeCommonConfig
                0x0800867a       0x26 ./Drivers/STM32L4xx_HAL_Driver/Src/stm32l4xx_hal_adc.o
 .text.LL_ADC_REG_SetSequencerRanks
                0x080086a0       0x58 ./Drivers/STM32L4xx_HAL_Driver/Src/stm32l4xx_hal_adc.o
 .text.LL_ADC_SetChannelSamplingTime
                0x080086f8       0x56 ./Drivers/STM32L4xx_HAL_Driver/Src/stm32l4xx_hal_adc.o
 *fill*         0x0800874e        0x2 
 .text.LL_ADC_SetChannelSingleDiff
                0x08008750       0x48 ./Drivers/STM32L4xx_HAL_Driver/Src/stm32l4xx_hal_adc.o
 .text.LL_ADC_DisableDeepPowerDown
                0x08008798       0x24 ./Drivers/STM32L4xx_HAL_Driver/Src/stm32l4xx_hal_adc.o
 .text.LL_ADC_IsDeepPowerDownEnabled
                0x080087bc       0x28 ./Drivers/STM32L4xx_HAL_Driver/Src/stm32l4xx_hal_adc.o
 .text.LL_ADC_EnableInternalRegulator
                0x080087e4       0x28 ./Drivers/STM32L4xx_HAL_Driver/Src/stm32l4xx_hal_adc.o
 .text.LL_ADC_IsInternalRegulatorEnabled
                0x0800880c       0x28 ./Drivers/STM32L4xx_HAL_Driver/Src/stm32l4xx_hal_adc.o
 .text.LL_ADC_IsEnabled
                0x08008834       0x26 ./Drivers/STM32L4xx_HAL_Driver/Src/stm32l4xx_hal_adc.o
 .text.LL_ADC_REG_IsConversionOngoing
                0x0800885a       0x26 ./Drivers/STM32L4xx_HAL_Driver/Src/stm32l4xx_hal_adc.o
 .text.LL_ADC_INJ_IsConversionOngoing
                0x08008880       0x26 ./Drivers/STM32L4xx_HAL_Driver/Src/stm32l4xx_hal_adc.o
 *fill*         0x080088a6        0x2 
 .text.HAL_ADC_Init
                0x080088a8      0x2a8 ./Drivers/STM32L4xx_HAL_Driver/Src/stm32l4xx_hal_adc.o
                0x080088a8                HAL_ADC_Init
 .text.HAL_ADC_ConfigChannel
                0x08008b50      0x818 ./Drivers/STM32L4xx_HAL_Driver/Src/stm32l4xx_hal_adc.o
                0x08008b50                HAL_ADC_ConfigChannel
 .text.LL_ADC_IsEnabled
                0x08009368       0x26 ./Drivers/STM32L4xx_HAL_Driver/Src/stm32l4xx_hal_adc_ex.o
 .text.LL_ADC_REG_IsConversionOngoing
                0x0800938e       0x26 ./Drivers/STM32L4xx_HAL_Driver/Src/stm32l4xx_hal_adc_ex.o
 .text.HAL_ADCEx_MultiModeConfigChannel
                0x080093b4      0x160 ./Drivers/STM32L4xx_HAL_Driver/Src/stm32l4xx_hal_adc_ex.o
                0x080093b4                HAL_ADCEx_MultiModeConfigChannel
 .text.__NVIC_SetPriorityGrouping
                0x08009514       0x48 ./Drivers/STM32L4xx_HAL_Driver/Src/stm32l4xx_hal_cortex.o
 .text.__NVIC_GetPriorityGrouping
                0x0800955c       0x1c ./Drivers/STM32L4xx_HAL_Driver/Src/stm32l4xx_hal_cortex.o
 .text.__NVIC_EnableIRQ
                0x08009578       0x3c ./Drivers/STM32L4xx_HAL_Driver/Src/stm32l4xx_hal_cortex.o
 .text.__NVIC_DisableIRQ
                0x080095b4       0x48 ./Drivers/STM32L4xx_HAL_Driver/Src/stm32l4xx_hal_cortex.o
 .text.__NVIC_SetPriority
                0x080095fc       0x54 ./Drivers/STM32L4xx_HAL_Driver/Src/stm32l4xx_hal_cortex.o
 .text.NVIC_EncodePriority
                0x08009650       0x66 ./Drivers/STM32L4xx_HAL_Driver/Src/stm32l4xx_hal_cortex.o
 .text.HAL_NVIC_SetPriorityGrouping
                0x080096b6       0x16 ./Drivers/STM32L4xx_HAL_Driver/Src/stm32l4xx_hal_cortex.o
                0x080096b6                HAL_NVIC_SetPriorityGrouping
 .text.HAL_NVIC_SetPriority
                0x080096cc       0x38 ./Drivers/STM32L4xx_HAL_Driver/Src/stm32l4xx_hal_cortex.o
                0x080096cc                HAL_NVIC_SetPriority
 .text.HAL_NVIC_EnableIRQ
                0x08009704       0x1c ./Drivers/STM32L4xx_HAL_Driver/Src/stm32l4xx_hal_cortex.o
                0x08009704                HAL_NVIC_EnableIRQ
 .text.HAL_NVIC_DisableIRQ
                0x08009720       0x1c ./Drivers/STM32L4xx_HAL_Driver/Src/stm32l4xx_hal_cortex.o
                0x08009720                HAL_NVIC_DisableIRQ
 .text.HAL_DMA_Init
                0x0800973c      0x170 ./Drivers/STM32L4xx_HAL_Driver/Src/stm32l4xx_hal_dma.o
                0x0800973c                HAL_DMA_Init
 .text.HAL_DMA_Start_IT
                0x080098ac       0xc0 ./Drivers/STM32L4xx_HAL_Driver/Src/stm32l4xx_hal_dma.o
                0x080098ac                HAL_DMA_Start_IT
 .text.HAL_DMA_Abort_IT
                0x0800996c       0x82 ./Drivers/STM32L4xx_HAL_Driver/Src/stm32l4xx_hal_dma.o
                0x0800996c                HAL_DMA_Abort_IT
 .text.HAL_DMA_IRQHandler
                0x080099ee      0x15e ./Drivers/STM32L4xx_HAL_Driver/Src/stm32l4xx_hal_dma.o
                0x080099ee                HAL_DMA_IRQHandler
 .text.HAL_DMA_GetState
                0x08009b4c       0x1c ./Drivers/STM32L4xx_HAL_Driver/Src/stm32l4xx_hal_dma.o
                0x08009b4c                HAL_DMA_GetState
 .text.DMA_SetConfig
                0x08009b68       0x60 ./Drivers/STM32L4xx_HAL_Driver/Src/stm32l4xx_hal_dma.o
 .text.HAL_GPIO_Init
                0x08009bc8      0x324 ./Drivers/STM32L4xx_HAL_Driver/Src/stm32l4xx_hal_gpio.o
                0x08009bc8                HAL_GPIO_Init
 .text.HAL_GPIO_ReadPin
                0x08009eec       0x30 ./Drivers/STM32L4xx_HAL_Driver/Src/stm32l4xx_hal_gpio.o
                0x08009eec                HAL_GPIO_ReadPin
 .text.HAL_GPIO_WritePin
                0x08009f1c       0x30 ./Drivers/STM32L4xx_HAL_Driver/Src/stm32l4xx_hal_gpio.o
                0x08009f1c                HAL_GPIO_WritePin
 .text.HAL_GPIO_TogglePin
                0x08009f4c       0x34 ./Drivers/STM32L4xx_HAL_Driver/Src/stm32l4xx_hal_gpio.o
                0x08009f4c                HAL_GPIO_TogglePin
 .text.HAL_GPIO_EXTI_IRQHandler
                0x08009f80       0x30 ./Drivers/STM32L4xx_HAL_Driver/Src/stm32l4xx_hal_gpio.o
                0x08009f80                HAL_GPIO_EXTI_IRQHandler
 .text.HAL_I2C_Init
                0x08009fb0      0x136 ./Drivers/STM32L4xx_HAL_Driver/Src/stm32l4xx_hal_i2c.o
                0x08009fb0                HAL_I2C_Init
 .text.HAL_I2C_EV_IRQHandler
                0x0800a0e6       0x34 ./Drivers/STM32L4xx_HAL_Driver/Src/stm32l4xx_hal_i2c.o
                0x0800a0e6                HAL_I2C_EV_IRQHandler
 .text.HAL_I2C_ER_IRQHandler
                0x0800a11a       0xb6 ./Drivers/STM32L4xx_HAL_Driver/Src/stm32l4xx_hal_i2c.o
                0x0800a11a                HAL_I2C_ER_IRQHandler
 .text.HAL_I2C_SlaveTxCpltCallback
                0x0800a1d0       0x14 ./Drivers/STM32L4xx_HAL_Driver/Src/stm32l4xx_hal_i2c.o
                0x0800a1d0                HAL_I2C_SlaveTxCpltCallback
 .text.HAL_I2C_SlaveRxCpltCallback
                0x0800a1e4       0x14 ./Drivers/STM32L4xx_HAL_Driver/Src/stm32l4xx_hal_i2c.o
                0x0800a1e4                HAL_I2C_SlaveRxCpltCallback
 .text.HAL_I2C_AddrCallback
                0x0800a1f8       0x1c ./Drivers/STM32L4xx_HAL_Driver/Src/stm32l4xx_hal_i2c.o
                0x0800a1f8                HAL_I2C_AddrCallback
 .text.HAL_I2C_ListenCpltCallback
                0x0800a214       0x14 ./Drivers/STM32L4xx_HAL_Driver/Src/stm32l4xx_hal_i2c.o
                0x0800a214                HAL_I2C_ListenCpltCallback
 .text.HAL_I2C_AbortCpltCallback
                0x0800a228       0x14 ./Drivers/STM32L4xx_HAL_Driver/Src/stm32l4xx_hal_i2c.o
                0x0800a228                HAL_I2C_AbortCpltCallback
 .text.I2C_Slave_ISR_IT
                0x0800a23c      0x1f2 ./Drivers/STM32L4xx_HAL_Driver/Src/stm32l4xx_hal_i2c.o
 .text.I2C_ITAddrCplt
                0x0800a42e      0x108 ./Drivers/STM32L4xx_HAL_Driver/Src/stm32l4xx_hal_i2c.o
 .text.I2C_ITSlaveSeqCplt
                0x0800a536       0xb8 ./Drivers/STM32L4xx_HAL_Driver/Src/stm32l4xx_hal_i2c.o
 *fill*         0x0800a5ee        0x2 
 .text.I2C_ITSlaveCplt
                0x0800a5f0      0x2c8 ./Drivers/STM32L4xx_HAL_Driver/Src/stm32l4xx_hal_i2c.o
 .text.I2C_ITListenCplt
                0x0800a8b8       0xa8 ./Drivers/STM32L4xx_HAL_Driver/Src/stm32l4xx_hal_i2c.o
 .text.I2C_ITError
                0x0800a960      0x1e0 ./Drivers/STM32L4xx_HAL_Driver/Src/stm32l4xx_hal_i2c.o
 .text.I2C_TreatErrorCallback
                0x0800ab40       0x4e ./Drivers/STM32L4xx_HAL_Driver/Src/stm32l4xx_hal_i2c.o
 .text.I2C_Flush_TXDR
                0x0800ab8e       0x48 ./Drivers/STM32L4xx_HAL_Driver/Src/stm32l4xx_hal_i2c.o
 .text.I2C_DMAAbort
                0x0800abd6       0x3c ./Drivers/STM32L4xx_HAL_Driver/Src/stm32l4xx_hal_i2c.o
 .text.I2C_Disable_IRQ
                0x0800ac12       0xbc ./Drivers/STM32L4xx_HAL_Driver/Src/stm32l4xx_hal_i2c.o
 .text.HAL_I2CEx_ConfigAnalogFilter
                0x0800acce       0x96 ./Drivers/STM32L4xx_HAL_Driver/Src/stm32l4xx_hal_i2c_ex.o
                0x0800acce                HAL_I2CEx_ConfigAnalogFilter
 .text.HAL_I2CEx_ConfigDigitalFilter
                0x0800ad64       0x98 ./Drivers/STM32L4xx_HAL_Driver/Src/stm32l4xx_hal_i2c_ex.o
                0x0800ad64                HAL_I2CEx_ConfigDigitalFilter
 .text.HAL_PWR_EnableBkUpAccess
                0x0800adfc       0x20 ./Drivers/STM32L4xx_HAL_Driver/Src/stm32l4xx_hal_pwr.o
                0x0800adfc                HAL_PWR_EnableBkUpAccess
 .text.HAL_PWREx_GetVoltageRange
                0x0800ae1c       0x1c ./Drivers/STM32L4xx_HAL_Driver/Src/stm32l4xx_hal_pwr_ex.o
                0x0800ae1c                HAL_PWREx_GetVoltageRange
 .text.HAL_PWREx_ControlVoltageScaling
                0x0800ae38       0xac ./Drivers/STM32L4xx_HAL_Driver/Src/stm32l4xx_hal_pwr_ex.o
                0x0800ae38                HAL_PWREx_ControlVoltageScaling
 .text.HAL_PWREx_EnableVddIO2
                0x0800aee4       0x20 ./Drivers/STM32L4xx_HAL_Driver/Src/stm32l4xx_hal_pwr_ex.o
                0x0800aee4                HAL_PWREx_EnableVddIO2
 .text.HAL_RCC_OscConfig
                0x0800af04      0x834 ./Drivers/STM32L4xx_HAL_Driver/Src/stm32l4xx_hal_rcc.o
                0x0800af04                HAL_RCC_OscConfig
 .text.HAL_RCC_ClockConfig
                0x0800b738      0x200 ./Drivers/STM32L4xx_HAL_Driver/Src/stm32l4xx_hal_rcc.o
                0x0800b738                HAL_RCC_ClockConfig
 .text.HAL_RCC_GetSysClockFreq
                0x0800b938      0x118 ./Drivers/STM32L4xx_HAL_Driver/Src/stm32l4xx_hal_rcc.o
                0x0800b938                HAL_RCC_GetSysClockFreq
 .text.HAL_RCC_GetHCLKFreq
                0x0800ba50       0x18 ./Drivers/STM32L4xx_HAL_Driver/Src/stm32l4xx_hal_rcc.o
                0x0800ba50                HAL_RCC_GetHCLKFreq
 .text.HAL_RCC_GetPCLK1Freq
                0x0800ba68       0x2c ./Drivers/STM32L4xx_HAL_Driver/Src/stm32l4xx_hal_rcc.o
                0x0800ba68                HAL_RCC_GetPCLK1Freq
 .text.HAL_RCC_GetPCLK2Freq
                0x0800ba94       0x2c ./Drivers/STM32L4xx_HAL_Driver/Src/stm32l4xx_hal_rcc.o
                0x0800ba94                HAL_RCC_GetPCLK2Freq
 .text.HAL_RCC_GetClockConfig
                0x0800bac0       0x64 ./Drivers/STM32L4xx_HAL_Driver/Src/stm32l4xx_hal_rcc.o
                0x0800bac0                HAL_RCC_GetClockConfig
 .text.RCC_SetFlashLatencyFromMSIRange
                0x0800bb24       0xc0 ./Drivers/STM32L4xx_HAL_Driver/Src/stm32l4xx_hal_rcc.o
 .text.HAL_RCCEx_PeriphCLKConfig
                0x0800bbe4      0x5f8 ./Drivers/STM32L4xx_HAL_Driver/Src/stm32l4xx_hal_rcc_ex.o
                0x0800bbe4                HAL_RCCEx_PeriphCLKConfig
 .text.RCCEx_PLLSAI1_Config
                0x0800c1dc      0x1e4 ./Drivers/STM32L4xx_HAL_Driver/Src/stm32l4xx_hal_rcc_ex.o
 .text.RCCEx_PLLSAI2_Config
                0x0800c3c0      0x1b8 ./Drivers/STM32L4xx_HAL_Driver/Src/stm32l4xx_hal_rcc_ex.o
 .text.HAL_RTC_Init
                0x0800c578      0x110 ./Drivers/STM32L4xx_HAL_Driver/Src/stm32l4xx_hal_rtc.o
                0x0800c578                HAL_RTC_Init
 .text.HAL_RTC_SetTime
                0x0800c688      0x13a ./Drivers/STM32L4xx_HAL_Driver/Src/stm32l4xx_hal_rtc.o
                0x0800c688                HAL_RTC_SetTime
 .text.HAL_RTC_SetDate
                0x0800c7c2      0x10e ./Drivers/STM32L4xx_HAL_Driver/Src/stm32l4xx_hal_rtc.o
                0x0800c7c2                HAL_RTC_SetDate
 .text.HAL_RTC_WaitForSynchro
                0x0800c8d0       0x48 ./Drivers/STM32L4xx_HAL_Driver/Src/stm32l4xx_hal_rtc.o
                0x0800c8d0                HAL_RTC_WaitForSynchro
 .text.RTC_EnterInitMode
                0x0800c918       0x66 ./Drivers/STM32L4xx_HAL_Driver/Src/stm32l4xx_hal_rtc.o
                0x0800c918                RTC_EnterInitMode
 *fill*         0x0800c97e        0x2 
 .text.RTC_ExitInitMode
                0x0800c980       0x7c ./Drivers/STM32L4xx_HAL_Driver/Src/stm32l4xx_hal_rtc.o
                0x0800c980                RTC_ExitInitMode
 .text.RTC_ByteToBcd2
                0x0800c9fc       0x40 ./Drivers/STM32L4xx_HAL_Driver/Src/stm32l4xx_hal_rtc.o
                0x0800c9fc                RTC_ByteToBcd2
 .text.HAL_SPI_Init
                0x0800ca3c      0x146 ./Drivers/STM32L4xx_HAL_Driver/Src/stm32l4xx_hal_spi.o
                0x0800ca3c                HAL_SPI_Init
 *fill*         0x0800cb82        0x2 
 .text.HAL_SPI_TransmitReceive_IT
                0x0800cb84      0x154 ./Drivers/STM32L4xx_HAL_Driver/Src/stm32l4xx_hal_spi.o
                0x0800cb84                HAL_SPI_TransmitReceive_IT
 .text.HAL_SPI_TransmitReceive_DMA
                0x0800ccd8      0x30c ./Drivers/STM32L4xx_HAL_Driver/Src/stm32l4xx_hal_spi.o
                0x0800ccd8                HAL_SPI_TransmitReceive_DMA
 .text.HAL_SPI_IRQHandler
                0x0800cfe4      0x1e8 ./Drivers/STM32L4xx_HAL_Driver/Src/stm32l4xx_hal_spi.o
                0x0800cfe4                HAL_SPI_IRQHandler
 .text.HAL_SPI_RxCpltCallback
                0x0800d1cc       0x14 ./Drivers/STM32L4xx_HAL_Driver/Src/stm32l4xx_hal_spi.o
                0x0800d1cc                HAL_SPI_RxCpltCallback
 .text.HAL_SPI_RxHalfCpltCallback
                0x0800d1e0       0x14 ./Drivers/STM32L4xx_HAL_Driver/Src/stm32l4xx_hal_spi.o
                0x0800d1e0                HAL_SPI_RxHalfCpltCallback
 .text.HAL_SPI_TxRxHalfCpltCallback
                0x0800d1f4       0x14 ./Drivers/STM32L4xx_HAL_Driver/Src/stm32l4xx_hal_spi.o
                0x0800d1f4                HAL_SPI_TxRxHalfCpltCallback
 .text.HAL_SPI_ErrorCallback
                0x0800d208       0x14 ./Drivers/STM32L4xx_HAL_Driver/Src/stm32l4xx_hal_spi.o
                0x0800d208                HAL_SPI_ErrorCallback
 .text.SPI_DMAReceiveCplt
                0x0800d21c       0xa8 ./Drivers/STM32L4xx_HAL_Driver/Src/stm32l4xx_hal_spi.o
 .text.SPI_DMATransmitReceiveCplt
                0x0800d2c4       0x90 ./Drivers/STM32L4xx_HAL_Driver/Src/stm32l4xx_hal_spi.o
 .text.SPI_DMAHalfReceiveCplt
                0x0800d354       0x1c ./Drivers/STM32L4xx_HAL_Driver/Src/stm32l4xx_hal_spi.o
 .text.SPI_DMAHalfTransmitReceiveCplt
                0x0800d370       0x1c ./Drivers/STM32L4xx_HAL_Driver/Src/stm32l4xx_hal_spi.o
 .text.SPI_DMAError
                0x0800d38c       0x40 ./Drivers/STM32L4xx_HAL_Driver/Src/stm32l4xx_hal_spi.o
 .text.SPI_DMAAbortOnError
                0x0800d3cc       0x2a ./Drivers/STM32L4xx_HAL_Driver/Src/stm32l4xx_hal_spi.o
 .text.SPI_2linesRxISR_8BIT
                0x0800d3f6       0xbe ./Drivers/STM32L4xx_HAL_Driver/Src/stm32l4xx_hal_spi.o
 .text.SPI_2linesTxISR_8BIT
                0x0800d4b4       0x92 ./Drivers/STM32L4xx_HAL_Driver/Src/stm32l4xx_hal_spi.o
 .text.SPI_2linesRxISR_16BIT
                0x0800d546       0x66 ./Drivers/STM32L4xx_HAL_Driver/Src/stm32l4xx_hal_spi.o
 .text.SPI_2linesTxISR_16BIT
                0x0800d5ac       0x60 ./Drivers/STM32L4xx_HAL_Driver/Src/stm32l4xx_hal_spi.o
 .text.SPI_WaitFlagStateUntilTimeout
                0x0800d60c      0x110 ./Drivers/STM32L4xx_HAL_Driver/Src/stm32l4xx_hal_spi.o
 .text.SPI_WaitFifoStateUntilTimeout
                0x0800d71c      0x12c ./Drivers/STM32L4xx_HAL_Driver/Src/stm32l4xx_hal_spi.o
 .text.SPI_EndRxTransaction
                0x0800d848       0xb0 ./Drivers/STM32L4xx_HAL_Driver/Src/stm32l4xx_hal_spi.o
 .text.SPI_EndRxTxTransaction
                0x0800d8f8       0x8c ./Drivers/STM32L4xx_HAL_Driver/Src/stm32l4xx_hal_spi.o
 .text.SPI_CloseRxTx_ISR
                0x0800d984       0x84 ./Drivers/STM32L4xx_HAL_Driver/Src/stm32l4xx_hal_spi.o
 .text.HAL_TIM_Base_Init
                0x0800da08       0xae ./Drivers/STM32L4xx_HAL_Driver/Src/stm32l4xx_hal_tim.o
                0x0800da08                HAL_TIM_Base_Init
 .text.HAL_TIM_Base_MspInit
                0x0800dab6       0x14 ./Drivers/STM32L4xx_HAL_Driver/Src/stm32l4xx_hal_tim.o
                0x0800dab6                HAL_TIM_Base_MspInit
 *fill*         0x0800daca        0x2 
 .text.HAL_TIM_Base_Start_IT
                0x0800dacc       0xe0 ./Drivers/STM32L4xx_HAL_Driver/Src/stm32l4xx_hal_tim.o
                0x0800dacc                HAL_TIM_Base_Start_IT
 .text.HAL_TIM_IRQHandler
                0x0800dbac      0x20e ./Drivers/STM32L4xx_HAL_Driver/Src/stm32l4xx_hal_tim.o
                0x0800dbac                HAL_TIM_IRQHandler
 .text.HAL_TIM_OC_DelayElapsedCallback
                0x0800ddba       0x14 ./Drivers/STM32L4xx_HAL_Driver/Src/stm32l4xx_hal_tim.o
                0x0800ddba                HAL_TIM_OC_DelayElapsedCallback
 .text.HAL_TIM_IC_CaptureCallback
                0x0800ddce       0x14 ./Drivers/STM32L4xx_HAL_Driver/Src/stm32l4xx_hal_tim.o
                0x0800ddce                HAL_TIM_IC_CaptureCallback
 .text.HAL_TIM_PWM_PulseFinishedCallback
                0x0800dde2       0x14 ./Drivers/STM32L4xx_HAL_Driver/Src/stm32l4xx_hal_tim.o
                0x0800dde2                HAL_TIM_PWM_PulseFinishedCallback
 .text.HAL_TIM_TriggerCallback
                0x0800ddf6       0x14 ./Drivers/STM32L4xx_HAL_Driver/Src/stm32l4xx_hal_tim.o
                0x0800ddf6                HAL_TIM_TriggerCallback
 *fill*         0x0800de0a        0x2 
 .text.TIM_Base_SetConfig
                0x0800de0c      0x14c ./Drivers/STM32L4xx_HAL_Driver/Src/stm32l4xx_hal_tim.o
                0x0800de0c                TIM_Base_SetConfig
 .text.HAL_TIMEx_CommutCallback
                0x0800df58       0x14 ./Drivers/STM32L4xx_HAL_Driver/Src/stm32l4xx_hal_tim_ex.o
                0x0800df58                HAL_TIMEx_CommutCallback
 .text.HAL_TIMEx_BreakCallback
                0x0800df6c       0x14 ./Drivers/STM32L4xx_HAL_Driver/Src/stm32l4xx_hal_tim_ex.o
                0x0800df6c                HAL_TIMEx_BreakCallback
 .text.HAL_TIMEx_Break2Callback
                0x0800df80       0x14 ./Drivers/STM32L4xx_HAL_Driver/Src/stm32l4xx_hal_tim_ex.o
                0x0800df80                HAL_TIMEx_Break2Callback
 .text.HAL_UART_Init
                0x0800df94       0x9c ./Drivers/STM32L4xx_HAL_Driver/Src/stm32l4xx_hal_uart.o
                0x0800df94                HAL_UART_Init
 .text.HAL_UART_Transmit
                0x0800e030      0x112 ./Drivers/STM32L4xx_HAL_Driver/Src/stm32l4xx_hal_uart.o
                0x0800e030                HAL_UART_Transmit
 *fill*         0x0800e142        0x2 
 .text.UART_SetConfig
                0x0800e144      0x570 ./Drivers/STM32L4xx_HAL_Driver/Src/stm32l4xx_hal_uart.o
                0x0800e144                UART_SetConfig
 .text.UART_AdvFeatureConfig
                0x0800e6b4      0x144 ./Drivers/STM32L4xx_HAL_Driver/Src/stm32l4xx_hal_uart.o
                0x0800e6b4                UART_AdvFeatureConfig
 .text.UART_CheckIdleState
                0x0800e7f8      0x150 ./Drivers/STM32L4xx_HAL_Driver/Src/stm32l4xx_hal_uart.o
                0x0800e7f8                UART_CheckIdleState
 .text.UART_WaitOnFlagUntilTimeout
                0x0800e948       0xda ./Drivers/STM32L4xx_HAL_Driver/Src/stm32l4xx_hal_uart.o
                0x0800e948                UART_WaitOnFlagUntilTimeout
 .text.UART_EndRxTransfer
                0x0800ea22       0xc8 ./Drivers/STM32L4xx_HAL_Driver/Src/stm32l4xx_hal_uart.o
 *fill*         0x0800eaea        0x2 
 .text.exit     0x0800eaec       0x24 C:/ST/STM32CubeIDE_1.17.0/STM32CubeIDE/plugins/com.st.stm32cube.ide.mcu.externaltools.gnu-tools-for-stm32.12.3.rel1.win32_1.1.0.202410251130/tools/bin/../lib/gcc/arm-none-eabi/12.3.1/../../../../arm-none-eabi/lib/thumb/v7e-m+fp/hard\libc_nano.a(libc_a-exit.o)
                0x0800eaec                exit
 .text.malloc   0x0800eb10       0x10 C:/ST/STM32CubeIDE_1.17.0/STM32CubeIDE/plugins/com.st.stm32cube.ide.mcu.externaltools.gnu-tools-for-stm32.12.3.rel1.win32_1.1.0.202410251130/tools/bin/../lib/gcc/arm-none-eabi/12.3.1/../../../../arm-none-eabi/lib/thumb/v7e-m+fp/hard\libc_nano.a(libc_a-malloc.o)
                0x0800eb10                malloc
 .text.sbrk_aligned
                0x0800eb20       0x44 C:/ST/STM32CubeIDE_1.17.0/STM32CubeIDE/plugins/com.st.stm32cube.ide.mcu.externaltools.gnu-tools-for-stm32.12.3.rel1.win32_1.1.0.202410251130/tools/bin/../lib/gcc/arm-none-eabi/12.3.1/../../../../arm-none-eabi/lib/thumb/v7e-m+fp/hard\libc_nano.a(libc_a-mallocr.o)
 .text._malloc_r
                0x0800eb64      0x100 C:/ST/STM32CubeIDE_1.17.0/STM32CubeIDE/plugins/com.st.stm32cube.ide.mcu.externaltools.gnu-tools-for-stm32.12.3.rel1.win32_1.1.0.202410251130/tools/bin/../lib/gcc/arm-none-eabi/12.3.1/../../../../arm-none-eabi/lib/thumb/v7e-m+fp/hard\libc_nano.a(libc_a-mallocr.o)
                0x0800eb64                _malloc_r
 .text.__malloc_lock
                0x0800ec64        0xc C:/ST/STM32CubeIDE_1.17.0/STM32CubeIDE/plugins/com.st.stm32cube.ide.mcu.externaltools.gnu-tools-for-stm32.12.3.rel1.win32_1.1.0.202410251130/tools/bin/../lib/gcc/arm-none-eabi/12.3.1/../../../../arm-none-eabi/lib/thumb/v7e-m+fp/hard\libc_nano.a(libc_a-mlock.o)
                0x0800ec64                __malloc_lock
 .text.__malloc_unlock
                0x0800ec70        0xc C:/ST/STM32CubeIDE_1.17.0/STM32CubeIDE/plugins/com.st.stm32cube.ide.mcu.externaltools.gnu-tools-for-stm32.12.3.rel1.win32_1.1.0.202410251130/tools/bin/../lib/gcc/arm-none-eabi/12.3.1/../../../../arm-none-eabi/lib/thumb/v7e-m+fp/hard\libc_nano.a(libc_a-mlock.o)
                0x0800ec70                __malloc_unlock
 .text.__cvt    0x0800ec7c       0xca C:/ST/STM32CubeIDE_1.17.0/STM32CubeIDE/plugins/com.st.stm32cube.ide.mcu.externaltools.gnu-tools-for-stm32.12.3.rel1.win32_1.1.0.202410251130/tools/bin/../lib/gcc/arm-none-eabi/12.3.1/../../../../arm-none-eabi/lib/thumb/v7e-m+fp/hard\libc_nano.a(libc_a-nano-vfprintf_float.o)
                0x0800ec7c                __cvt
 .text.__exponent
                0x0800ed46       0x74 C:/ST/STM32CubeIDE_1.17.0/STM32CubeIDE/plugins/com.st.stm32cube.ide.mcu.externaltools.gnu-tools-for-stm32.12.3.rel1.win32_1.1.0.202410251130/tools/bin/../lib/gcc/arm-none-eabi/12.3.1/../../../../arm-none-eabi/lib/thumb/v7e-m+fp/hard\libc_nano.a(libc_a-nano-vfprintf_float.o)
                0x0800ed46                __exponent
 *fill*         0x0800edba        0x2 
 .text._printf_float
                0x0800edbc      0x454 C:/ST/STM32CubeIDE_1.17.0/STM32CubeIDE/plugins/com.st.stm32cube.ide.mcu.externaltools.gnu-tools-for-stm32.12.3.rel1.win32_1.1.0.202410251130/tools/bin/../lib/gcc/arm-none-eabi/12.3.1/../../../../arm-none-eabi/lib/thumb/v7e-m+fp/hard\libc_nano.a(libc_a-nano-vfprintf_float.o)
                0x0800edbc                _printf_float
 .text._printf_common
                0x0800f210       0xda C:/ST/STM32CubeIDE_1.17.0/STM32CubeIDE/plugins/com.st.stm32cube.ide.mcu.externaltools.gnu-tools-for-stm32.12.3.rel1.win32_1.1.0.202410251130/tools/bin/../lib/gcc/arm-none-eabi/12.3.1/../../../../arm-none-eabi/lib/thumb/v7e-m+fp/hard\libc_nano.a(libc_a-nano-vfprintf_i.o)
                0x0800f210                _printf_common
 *fill*         0x0800f2ea        0x2 
 .text._printf_i
                0x0800f2ec      0x240 C:/ST/STM32CubeIDE_1.17.0/STM32CubeIDE/plugins/com.st.stm32cube.ide.mcu.externaltools.gnu-tools-for-stm32.12.3.rel1.win32_1.1.0.202410251130/tools/bin/../lib/gcc/arm-none-eabi/12.3.1/../../../../arm-none-eabi/lib/thumb/v7e-m+fp/hard\libc_nano.a(libc_a-nano-vfprintf_i.o)
                0x0800f2ec                _printf_i
 .text.std      0x0800f52c       0x6c C:/ST/STM32CubeIDE_1.17.0/STM32CubeIDE/plugins/com.st.stm32cube.ide.mcu.externaltools.gnu-tools-for-stm32.12.3.rel1.win32_1.1.0.202410251130/tools/bin/../lib/gcc/arm-none-eabi/12.3.1/../../../../arm-none-eabi/lib/thumb/v7e-m+fp/hard\libc_nano.a(libc_a-findfp.o)
 .text.stdio_exit_handler
                0x0800f598       0x18 C:/ST/STM32CubeIDE_1.17.0/STM32CubeIDE/plugins/com.st.stm32cube.ide.mcu.externaltools.gnu-tools-for-stm32.12.3.rel1.win32_1.1.0.202410251130/tools/bin/../lib/gcc/arm-none-eabi/12.3.1/../../../../arm-none-eabi/lib/thumb/v7e-m+fp/hard\libc_nano.a(libc_a-findfp.o)
 .text.cleanup_stdio
                0x0800f5b0       0x40 C:/ST/STM32CubeIDE_1.17.0/STM32CubeIDE/plugins/com.st.stm32cube.ide.mcu.externaltools.gnu-tools-for-stm32.12.3.rel1.win32_1.1.0.202410251130/tools/bin/../lib/gcc/arm-none-eabi/12.3.1/../../../../arm-none-eabi/lib/thumb/v7e-m+fp/hard\libc_nano.a(libc_a-findfp.o)
 .text.global_stdio_init.part.0
                0x0800f5f0       0x3c C:/ST/STM32CubeIDE_1.17.0/STM32CubeIDE/plugins/com.st.stm32cube.ide.mcu.externaltools.gnu-tools-for-stm32.12.3.rel1.win32_1.1.0.202410251130/tools/bin/../lib/gcc/arm-none-eabi/12.3.1/../../../../arm-none-eabi/lib/thumb/v7e-m+fp/hard\libc_nano.a(libc_a-findfp.o)
 .text.__sfp_lock_acquire
                0x0800f62c        0xc C:/ST/STM32CubeIDE_1.17.0/STM32CubeIDE/plugins/com.st.stm32cube.ide.mcu.externaltools.gnu-tools-for-stm32.12.3.rel1.win32_1.1.0.202410251130/tools/bin/../lib/gcc/arm-none-eabi/12.3.1/../../../../arm-none-eabi/lib/thumb/v7e-m+fp/hard\libc_nano.a(libc_a-findfp.o)
                0x0800f62c                __sfp_lock_acquire
 .text.__sfp_lock_release
                0x0800f638        0xc C:/ST/STM32CubeIDE_1.17.0/STM32CubeIDE/plugins/com.st.stm32cube.ide.mcu.externaltools.gnu-tools-for-stm32.12.3.rel1.win32_1.1.0.202410251130/tools/bin/../lib/gcc/arm-none-eabi/12.3.1/../../../../arm-none-eabi/lib/thumb/v7e-m+fp/hard\libc_nano.a(libc_a-findfp.o)
                0x0800f638                __sfp_lock_release
 .text.__sinit  0x0800f644       0x30 C:/ST/STM32CubeIDE_1.17.0/STM32CubeIDE/plugins/com.st.stm32cube.ide.mcu.externaltools.gnu-tools-for-stm32.12.3.rel1.win32_1.1.0.202410251130/tools/bin/../lib/gcc/arm-none-eabi/12.3.1/../../../../arm-none-eabi/lib/thumb/v7e-m+fp/hard\libc_nano.a(libc_a-findfp.o)
                0x0800f644                __sinit
 .text._fwalk_sglue
                0x0800f674       0x3c C:/ST/STM32CubeIDE_1.17.0/STM32CubeIDE/plugins/com.st.stm32cube.ide.mcu.externaltools.gnu-tools-for-stm32.12.3.rel1.win32_1.1.0.202410251130/tools/bin/../lib/gcc/arm-none-eabi/12.3.1/../../../../arm-none-eabi/lib/thumb/v7e-m+fp/hard\libc_nano.a(libc_a-fwalk.o)
                0x0800f674                _fwalk_sglue
 .text._puts_r  0x0800f6b0       0xaa C:/ST/STM32CubeIDE_1.17.0/STM32CubeIDE/plugins/com.st.stm32cube.ide.mcu.externaltools.gnu-tools-for-stm32.12.3.rel1.win32_1.1.0.202410251130/tools/bin/../lib/gcc/arm-none-eabi/12.3.1/../../../../arm-none-eabi/lib/thumb/v7e-m+fp/hard\libc_nano.a(libc_a-puts.o)
                0x0800f6b0                _puts_r
 *fill*         0x0800f75a        0x2 
 .text.puts     0x0800f75c       0x10 C:/ST/STM32CubeIDE_1.17.0/STM32CubeIDE/plugins/com.st.stm32cube.ide.mcu.externaltools.gnu-tools-for-stm32.12.3.rel1.win32_1.1.0.202410251130/tools/bin/../lib/gcc/arm-none-eabi/12.3.1/../../../../arm-none-eabi/lib/thumb/v7e-m+fp/hard\libc_nano.a(libc_a-puts.o)
                0x0800f75c                puts
 .text.snprintf
                0x0800f76c       0x68 C:/ST/STM32CubeIDE_1.17.0/STM32CubeIDE/plugins/com.st.stm32cube.ide.mcu.externaltools.gnu-tools-for-stm32.12.3.rel1.win32_1.1.0.202410251130/tools/bin/../lib/gcc/arm-none-eabi/12.3.1/../../../../arm-none-eabi/lib/thumb/v7e-m+fp/hard\libc_nano.a(libc_a-snprintf.o)
                0x0800f76c                sniprintf
                0x0800f76c                snprintf
 .text.sprintf  0x0800f7d4       0x40 C:/ST/STM32CubeIDE_1.17.0/STM32CubeIDE/plugins/com.st.stm32cube.ide.mcu.externaltools.gnu-tools-for-stm32.12.3.rel1.win32_1.1.0.202410251130/tools/bin/../lib/gcc/arm-none-eabi/12.3.1/../../../../arm-none-eabi/lib/thumb/v7e-m+fp/hard\libc_nano.a(libc_a-sprintf.o)
                0x0800f7d4                siprintf
                0x0800f7d4                sprintf
 .text.__sread  0x0800f814       0x22 C:/ST/STM32CubeIDE_1.17.0/STM32CubeIDE/plugins/com.st.stm32cube.ide.mcu.externaltools.gnu-tools-for-stm32.12.3.rel1.win32_1.1.0.202410251130/tools/bin/../lib/gcc/arm-none-eabi/12.3.1/../../../../arm-none-eabi/lib/thumb/v7e-m+fp/hard\libc_nano.a(libc_a-stdio.o)
                0x0800f814                __sread
 .text.__swrite
                0x0800f836       0x38 C:/ST/STM32CubeIDE_1.17.0/STM32CubeIDE/plugins/com.st.stm32cube.ide.mcu.externaltools.gnu-tools-for-stm32.12.3.rel1.win32_1.1.0.202410251130/tools/bin/../lib/gcc/arm-none-eabi/12.3.1/../../../../arm-none-eabi/lib/thumb/v7e-m+fp/hard\libc_nano.a(libc_a-stdio.o)
                0x0800f836                __swrite
 .text.__sseek  0x0800f86e       0x24 C:/ST/STM32CubeIDE_1.17.0/STM32CubeIDE/plugins/com.st.stm32cube.ide.mcu.externaltools.gnu-tools-for-stm32.12.3.rel1.win32_1.1.0.202410251130/tools/bin/../lib/gcc/arm-none-eabi/12.3.1/../../../../arm-none-eabi/lib/thumb/v7e-m+fp/hard\libc_nano.a(libc_a-stdio.o)
                0x0800f86e                __sseek
 .text.__sclose
                0x0800f892        0x8 C:/ST/STM32CubeIDE_1.17.0/STM32CubeIDE/plugins/com.st.stm32cube.ide.mcu.externaltools.gnu-tools-for-stm32.12.3.rel1.win32_1.1.0.202410251130/tools/bin/../lib/gcc/arm-none-eabi/12.3.1/../../../../arm-none-eabi/lib/thumb/v7e-m+fp/hard\libc_nano.a(libc_a-stdio.o)
                0x0800f892                __sclose
 .text.__swbuf_r
                0x0800f89a       0x7c C:/ST/STM32CubeIDE_1.17.0/STM32CubeIDE/plugins/com.st.stm32cube.ide.mcu.externaltools.gnu-tools-for-stm32.12.3.rel1.win32_1.1.0.202410251130/tools/bin/../lib/gcc/arm-none-eabi/12.3.1/../../../../arm-none-eabi/lib/thumb/v7e-m+fp/hard\libc_nano.a(libc_a-wbuf.o)
                0x0800f89a                __swbuf_r
 *fill*         0x0800f916        0x2 
 .text.__swsetup_r
                0x0800f918       0xac C:/ST/STM32CubeIDE_1.17.0/STM32CubeIDE/plugins/com.st.stm32cube.ide.mcu.externaltools.gnu-tools-for-stm32.12.3.rel1.win32_1.1.0.202410251130/tools/bin/../lib/gcc/arm-none-eabi/12.3.1/../../../../arm-none-eabi/lib/thumb/v7e-m+fp/hard\libc_nano.a(libc_a-wsetup.o)
                0x0800f918                __swsetup_r
 .text.memset   0x0800f9c4       0x10 C:/ST/STM32CubeIDE_1.17.0/STM32CubeIDE/plugins/com.st.stm32cube.ide.mcu.externaltools.gnu-tools-for-stm32.12.3.rel1.win32_1.1.0.202410251130/tools/bin/../lib/gcc/arm-none-eabi/12.3.1/../../../../arm-none-eabi/lib/thumb/v7e-m+fp/hard\libc_nano.a(libc_a-memset.o)
                0x0800f9c4                memset
 .text._localeconv_r
                0x0800f9d4        0x8 C:/ST/STM32CubeIDE_1.17.0/STM32CubeIDE/plugins/com.st.stm32cube.ide.mcu.externaltools.gnu-tools-for-stm32.12.3.rel1.win32_1.1.0.202410251130/tools/bin/../lib/gcc/arm-none-eabi/12.3.1/../../../../arm-none-eabi/lib/thumb/v7e-m+fp/hard\libc_nano.a(libc_a-localeconv.o)
                0x0800f9d4                _localeconv_r
 .text._close_r
                0x0800f9dc       0x20 C:/ST/STM32CubeIDE_1.17.0/STM32CubeIDE/plugins/com.st.stm32cube.ide.mcu.externaltools.gnu-tools-for-stm32.12.3.rel1.win32_1.1.0.202410251130/tools/bin/../lib/gcc/arm-none-eabi/12.3.1/../../../../arm-none-eabi/lib/thumb/v7e-m+fp/hard\libc_nano.a(libc_a-closer.o)
                0x0800f9dc                _close_r
 .text._lseek_r
                0x0800f9fc       0x24 C:/ST/STM32CubeIDE_1.17.0/STM32CubeIDE/plugins/com.st.stm32cube.ide.mcu.externaltools.gnu-tools-for-stm32.12.3.rel1.win32_1.1.0.202410251130/tools/bin/../lib/gcc/arm-none-eabi/12.3.1/../../../../arm-none-eabi/lib/thumb/v7e-m+fp/hard\libc_nano.a(libc_a-lseekr.o)
                0x0800f9fc                _lseek_r
 .text._read_r  0x0800fa20       0x24 C:/ST/STM32CubeIDE_1.17.0/STM32CubeIDE/plugins/com.st.stm32cube.ide.mcu.externaltools.gnu-tools-for-stm32.12.3.rel1.win32_1.1.0.202410251130/tools/bin/../lib/gcc/arm-none-eabi/12.3.1/../../../../arm-none-eabi/lib/thumb/v7e-m+fp/hard\libc_nano.a(libc_a-readr.o)
                0x0800fa20                _read_r
 .text._sbrk_r  0x0800fa44       0x20 C:/ST/STM32CubeIDE_1.17.0/STM32CubeIDE/plugins/com.st.stm32cube.ide.mcu.externaltools.gnu-tools-for-stm32.12.3.rel1.win32_1.1.0.202410251130/tools/bin/../lib/gcc/arm-none-eabi/12.3.1/../../../../arm-none-eabi/lib/thumb/v7e-m+fp/hard\libc_nano.a(libc_a-sbrkr.o)
                0x0800fa44                _sbrk_r
 .text._write_r
                0x0800fa64       0x24 C:/ST/STM32CubeIDE_1.17.0/STM32CubeIDE/plugins/com.st.stm32cube.ide.mcu.externaltools.gnu-tools-for-stm32.12.3.rel1.win32_1.1.0.202410251130/tools/bin/../lib/gcc/arm-none-eabi/12.3.1/../../../../arm-none-eabi/lib/thumb/v7e-m+fp/hard\libc_nano.a(libc_a-writer.o)
                0x0800fa64                _write_r
 .text.__errno  0x0800fa88        0xc C:/ST/STM32CubeIDE_1.17.0/STM32CubeIDE/plugins/com.st.stm32cube.ide.mcu.externaltools.gnu-tools-for-stm32.12.3.rel1.win32_1.1.0.202410251130/tools/bin/../lib/gcc/arm-none-eabi/12.3.1/../../../../arm-none-eabi/lib/thumb/v7e-m+fp/hard\libc_nano.a(libc_a-errno.o)
                0x0800fa88                __errno
 .text.__libc_init_array
                0x0800fa94       0x48 C:/ST/STM32CubeIDE_1.17.0/STM32CubeIDE/plugins/com.st.stm32cube.ide.mcu.externaltools.gnu-tools-for-stm32.12.3.rel1.win32_1.1.0.202410251130/tools/bin/../lib/gcc/arm-none-eabi/12.3.1/../../../../arm-none-eabi/lib/thumb/v7e-m+fp/hard\libc_nano.a(libc_a-init.o)
                0x0800fa94                __libc_init_array
 .text.memcpy   0x0800fadc       0x1c C:/ST/STM32CubeIDE_1.17.0/STM32CubeIDE/plugins/com.st.stm32cube.ide.mcu.externaltools.gnu-tools-for-stm32.12.3.rel1.win32_1.1.0.202410251130/tools/bin/../lib/gcc/arm-none-eabi/12.3.1/../../../../arm-none-eabi/lib/thumb/v7e-m+fp/hard\libc_nano.a(libc_a-memcpy-stub.o)
                0x0800fadc                memcpy
 .text.__assert_func
                0x0800faf8       0x3c C:/ST/STM32CubeIDE_1.17.0/STM32CubeIDE/plugins/com.st.stm32cube.ide.mcu.externaltools.gnu-tools-for-stm32.12.3.rel1.win32_1.1.0.202410251130/tools/bin/../lib/gcc/arm-none-eabi/12.3.1/../../../../arm-none-eabi/lib/thumb/v7e-m+fp/hard\libc_nano.a(libc_a-assert.o)
                0x0800faf8                __assert_func
 .text.quorem   0x0800fb34      0x110 C:/ST/STM32CubeIDE_1.17.0/STM32CubeIDE/plugins/com.st.stm32cube.ide.mcu.externaltools.gnu-tools-for-stm32.12.3.rel1.win32_1.1.0.202410251130/tools/bin/../lib/gcc/arm-none-eabi/12.3.1/../../../../arm-none-eabi/lib/thumb/v7e-m+fp/hard\libc_nano.a(libc_a-dtoa.o)
 *fill*         0x0800fc44        0x4 
 .text._dtoa_r  0x0800fc48      0xb88 C:/ST/STM32CubeIDE_1.17.0/STM32CubeIDE/plugins/com.st.stm32cube.ide.mcu.externaltools.gnu-tools-for-stm32.12.3.rel1.win32_1.1.0.202410251130/tools/bin/../lib/gcc/arm-none-eabi/12.3.1/../../../../arm-none-eabi/lib/thumb/v7e-m+fp/hard\libc_nano.a(libc_a-dtoa.o)
                0x0800fc48                _dtoa_r
 .text._free_r  0x080107d0       0x94 C:/ST/STM32CubeIDE_1.17.0/STM32CubeIDE/plugins/com.st.stm32cube.ide.mcu.externaltools.gnu-tools-for-stm32.12.3.rel1.win32_1.1.0.202410251130/tools/bin/../lib/gcc/arm-none-eabi/12.3.1/../../../../arm-none-eabi/lib/thumb/v7e-m+fp/hard\libc_nano.a(libc_a-freer.o)
                0x080107d0                _free_r
 .text._Balloc  0x08010864       0x80 C:/ST/STM32CubeIDE_1.17.0/STM32CubeIDE/plugins/com.st.stm32cube.ide.mcu.externaltools.gnu-tools-for-stm32.12.3.rel1.win32_1.1.0.202410251130/tools/bin/../lib/gcc/arm-none-eabi/12.3.1/../../../../arm-none-eabi/lib/thumb/v7e-m+fp/hard\libc_nano.a(libc_a-mprec.o)
                0x08010864                _Balloc
 .text._Bfree   0x080108e4       0x44 C:/ST/STM32CubeIDE_1.17.0/STM32CubeIDE/plugins/com.st.stm32cube.ide.mcu.externaltools.gnu-tools-for-stm32.12.3.rel1.win32_1.1.0.202410251130/tools/bin/../lib/gcc/arm-none-eabi/12.3.1/../../../../arm-none-eabi/lib/thumb/v7e-m+fp/hard\libc_nano.a(libc_a-mprec.o)
                0x080108e4                _Bfree
 .text.__multadd
                0x08010928       0x8c C:/ST/STM32CubeIDE_1.17.0/STM32CubeIDE/plugins/com.st.stm32cube.ide.mcu.externaltools.gnu-tools-for-stm32.12.3.rel1.win32_1.1.0.202410251130/tools/bin/../lib/gcc/arm-none-eabi/12.3.1/../../../../arm-none-eabi/lib/thumb/v7e-m+fp/hard\libc_nano.a(libc_a-mprec.o)
                0x08010928                __multadd
 .text.__hi0bits
                0x080109b4       0x3e C:/ST/STM32CubeIDE_1.17.0/STM32CubeIDE/plugins/com.st.stm32cube.ide.mcu.externaltools.gnu-tools-for-stm32.12.3.rel1.win32_1.1.0.202410251130/tools/bin/../lib/gcc/arm-none-eabi/12.3.1/../../../../arm-none-eabi/lib/thumb/v7e-m+fp/hard\libc_nano.a(libc_a-mprec.o)
                0x080109b4                __hi0bits
 .text.__lo0bits
                0x080109f2       0x5a C:/ST/STM32CubeIDE_1.17.0/STM32CubeIDE/plugins/com.st.stm32cube.ide.mcu.externaltools.gnu-tools-for-stm32.12.3.rel1.win32_1.1.0.202410251130/tools/bin/../lib/gcc/arm-none-eabi/12.3.1/../../../../arm-none-eabi/lib/thumb/v7e-m+fp/hard\libc_nano.a(libc_a-mprec.o)
                0x080109f2                __lo0bits
 .text.__i2b    0x08010a4c       0x2c C:/ST/STM32CubeIDE_1.17.0/STM32CubeIDE/plugins/com.st.stm32cube.ide.mcu.externaltools.gnu-tools-for-stm32.12.3.rel1.win32_1.1.0.202410251130/tools/bin/../lib/gcc/arm-none-eabi/12.3.1/../../../../arm-none-eabi/lib/thumb/v7e-m+fp/hard\libc_nano.a(libc_a-mprec.o)
                0x08010a4c                __i2b
 .text.__multiply
                0x08010a78      0x154 C:/ST/STM32CubeIDE_1.17.0/STM32CubeIDE/plugins/com.st.stm32cube.ide.mcu.externaltools.gnu-tools-for-stm32.12.3.rel1.win32_1.1.0.202410251130/tools/bin/../lib/gcc/arm-none-eabi/12.3.1/../../../../arm-none-eabi/lib/thumb/v7e-m+fp/hard\libc_nano.a(libc_a-mprec.o)
                0x08010a78                __multiply
 .text.__pow5mult
                0x08010bcc       0xb4 C:/ST/STM32CubeIDE_1.17.0/STM32CubeIDE/plugins/com.st.stm32cube.ide.mcu.externaltools.gnu-tools-for-stm32.12.3.rel1.win32_1.1.0.202410251130/tools/bin/../lib/gcc/arm-none-eabi/12.3.1/../../../../arm-none-eabi/lib/thumb/v7e-m+fp/hard\libc_nano.a(libc_a-mprec.o)
                0x08010bcc                __pow5mult
 .text.__lshift
                0x08010c80       0xd8 C:/ST/STM32CubeIDE_1.17.0/STM32CubeIDE/plugins/com.st.stm32cube.ide.mcu.externaltools.gnu-tools-for-stm32.12.3.rel1.win32_1.1.0.202410251130/tools/bin/../lib/gcc/arm-none-eabi/12.3.1/../../../../arm-none-eabi/lib/thumb/v7e-m+fp/hard\libc_nano.a(libc_a-mprec.o)
                0x08010c80                __lshift
 .text.__mcmp   0x08010d58       0x36 C:/ST/STM32CubeIDE_1.17.0/STM32CubeIDE/plugins/com.st.stm32cube.ide.mcu.externaltools.gnu-tools-for-stm32.12.3.rel1.win32_1.1.0.202410251130/tools/bin/../lib/gcc/arm-none-eabi/12.3.1/../../../../arm-none-eabi/lib/thumb/v7e-m+fp/hard\libc_nano.a(libc_a-mprec.o)
                0x08010d58                __mcmp
 *fill*         0x08010d8e        0x2 
 .text.__mdiff  0x08010d90      0x128 C:/ST/STM32CubeIDE_1.17.0/STM32CubeIDE/plugins/com.st.stm32cube.ide.mcu.externaltools.gnu-tools-for-stm32.12.3.rel1.win32_1.1.0.202410251130/tools/bin/../lib/gcc/arm-none-eabi/12.3.1/../../../../arm-none-eabi/lib/thumb/v7e-m+fp/hard\libc_nano.a(libc_a-mprec.o)
                0x08010d90                __mdiff
 .text.__d2b    0x08010eb8       0xb0 C:/ST/STM32CubeIDE_1.17.0/STM32CubeIDE/plugins/com.st.stm32cube.ide.mcu.externaltools.gnu-tools-for-stm32.12.3.rel1.win32_1.1.0.202410251130/tools/bin/../lib/gcc/arm-none-eabi/12.3.1/../../../../arm-none-eabi/lib/thumb/v7e-m+fp/hard\libc_nano.a(libc_a-mprec.o)
                0x08010eb8                __d2b
 .text.__ssputs_r
                0x08010f68       0xb6 C:/ST/STM32CubeIDE_1.17.0/STM32CubeIDE/plugins/com.st.stm32cube.ide.mcu.externaltools.gnu-tools-for-stm32.12.3.rel1.win32_1.1.0.202410251130/tools/bin/../lib/gcc/arm-none-eabi/12.3.1/../../../../arm-none-eabi/lib/thumb/v7e-m+fp/hard\libc_nano.a(libc_a-nano-svfprintf.o)
                0x08010f68                __ssputs_r
 *fill*         0x0801101e        0x2 
 .text._svfprintf_r
                0x08011020      0x1f8 C:/ST/STM32CubeIDE_1.17.0/STM32CubeIDE/plugins/com.st.stm32cube.ide.mcu.externaltools.gnu-tools-for-stm32.12.3.rel1.win32_1.1.0.202410251130/tools/bin/../lib/gcc/arm-none-eabi/12.3.1/../../../../arm-none-eabi/lib/thumb/v7e-m+fp/hard\libc_nano.a(libc_a-nano-svfprintf.o)
                0x08011020                _svfiprintf_r
                0x08011020                _svfprintf_r
 .text.__sfputc_r
                0x08011218       0x2e C:/ST/STM32CubeIDE_1.17.0/STM32CubeIDE/plugins/com.st.stm32cube.ide.mcu.externaltools.gnu-tools-for-stm32.12.3.rel1.win32_1.1.0.202410251130/tools/bin/../lib/gcc/arm-none-eabi/12.3.1/../../../../arm-none-eabi/lib/thumb/v7e-m+fp/hard\libc_nano.a(libc_a-nano-vfprintf.o)
 .text.__sfputs_r
                0x08011246       0x24 C:/ST/STM32CubeIDE_1.17.0/STM32CubeIDE/plugins/com.st.stm32cube.ide.mcu.externaltools.gnu-tools-for-stm32.12.3.rel1.win32_1.1.0.202410251130/tools/bin/../lib/gcc/arm-none-eabi/12.3.1/../../../../arm-none-eabi/lib/thumb/v7e-m+fp/hard\libc_nano.a(libc_a-nano-vfprintf.o)
                0x08011246                __sfputs_r
 *fill*         0x0801126a        0x2 
 .text._vfprintf_r
                0x0801126c      0x230 C:/ST/STM32CubeIDE_1.17.0/STM32CubeIDE/plugins/com.st.stm32cube.ide.mcu.externaltools.gnu-tools-for-stm32.12.3.rel1.win32_1.1.0.202410251130/tools/bin/../lib/gcc/arm-none-eabi/12.3.1/../../../../arm-none-eabi/lib/thumb/v7e-m+fp/hard\libc_nano.a(libc_a-nano-vfprintf.o)
                0x0801126c                _vfprintf_r
                0x0801126c                _vfiprintf_r
 .text.__sflush_r
                0x0801149c      0x108 C:/ST/STM32CubeIDE_1.17.0/STM32CubeIDE/plugins/com.st.stm32cube.ide.mcu.externaltools.gnu-tools-for-stm32.12.3.rel1.win32_1.1.0.202410251130/tools/bin/../lib/gcc/arm-none-eabi/12.3.1/../../../../arm-none-eabi/lib/thumb/v7e-m+fp/hard\libc_nano.a(libc_a-fflush.o)
                0x0801149c                __sflush_r
 .text._fflush_r
                0x080115a4       0x50 C:/ST/STM32CubeIDE_1.17.0/STM32CubeIDE/plugins/com.st.stm32cube.ide.mcu.externaltools.gnu-tools-for-stm32.12.3.rel1.win32_1.1.0.202410251130/tools/bin/../lib/gcc/arm-none-eabi/12.3.1/../../../../arm-none-eabi/lib/thumb/v7e-m+fp/hard\libc_nano.a(libc_a-fflush.o)
                0x080115a4                _fflush_r
 .text.fprintf  0x080115f4       0x24 C:/ST/STM32CubeIDE_1.17.0/STM32CubeIDE/plugins/com.st.stm32cube.ide.mcu.externaltools.gnu-tools-for-stm32.12.3.rel1.win32_1.1.0.202410251130/tools/bin/../lib/gcc/arm-none-eabi/12.3.1/../../../../arm-none-eabi/lib/thumb/v7e-m+fp/hard\libc_nano.a(libc_a-fprintf.o)
                0x080115f4                fiprintf
                0x080115f4                fprintf
 .text.__swhatbuf_r
                0x08011618       0x4c C:/ST/STM32CubeIDE_1.17.0/STM32CubeIDE/plugins/com.st.stm32cube.ide.mcu.externaltools.gnu-tools-for-stm32.12.3.rel1.win32_1.1.0.202410251130/tools/bin/../lib/gcc/arm-none-eabi/12.3.1/../../../../arm-none-eabi/lib/thumb/v7e-m+fp/hard\libc_nano.a(libc_a-makebuf.o)
                0x08011618                __swhatbuf_r
 .text.__smakebuf_r
                0x08011664       0x78 C:/ST/STM32CubeIDE_1.17.0/STM32CubeIDE/plugins/com.st.stm32cube.ide.mcu.externaltools.gnu-tools-for-stm32.12.3.rel1.win32_1.1.0.202410251130/tools/bin/../lib/gcc/arm-none-eabi/12.3.1/../../../../arm-none-eabi/lib/thumb/v7e-m+fp/hard\libc_nano.a(libc_a-makebuf.o)
                0x08011664                __smakebuf_r
 .text.memmove  0x080116dc       0x34 C:/ST/STM32CubeIDE_1.17.0/STM32CubeIDE/plugins/com.st.stm32cube.ide.mcu.externaltools.gnu-tools-for-stm32.12.3.rel1.win32_1.1.0.202410251130/tools/bin/../lib/gcc/arm-none-eabi/12.3.1/../../../../arm-none-eabi/lib/thumb/v7e-m+fp/hard\libc_nano.a(libc_a-memmove.o)
                0x080116dc                memmove
 .text._fstat_r
                0x08011710       0x24 C:/ST/STM32CubeIDE_1.17.0/STM32CubeIDE/plugins/com.st.stm32cube.ide.mcu.externaltools.gnu-tools-for-stm32.12.3.rel1.win32_1.1.0.202410251130/tools/bin/../lib/gcc/arm-none-eabi/12.3.1/../../../../arm-none-eabi/lib/thumb/v7e-m+fp/hard\libc_nano.a(libc_a-fstatr.o)
                0x08011710                _fstat_r
 .text._isatty_r
                0x08011734       0x20 C:/ST/STM32CubeIDE_1.17.0/STM32CubeIDE/plugins/com.st.stm32cube.ide.mcu.externaltools.gnu-tools-for-stm32.12.3.rel1.win32_1.1.0.202410251130/tools/bin/../lib/gcc/arm-none-eabi/12.3.1/../../../../arm-none-eabi/lib/thumb/v7e-m+fp/hard\libc_nano.a(libc_a-isattyr.o)
                0x08011734                _isatty_r
 .text.abort    0x08011754        0xe C:/ST/STM32CubeIDE_1.17.0/STM32CubeIDE/plugins/com.st.stm32cube.ide.mcu.externaltools.gnu-tools-for-stm32.12.3.rel1.win32_1.1.0.202410251130/tools/bin/../lib/gcc/arm-none-eabi/12.3.1/../../../../arm-none-eabi/lib/thumb/v7e-m+fp/hard\libc_nano.a(libc_a-abort.o)
                0x08011754                abort
 .text._calloc_r
                0x08011762       0x28 C:/ST/STM32CubeIDE_1.17.0/STM32CubeIDE/plugins/com.st.stm32cube.ide.mcu.externaltools.gnu-tools-for-stm32.12.3.rel1.win32_1.1.0.202410251130/tools/bin/../lib/gcc/arm-none-eabi/12.3.1/../../../../arm-none-eabi/lib/thumb/v7e-m+fp/hard\libc_nano.a(libc_a-callocr.o)
                0x08011762                _calloc_r
 .text.__ascii_mbtowc
                0x0801178a       0x24 C:/ST/STM32CubeIDE_1.17.0/STM32CubeIDE/plugins/com.st.stm32cube.ide.mcu.externaltools.gnu-tools-for-stm32.12.3.rel1.win32_1.1.0.202410251130/tools/bin/../lib/gcc/arm-none-eabi/12.3.1/../../../../arm-none-eabi/lib/thumb/v7e-m+fp/hard\libc_nano.a(libc_a-mbtowc_r.o)
                0x0801178a                __ascii_mbtowc
 .text._realloc_r
                0x080117ae       0x5c C:/ST/STM32CubeIDE_1.17.0/STM32CubeIDE/plugins/com.st.stm32cube.ide.mcu.externaltools.gnu-tools-for-stm32.12.3.rel1.win32_1.1.0.202410251130/tools/bin/../lib/gcc/arm-none-eabi/12.3.1/../../../../arm-none-eabi/lib/thumb/v7e-m+fp/hard\libc_nano.a(libc_a-reallocr.o)
                0x080117ae                _realloc_r
 .text.__ascii_wctomb
                0x0801180a       0x1a C:/ST/STM32CubeIDE_1.17.0/STM32CubeIDE/plugins/com.st.stm32cube.ide.mcu.externaltools.gnu-tools-for-stm32.12.3.rel1.win32_1.1.0.202410251130/tools/bin/../lib/gcc/arm-none-eabi/12.3.1/../../../../arm-none-eabi/lib/thumb/v7e-m+fp/hard\libc_nano.a(libc_a-wctomb_r.o)
                0x0801180a                __ascii_wctomb
 .text._raise_r
                0x08011824       0x50 C:/ST/STM32CubeIDE_1.17.0/STM32CubeIDE/plugins/com.st.stm32cube.ide.mcu.externaltools.gnu-tools-for-stm32.12.3.rel1.win32_1.1.0.202410251130/tools/bin/../lib/gcc/arm-none-eabi/12.3.1/../../../../arm-none-eabi/lib/thumb/v7e-m+fp/hard\libc_nano.a(libc_a-signal.o)
                0x08011824                _raise_r
 .text.raise    0x08011874       0x10 C:/ST/STM32CubeIDE_1.17.0/STM32CubeIDE/plugins/com.st.stm32cube.ide.mcu.externaltools.gnu-tools-for-stm32.12.3.rel1.win32_1.1.0.202410251130/tools/bin/../lib/gcc/arm-none-eabi/12.3.1/../../../../arm-none-eabi/lib/thumb/v7e-m+fp/hard\libc_nano.a(libc_a-signal.o)
                0x08011874                raise
 .text._kill_r  0x08011884       0x24 C:/ST/STM32CubeIDE_1.17.0/STM32CubeIDE/plugins/com.st.stm32cube.ide.mcu.externaltools.gnu-tools-for-stm32.12.3.rel1.win32_1.1.0.202410251130/tools/bin/../lib/gcc/arm-none-eabi/12.3.1/../../../../arm-none-eabi/lib/thumb/v7e-m+fp/hard\libc_nano.a(libc_a-signalr.o)
                0x08011884                _kill_r
 .text._getpid_r
                0x080118a8        0x4 C:/ST/STM32CubeIDE_1.17.0/STM32CubeIDE/plugins/com.st.stm32cube.ide.mcu.externaltools.gnu-tools-for-stm32.12.3.rel1.win32_1.1.0.202410251130/tools/bin/../lib/gcc/arm-none-eabi/12.3.1/../../../../arm-none-eabi/lib/thumb/v7e-m+fp/hard\libc_nano.a(libc_a-signalr.o)
                0x080118a8                _getpid_r
 .text._malloc_usable_size_r
                0x080118ac       0x10 C:/ST/STM32CubeIDE_1.17.0/STM32CubeIDE/plugins/com.st.stm32cube.ide.mcu.externaltools.gnu-tools-for-stm32.12.3.rel1.win32_1.1.0.202410251130/tools/bin/../lib/gcc/arm-none-eabi/12.3.1/../../../../arm-none-eabi/lib/thumb/v7e-m+fp/hard\libc_nano.a(libc_a-msizer.o)
                0x080118ac                _malloc_usable_size_r
 *(.glue_7)
 .glue_7        0x080118bc        0x0 linker stubs
 *(.glue_7t)
 .glue_7t       0x080118bc        0x0 linker stubs
 *(.eh_frame)
 .eh_frame      0x080118bc        0x0 C:/ST/STM32CubeIDE_1.17.0/STM32CubeIDE/plugins/com.st.stm32cube.ide.mcu.externaltools.gnu-tools-for-stm32.12.3.rel1.win32_1.1.0.202410251130/tools/bin/../lib/gcc/arm-none-eabi/12.3.1/thumb/v7e-m+fp/hard/crtbegin.o
 *(.init)
 .init          0x080118bc        0x4 C:/ST/STM32CubeIDE_1.17.0/STM32CubeIDE/plugins/com.st.stm32cube.ide.mcu.externaltools.gnu-tools-for-stm32.12.3.rel1.win32_1.1.0.202410251130/tools/bin/../lib/gcc/arm-none-eabi/12.3.1/thumb/v7e-m+fp/hard/crti.o
                0x080118bc                _init
 .init          0x080118c0        0x8 C:/ST/STM32CubeIDE_1.17.0/STM32CubeIDE/plugins/com.st.stm32cube.ide.mcu.externaltools.gnu-tools-for-stm32.12.3.rel1.win32_1.1.0.202410251130/tools/bin/../lib/gcc/arm-none-eabi/12.3.1/thumb/v7e-m+fp/hard/crtn.o
 *(.fini)
 .fini          0x080118c8        0x4 C:/ST/STM32CubeIDE_1.17.0/STM32CubeIDE/plugins/com.st.stm32cube.ide.mcu.externaltools.gnu-tools-for-stm32.12.3.rel1.win32_1.1.0.202410251130/tools/bin/../lib/gcc/arm-none-eabi/12.3.1/thumb/v7e-m+fp/hard/crti.o
                0x080118c8                _fini
 .fini          0x080118cc        0x8 C:/ST/STM32CubeIDE_1.17.0/STM32CubeIDE/plugins/com.st.stm32cube.ide.mcu.externaltools.gnu-tools-for-stm32.12.3.rel1.win32_1.1.0.202410251130/tools/bin/../lib/gcc/arm-none-eabi/12.3.1/thumb/v7e-m+fp/hard/crtn.o
                0x080118d4                        . = ALIGN (0x4)
                0x080118d4                        _etext = .

.vfp11_veneer   0x080118d4        0x0
 .vfp11_veneer  0x080118d4        0x0 linker stubs

.v4_bx          0x080118d4        0x0
 .v4_bx         0x080118d4        0x0 linker stubs

.iplt           0x080118d4        0x0