../lwip/src/apps/altcp_tls/altcp_tls_mbedtls_mem.c:103:1:tls_malloc	32	static
../lwip/src/apps/altcp_tls/altcp_tls_mbedtls_mem.c:143:1:tls_free	24	static
../lwip/src/apps/altcp_tls/altcp_tls_mbedtls_mem.c:161:1:altcp_mbedtls_mem_init	8	static
../lwip/src/apps/altcp_tls/altcp_tls_mbedtls_mem.c:172:1:altcp_mbedtls_alloc	24	static
../lwip/src/apps/altcp_tls/altcp_tls_mbedtls_mem.c:182:1:altcp_mbedtls_free	16	static
../lwip/src/apps/altcp_tls/altcp_tls_mbedtls_mem.c:190:1:altcp_mbedtls_alloc_config	24	static
../lwip/src/apps/altcp_tls/altcp_tls_mbedtls_mem.c:203:1:altcp_mbedtls_free_config	16	static
