../lwip/src/apps/altcp_tls/altcp_tls_mbedtls.c:126:1:altcp_mbedtls_lower_accept	40	static
../lwip/src/apps/altcp_tls/altcp_tls_mbedtls.c:151:1:altcp_mbedtls_lower_connected	32	static
../lwip/src/apps/altcp_tls/altcp_tls_mbedtls.c:170:1:altcp_mbedtls_lower_recved	24	static
../lwip/src/apps/altcp_tls/altcp_tls_mbedtls.c:184:1:altcp_mbedtls_lower_recv	40	static
../lwip/src/apps/altcp_tls/altcp_tls_mbedtls.c:250:1:altcp_mbedtls_lower_recv_process	24	static
../lwip/src/apps/altcp_tls/altcp_tls_mbedtls.c:302:1:altcp_mbedtls_pass_rx_data	32	static
../lwip/src/apps/altcp_tls/altcp_tls_mbedtls.c:352:1:altcp_mbedtls_handle_rx_appldata	32	static
../lwip/src/apps/altcp_tls/altcp_tls_mbedtls.c:438:1:altcp_mbedtls_bio_recv	48	static
../lwip/src/apps/altcp_tls/altcp_tls_mbedtls.c:492:1:altcp_mbedtls_lower_sent	32	static
../lwip/src/apps/altcp_tls/altcp_tls_mbedtls.c:519:1:altcp_mbedtls_lower_poll	24	static
../lwip/src/apps/altcp_tls/altcp_tls_mbedtls.c:542:1:altcp_mbedtls_lower_err	24	static
../lwip/src/apps/altcp_tls/altcp_tls_mbedtls.c:557:1:altcp_mbedtls_remove_callbacks	16	static
../lwip/src/apps/altcp_tls/altcp_tls_mbedtls.c:567:1:altcp_mbedtls_setup_callbacks	16	static
../lwip/src/apps/altcp_tls/altcp_tls_mbedtls.c:578:1:altcp_mbedtls_setup	48	static
../lwip/src/apps/altcp_tls/altcp_tls_mbedtls.c:613:1:altcp_tls_wrap	24	static
../lwip/src/apps/altcp_tls/altcp_tls_mbedtls.c:630:1:altcp_tls_context	24	static
../lwip/src/apps/altcp_tls/altcp_tls_mbedtls.c:641:1:altcp_mbedtls_debug	32	static
../lwip/src/apps/altcp_tls/altcp_tls_mbedtls.c:656:1:dummy_rng	32	static
../lwip/src/apps/altcp_tls/altcp_tls_mbedtls.c:673:1:altcp_tls_create_config	48	static
../lwip/src/apps/altcp_tls/altcp_tls_mbedtls.c:757:1:altcp_tls_create_config_server_privkey_cert	48	static
../lwip/src/apps/altcp_tls/altcp_tls_mbedtls.c:804:1:altcp_tls_create_config_client_common	40	static
../lwip/src/apps/altcp_tls/altcp_tls_mbedtls.c:830:1:altcp_tls_create_config_client	16	static
../lwip/src/apps/altcp_tls/altcp_tls_mbedtls.c:836:1:altcp_tls_create_config_client_2wayauth	40	static
../lwip/src/apps/altcp_tls/altcp_tls_mbedtls.c:881:1:altcp_tls_free_config	16	static
../lwip/src/apps/altcp_tls/altcp_tls_mbedtls.c:897:1:altcp_mbedtls_set_poll	16	static
../lwip/src/apps/altcp_tls/altcp_tls_mbedtls.c:905:1:altcp_mbedtls_recved	32	static
../lwip/src/apps/altcp_tls/altcp_tls_mbedtls.c:931:1:altcp_mbedtls_connect	24	static
../lwip/src/apps/altcp_tls/altcp_tls_mbedtls.c:941:1:altcp_mbedtls_listen	32	static
../lwip/src/apps/altcp_tls/altcp_tls_mbedtls.c:957:1:altcp_mbedtls_abort	16	static
../lwip/src/apps/altcp_tls/altcp_tls_mbedtls.c:965:1:altcp_mbedtls_close	32	static
../lwip/src/apps/altcp_tls/altcp_tls_mbedtls.c:994:1:altcp_mbedtls_sndbuf	48	static
../lwip/src/apps/altcp_tls/altcp_tls_mbedtls.c:1033:1:altcp_mbedtls_write	48	static
../lwip/src/apps/altcp_tls/altcp_tls_mbedtls.c:1139:1:altcp_mbedtls_bio_send	48	static
../lwip/src/apps/altcp_tls/altcp_tls_mbedtls.c:1172:1:altcp_mbedtls_mss	16	static
../lwip/src/apps/altcp_tls/altcp_tls_mbedtls.c:1182:1:altcp_mbedtls_dealloc	24	static
