../Core/Src/boardsupport.c:27:6:ETH_SPI_Init	8	static
../Core/Src/boardsupport.c:62:6:BSP_delayMs	24	static
../Core/Src/boardsupport.c:88:6:BSP_HWReset	16	static
../Core/Src/boardsupport.c:98:13:bspLedSet	16	static
../Core/Src/boardsupport.c:110:13:bspLedToggle	16	static
../Core/Src/boardsupport.c:118:6:BSP_HeartBeat	8	static
../Core/Src/boardsupport.c:126:6:BSP_HeartBeatLed	16	static
../Core/Src/boardsupport.c:134:6:BSP_ErrorLed	16	static
../Core/Src/boardsupport.c:142:6:BSP_FuncLed1	16	static
../Core/Src/boardsupport.c:147:6:BSP_FuncLed1Toggle	8	static
../Core/Src/boardsupport.c:155:6:BSP_FuncLed2	16	static
../Core/Src/boardsupport.c:160:6:BSP_FuncLed2Toggle	8	static
../Core/Src/boardsupport.c:166:6:BSP_LedToggleAll	8	static
../Core/Src/boardsupport.c:171:10:BSP_spi2_write_and_read	24	static
../Core/Src/boardsupport.c:189:6:setSPI2Cs	16	static
../Core/Src/boardsupport.c:209:6:BSP_getConfigPins	24	static
../Core/Src/boardsupport.c:233:10:msgWrite	24	static
../Core/Src/boardsupport.c:247:10:BSP_SysNow	8	static
../Core/Src/boardsupport.c:253:10:BSP_InitSystem	16	static
../Core/Src/boardsupport.c:280:6:common_Fail	32	static
../Core/Src/boardsupport.c:291:6:common_Perf	24	static
../Core/Src/boardsupport.c:300:10:BSP_RegisterIRQCallback	16	static
../Core/Src/boardsupport.c:309:10:BSP_spi2_register_callback	16	static
../Core/Src/boardsupport.c:318:6:ADIN1110_CS_Select	8	static
../Core/Src/boardsupport.c:323:6:ADIN1110_CS_Deselect	8	static
