../Core/Src/boardsupport.c:27:6:ETH_SPI_Init	8	static
../Core/Src/boardsupport.c:62:6:BSP_delayMs	24	static
../Core/Src/boardsupport.c:88:6:BSP_HWReset	16	static
../Core/Src/boardsupport.c:104:13:bspLedSet	16	static
../Core/Src/boardsupport.c:116:13:bspLedToggle	16	static
../Core/Src/boardsupport.c:124:6:BSP_HeartBeat	8	static
../Core/Src/boardsupport.c:132:6:BSP_HeartBeatLed	16	static
../Core/Src/boardsupport.c:140:6:BSP_ErrorLed	16	static
../Core/Src/boardsupport.c:148:6:BSP_FuncLed1	16	static
../Core/Src/boardsupport.c:153:6:BSP_FuncLed1Toggle	8	static
../Core/Src/boardsupport.c:161:6:BSP_FuncLed2	16	static
../Core/Src/boardsupport.c:166:6:BSP_FuncLed2Toggle	8	static
../Core/Src/boardsupport.c:172:6:BSP_LedToggleAll	8	static
../Core/Src/boardsupport.c:177:10:BSP_spi2_write_and_read	24	static
../Core/Src/boardsupport.c:195:6:setSPI2Cs	16	static
../Core/Src/boardsupport.c:215:6:BSP_getConfigPins	24	static
../Core/Src/boardsupport.c:239:10:msgWrite	24	static
../Core/Src/boardsupport.c:253:10:BSP_SysNow	8	static
../Core/Src/boardsupport.c:259:10:BSP_InitSystem	16	static
../Core/Src/boardsupport.c:286:6:common_Fail	32	static
../Core/Src/boardsupport.c:297:6:common_Perf	24	static
../Core/Src/boardsupport.c:306:10:BSP_RegisterIRQCallback	16	static
../Core/Src/boardsupport.c:315:10:BSP_spi2_register_callback	16	static
../Core/Src/boardsupport.c:324:6:ADIN1110_CS_Select	8	static
../Core/Src/boardsupport.c:329:6:ADIN1110_CS_Deselect	8	static
