../Core/Src/boardsupport.c:27:6:ETH_SPI_Init	8	static
../Core/Src/boardsupport.c:63:6:BSP_delayMs	24	static
../Core/Src/boardsupport.c:89:6:BSP_HWReset	16	static
../Core/Src/boardsupport.c:99:13:bspLedSet	16	static
../Core/Src/boardsupport.c:111:13:bspLedToggle	16	static
../Core/Src/boardsupport.c:119:6:BSP_HeartBeat	8	static
../Core/Src/boardsupport.c:127:6:BSP_HeartBeatLed	16	static
../Core/Src/boardsupport.c:135:6:BSP_ErrorLed	16	static
../Core/Src/boardsupport.c:143:6:BSP_FuncLed1	16	static
../Core/Src/boardsupport.c:148:6:BSP_FuncLed1Toggle	8	static
../Core/Src/boardsupport.c:156:6:BSP_FuncLed2	16	static
../Core/Src/boardsupport.c:161:6:BSP_FuncLed2Toggle	8	static
../Core/Src/boardsupport.c:167:6:BSP_LedToggleAll	8	static
../Core/Src/boardsupport.c:172:10:BSP_spi2_write_and_read	32	static
../Core/Src/boardsupport.c:194:6:setSPI2Cs	16	static
../Core/Src/boardsupport.c:214:6:BSP_getConfigPins	24	static
../Core/Src/boardsupport.c:238:10:msgWrite	24	static
../Core/Src/boardsupport.c:252:10:BSP_SysNow	8	static
../Core/Src/boardsupport.c:258:10:BSP_InitSystem	16	static
../Core/Src/boardsupport.c:285:6:common_Fail	32	static
../Core/Src/boardsupport.c:296:6:common_Perf	24	static
../Core/Src/boardsupport.c:305:10:BSP_RegisterIRQCallback	16	static
../Core/Src/boardsupport.c:316:10:BSP_spi2_register_callback	16	static
../Core/Src/boardsupport.c:328:6:ADIN1110_CS_Select	8	static
../Core/Src/boardsupport.c:333:6:ADIN1110_CS_Deselect	8	static
