../Core/Src/lwIP_adin1110_app.c:100:13:txCallback	24	static
../Core/Src/lwIP_adin1110_app.c:105:13:rxCallback	168	static
../Core/Src/lwIP_adin1110_app.c:136:6:cbLinkChange	32	static
../Core/Src/lwIP_adin1110_app.c:149:10:adi_phy_GetLinkStatus	24	static
../Core/Src/lwIP_adin1110_app.c:158:10:sys_now	8	static
../Core/Src/lwIP_adin1110_app.c:163:13:udp_recv_callback	160	static
../Core/Src/lwIP_adin1110_app.c:188:7:udp_send_query	16	static
../Core/Src/lwIP_adin1110_app.c:238:6:process_udp_query	16	static
../Core/Src/lwIP_adin1110_app.c:257:7:LwIP_ADIN1110LinkInput	24	static
../Core/Src/lwIP_adin1110_app.c:282:14:low_level_output	40	static
../Core/Src/lwIP_adin1110_app.c:347:14:LwIP_ADIN1110LinkOutput	16	static
../Core/Src/lwIP_adin1110_app.c:354:14:ssiHandler	24	static
../Core/Src/lwIP_adin1110_app.c:360:18:LwIP_StructInit	48	static
../Core/Src/lwIP_adin1110_app.c:377:14:LwipADIN1110Init	24	static
../Core/Src/lwIP_adin1110_app.c:404:25:ADIN1110Init	32	static
../Core/Src/lwIP_adin1110_app.c:483:6:LwIP_Init	56	static
../Core/Src/lwIP_adin1110_app.c:516:6:initPQueue	16	static
../Core/Src/lwIP_adin1110_app.c:523:10:pDataAvailable	16	static
../Core/Src/lwIP_adin1110_app.c:532:6:writePQ	24	static
../Core/Src/lwIP_adin1110_app.c:540:7:readPQ	24	static
../Core/Src/lwIP_adin1110_app.c:553:10:discoveradin1110	32	static
