../Core/Src/lwIP_adin1110_app.c:82:13:txCallback	24	static
../Core/Src/lwIP_adin1110_app.c:87:13:rxCallback	40	static
../Core/Src/lwIP_adin1110_app.c:118:6:cbLinkChange	32	static
../Core/Src/lwIP_adin1110_app.c:131:10:adi_phy_GetLinkStatus	24	static
../Core/Src/lwIP_adin1110_app.c:140:10:sys_now	8	static
../Core/Src/lwIP_adin1110_app.c:145:7:LwIP_ADIN1110LinkInput	24	static
../Core/Src/lwIP_adin1110_app.c:170:14:low_level_output	40	static
../Core/Src/lwIP_adin1110_app.c:235:14:LwIP_ADIN1110LinkOutput	16	static
../Core/Src/lwIP_adin1110_app.c:242:14:ssiHandler	24	static
../Core/Src/lwIP_adin1110_app.c:248:18:LwIP_StructInit	48	static
../Core/Src/lwIP_adin1110_app.c:265:14:LwipADIN1110Init	24	static
../Core/Src/lwIP_adin1110_app.c:292:25:ADIN1110Init	32	static
../Core/Src/lwIP_adin1110_app.c:371:6:LwIP_Init	56	static
../Core/Src/lwIP_adin1110_app.c:404:6:initPQueue	16	static
../Core/Src/lwIP_adin1110_app.c:411:10:pDataAvailable	16	static
../Core/Src/lwIP_adin1110_app.c:420:6:writePQ	24	static
../Core/Src/lwIP_adin1110_app.c:428:7:readPQ	24	static
../Core/Src/lwIP_adin1110_app.c:441:10:discoveradin1110	32	static
