../Core/Src/lwIP_adin1110_app.c:102:13:txCallback	24	static
../Core/Src/lwIP_adin1110_app.c:107:13:rxCallback	168	static
../Core/Src/lwIP_adin1110_app.c:138:6:cbLinkChange	32	static
../Core/Src/lwIP_adin1110_app.c:148:6:netif_status_callback	16	static
../Core/Src/lwIP_adin1110_app.c:161:10:adi_phy_GetLinkStatus	24	static
../Core/Src/lwIP_adin1110_app.c:170:10:sys_now	8	static
../Core/Src/lwIP_adin1110_app.c:175:13:udp_recv_callback	160	static
../Core/Src/lwIP_adin1110_app.c:200:7:udp_send_query	16	static
../Core/Src/lwIP_adin1110_app.c:250:6:process_udp_query	16	static
../Core/Src/lwIP_adin1110_app.c:269:7:LwIP_ADIN1110LinkInput	24	static
../Core/Src/lwIP_adin1110_app.c:294:14:low_level_output	40	static
../Core/Src/lwIP_adin1110_app.c:359:14:LwIP_ADIN1110LinkOutput	16	static
../Core/Src/lwIP_adin1110_app.c:366:14:ssiHandler	24	static
../Core/Src/lwIP_adin1110_app.c:372:18:LwIP_StructInit	48	static
../Core/Src/lwIP_adin1110_app.c:389:14:LwipADIN1110Init	24	static
../Core/Src/lwIP_adin1110_app.c:416:25:ADIN1110Init	32	static
../Core/Src/lwIP_adin1110_app.c:495:6:LwIP_Init	56	static
../Core/Src/lwIP_adin1110_app.c:526:6:initPQueue	16	static
../Core/Src/lwIP_adin1110_app.c:533:10:pDataAvailable	16	static
../Core/Src/lwIP_adin1110_app.c:542:6:writePQ	24	static
../Core/Src/lwIP_adin1110_app.c:550:7:readPQ	24	static
../Core/Src/lwIP_adin1110_app.c:563:10:discoveradin1110	32	static
