../Core/Src/lwIP_adin1110_app.c:88:13:txCallback	24	static
../Core/Src/lwIP_adin1110_app.c:93:13:rxCallback	168	static
../Core/Src/lwIP_adin1110_app.c:124:6:cbLinkChange	32	static
../Core/Src/lwIP_adin1110_app.c:137:10:adi_phy_GetLinkStatus	24	static
../Core/Src/lwIP_adin1110_app.c:146:10:sys_now	8	static
../Core/Src/lwIP_adin1110_app.c:151:13:udp_recv_callback	160	static
../Core/Src/lwIP_adin1110_app.c:174:7:udp_send_query	16	static
../Core/Src/lwIP_adin1110_app.c:212:6:process_udp_query	16	static
../Core/Src/lwIP_adin1110_app.c:229:7:LwIP_ADIN1110LinkInput	24	static
../Core/Src/lwIP_adin1110_app.c:254:14:low_level_output	40	static
../Core/Src/lwIP_adin1110_app.c:317:14:LwIP_ADIN1110LinkOutput	16	static
../Core/Src/lwIP_adin1110_app.c:324:14:ssiHandler	24	static
../Core/Src/lwIP_adin1110_app.c:330:18:LwIP_StructInit	48	static
../Core/Src/lwIP_adin1110_app.c:347:14:LwipADIN1110Init	24	static
../Core/Src/lwIP_adin1110_app.c:373:25:ADIN1110Init	32	static
../Core/Src/lwIP_adin1110_app.c:438:6:LwIP_Init	56	static
../Core/Src/lwIP_adin1110_app.c:470:6:initPQueue	16	static
../Core/Src/lwIP_adin1110_app.c:477:10:pDataAvailable	16	static
../Core/Src/lwIP_adin1110_app.c:486:6:writePQ	24	static
../Core/Src/lwIP_adin1110_app.c:494:7:readPQ	24	static
../Core/Src/lwIP_adin1110_app.c:507:10:discoveradin1110	32	static
