../Core/Src/lwIP_adin1110_app.c:100:13:txCallback	24	static
../Core/Src/lwIP_adin1110_app.c:105:13:rxCallback	168	static
../Core/Src/lwIP_adin1110_app.c:145:6:cbLinkChange	32	static
../Core/Src/lwIP_adin1110_app.c:158:10:adi_phy_GetLinkStatus	24	static
../Core/Src/lwIP_adin1110_app.c:167:10:sys_now	8	static
../Core/Src/lwIP_adin1110_app.c:172:13:udp_recv_callback	160	static
../Core/Src/lwIP_adin1110_app.c:197:7:udp_send_query	16	static
../Core/Src/lwIP_adin1110_app.c:247:6:process_udp_query	16	static
../Core/Src/lwIP_adin1110_app.c:266:7:LwIP_ADIN1110LinkInput	24	static
../Core/Src/lwIP_adin1110_app.c:291:14:low_level_output	40	static
../Core/Src/lwIP_adin1110_app.c:356:14:LwIP_ADIN1110LinkOutput	16	static
../Core/Src/lwIP_adin1110_app.c:363:14:ssiHandler	24	static
../Core/Src/lwIP_adin1110_app.c:369:18:LwIP_StructInit	48	static
../Core/Src/lwIP_adin1110_app.c:386:14:LwipADIN1110Init	24	static
../Core/Src/lwIP_adin1110_app.c:413:25:ADIN1110Init	32	static
../Core/Src/lwIP_adin1110_app.c:492:6:LwIP_Init	56	static
../Core/Src/lwIP_adin1110_app.c:525:6:initPQueue	16	static
../Core/Src/lwIP_adin1110_app.c:532:10:pDataAvailable	16	static
../Core/Src/lwIP_adin1110_app.c:541:6:writePQ	24	static
../Core/Src/lwIP_adin1110_app.c:549:7:readPQ	24	static
../Core/Src/lwIP_adin1110_app.c:562:10:discoveradin1110	32	static
