../Core/Src/lwIP_adin1110_app.c:116:13:txCallback	32	static
../Core/Src/lwIP_adin1110_app.c:135:13:rxCallback	48	static
../Core/Src/lwIP_adin1110_app.c:170:6:cbLinkChange	32	static
../Core/Src/lwIP_adin1110_app.c:189:10:adi_phy_GetLinkStatus	24	static
../Core/Src/lwIP_adin1110_app.c:201:10:sys_now	8	static
../Core/Src/lwIP_adin1110_app.c:211:7:LwIP_ADIN1110LinkInput	24	static
../Core/Src/lwIP_adin1110_app.c:240:14:low_level_output	56	static
../Core/Src/lwIP_adin1110_app.c:329:14:LwIP_ADIN1110LinkOutput	16	static
../Core/Src/lwIP_adin1110_app.c:347:18:LwIP_StructInit	56	static
../Core/Src/lwIP_adin1110_app.c:371:14:LwipADIN1110Init	24	static
../Core/Src/lwIP_adin1110_app.c:408:25:ADIN1110Init	64	static
../Core/Src/lwIP_adin1110_app.c:533:6:LwIP_Init	56	static
../Core/Src/lwIP_adin1110_app.c:572:6:initPQueue	16	static
../Core/Src/lwIP_adin1110_app.c:583:10:pDataAvailable	16	static
../Core/Src/lwIP_adin1110_app.c:600:6:writePQ	32	static
../Core/Src/lwIP_adin1110_app.c:627:7:readPQ	24	static
../Core/Src/lwIP_adin1110_app.c:657:10:discoveradin1110	32	static
