../Core/Src/adi_mac.c:84:6:queueInit	32	static
../Core/Src/adi_mac.c:107:24:queueCount	32	static
../Core/Src/adi_mac.c:124:10:queueAvailable	24	static
../Core/Src/adi_mac.c:136:6:queueIsFull	24	static
../Core/Src/adi_mac.c:148:6:queueIsEmpty	24	static
../Core/Src/adi_mac.c:162:6:queueAdd	24	static
../Core/Src/adi_mac.c:174:6:queueRemove	24	static
../Core/Src/adi_mac.c:514:13:macCallback	32	static
../Core/Src/adi_mac.c:543:18:MAC_Init	40	static
../Core/Src/adi_mac.c:653:25:macInit	24	static
../Core/Src/adi_mac.c:783:18:MAC_UnInit	24	static
../Core/Src/adi_mac.c:809:18:MAC_Reset	32	static
../Core/Src/adi_mac.c:911:18:MAC_RegisterCallback	32	static
../Core/Src/adi_mac.c:983:18:MAC_ReadRegister	40	static,ignoring_inline_asm
../Core/Src/adi_mac.c:1085:18:MAC_WriteRegister	40	static,ignoring_inline_asm
../Core/Src/adi_mac.c:1185:18:waitMdioReady	32	static
../Core/Src/adi_mac.c:1217:18:waitDeviceReady	40	static
../Core/Src/adi_mac.c:1274:18:MAC_PhyRead	32	static
../Core/Src/adi_mac.c:1324:18:MAC_PhyWrite	32	static
../Core/Src/adi_mac.c:1370:18:MAC_SubmitTxBuffer	32	static
../Core/Src/adi_mac.c:1447:18:MAC_SubmitRxBuffer	24	static
../Core/Src/adi_mac.c:1614:18:MAC_ProcessTxQueue	24	static,ignoring_inline_asm
../Core/Src/adi_mac.c:1657:18:MAC_GetStatCounters	32	static
../Core/Src/adi_mac.c:1804:18:MAC_AddAddressFilter	48	static
../Core/Src/adi_mac.c:1907:18:MAC_ClearAddressFilter	24	static
../Core/Src/adi_mac.c:1954:18:MAC_GetLinkStatus	32	static
../Core/Src/adi_mac.c:1988:18:MAC_SetChunkSize	32	static
../Core/Src/adi_mac.c:2029:18:MAC_GetChunkSize	32	static
../Core/Src/adi_mac.c:2065:18:MAC_SetCutThroughMode	32	static
../Core/Src/adi_mac.c:2110:18:MAC_GetCutThroughMode	40	static
../Core/Src/adi_mac.c:2138:18:MAC_SetFifoSizes	24	static
../Core/Src/adi_mac.c:2161:18:MAC_GetFifoSizes	16	static
../Core/Src/adi_mac.c:2173:18:MAC_ClearFifos	24	static
../Core/Src/adi_mac.c:2196:18:MAC_SetPromiscuousMode	32	static
../Core/Src/adi_mac.c:2236:18:MAC_GetPromiscuousMode	32	static
../Core/Src/adi_mac.c:2263:18:MAC_TsEnable	32	static
../Core/Src/adi_mac.c:2337:18:MAC_TsClear	24	static
../Core/Src/adi_mac.c:2363:18:MAC_TsTimerStart	40	static
../Core/Src/adi_mac.c:2437:18:MAC_TsTimerStop	24	static
../Core/Src/adi_mac.c:2465:18:MAC_TsConvert	56	static
../Core/Src/adi_mac.c:2509:18:MAC_TsGetExtCaptTimestamp	32	static
../Core/Src/adi_mac.c:2559:18:MAC_TsGetEgressTimestamp	48	static
../Core/Src/adi_mac.c:2613:18:MAC_TsSetTimerAbsolute	32	static
../Core/Src/adi_mac.c:2668:18:MAC_TsSyncClock	88	static
../Core/Src/adi_mac.c:2715:9:MAC_TsSubtract	104	static
../Core/Src/adi_mac.c:2741:18:MAC_SyncConfig	24	static
../Core/Src/adi_mac.c:2776:9:MAC_CalculateParity	32	static
