../Drivers/CMSIS/Include/core_cm4.h:1698:26:__NVIC_GetEnableIRQ	16	static
../Drivers/CMSIS/Include/core_cm4.h:1736:26:__NVIC_GetPendingIRQ	16	static
../Drivers/CMSIS/Include/core_cm4.h:1755:22:__NVIC_SetPendingIRQ	16	static
../Core/Src/hal.c:78:10:HAL_DisableIrq	8	static
../Core/Src/hal.c:90:10:HAL_EnableIrq	8	static
../Core/Src/hal.c:102:10:HAL_SetPendingIrq	8	static
../Core/Src/hal.c:114:10:HAL_GetPendingIrq	8	static
../Core/Src/hal.c:124:10:HAL_GetEnableIrq	8	static
../Core/Src/hal.c:137:10:HAL_RegisterCallback	16	static
../Core/Src/hal.c:152:10:HAL_SpiReadWrite	24	static
../Core/Src/hal.c:166:10:HAL_SpiRegisterCallback	16	static
../Core/Src/hal.c:177:10:HAL_Init_Hook	4	static
../Core/Src/hal.c:188:10:HAL_UnInit_Hook	4	static
