../Core/Src/adi_phy.c:105:18:PHY_Init	32	static
../Core/Src/adi_phy.c:168:18:PHY_UnInit	24	static
../Core/Src/adi_phy.c:187:18:PHY_ReInitPhy	16	static
../Core/Src/adi_phy.c:200:25:phyInit	40	static
../Core/Src/adi_phy.c:324:18:PHY_RegisterCallback	32	static
../Core/Src/adi_phy.c:360:13:irqCb	32	static
../Core/Src/adi_phy.c:386:18:PHY_ReadIrqStatus	24	static
../Core/Src/adi_phy.c:430:18:PHY_AnAdvTxMode	24	static
../Core/Src/adi_phy.c:472:18:PHY_AnAdvMstSlvCfg	24	static
../Core/Src/adi_phy.c:531:18:PHY_AnEnable	24	static
../Core/Src/adi_phy.c:556:18:PHY_Renegotiate	24	static
../Core/Src/adi_phy.c:588:18:PHY_GetAnStatus	24	static
../Core/Src/adi_phy.c:673:18:PHY_GetCapabilities	24	static
../Core/Src/adi_phy.c:711:25:setSoftwarePowerdown	32	static
../Core/Src/adi_phy.c:764:18:PHY_EnterSoftwarePowerdown	16	static
../Core/Src/adi_phy.c:775:18:PHY_ExitSoftwarePowerdown	16	static
../Core/Src/adi_phy.c:787:18:PHY_GetSoftwarePowerdown	24	static
../Core/Src/adi_phy.c:819:18:PHY_GetLinkStatus	24	static
../Core/Src/adi_phy.c:869:25:phyStaticConfig	32	static
../Core/Src/adi_phy.c:1008:18:PHY_Reset	24	static
../Core/Src/adi_phy.c:1052:18:PHY_SetLoopbackMode	24	static
../Core/Src/adi_phy.c:1195:18:PHY_SetTestMode	24	static
../Core/Src/adi_phy.c:1322:25:PHY_LedEn	24	static
../Core/Src/adi_phy.c:1356:25:PHY_LedBlinkTime	32	static
../Core/Src/adi_phy.c:1393:18:PHY_Write	32	static
../Core/Src/adi_phy.c:1422:18:PHY_Read	32	static
../Core/Src/adi_phy.c:1454:18:PHY_GetMseLinkQuality	24	static
../Core/Src/adi_phy.c:1500:18:PHY_FrameGenEn	24	static
../Core/Src/adi_phy.c:1573:18:PHY_FrameGenSetMode	24	static
../Core/Src/adi_phy.c:1589:18:PHY_FrameGenSetFrameCnt	24	static
../Core/Src/adi_phy.c:1619:18:PHY_FrameGenSetFramePayload	24	static
../Core/Src/adi_phy.c:1644:18:PHY_FrameGenSetFrameLen	24	static
../Core/Src/adi_phy.c:1660:18:PHY_FrameGenSetIfgLen	24	static
../Core/Src/adi_phy.c:1676:18:PHY_FrameGenRestart	24	static
../Core/Src/adi_phy.c:1715:18:PHY_FrameGenDone	24	static
../Core/Src/adi_phy.c:1739:18:PHY_FrameChkEn	24	static
../Core/Src/adi_phy.c:1765:18:PHY_FrameChkSourceSelect	24	static
../Core/Src/adi_phy.c:1781:18:PHY_FrameChkReadFrameCnt	24	static
../Core/Src/adi_phy.c:1811:18:PHY_FrameChkReadRxErrCnt	24	static
../Core/Src/adi_phy.c:1827:18:PHY_FrameChkReadErrorCnt	24	static
../Core/Src/adi_phy.c:1897:25:checkIdentity	32	static
