../Core/Src/boardsupport.c:47:6:BSP_delayMs	24	static
../Core/Src/boardsupport.c:66:6:BSP_HWReset	16	static
../Core/Src/boardsupport.c:86:13:bspLedSet	16	static
../Core/Src/boardsupport.c:102:13:bspLedToggle	16	static
../Core/Src/boardsupport.c:111:6:BSP_HeartBeat	8	static
../Core/Src/boardsupport.c:120:6:BSP_HeartBeatLed	16	static
../Core/Src/boardsupport.c:129:6:BSP_ErrorLed	16	static
../Core/Src/boardsupport.c:138:6:BSP_FuncLed1	16	static
../Core/Src/boardsupport.c:147:6:BSP_FuncLed1Toggle	8	static
../Core/Src/boardsupport.c:169:6:BSP_LedToggleAll	8	static
../Core/Src/boardsupport.c:179:10:BSP_spi2_write_and_read	24	static
../Core/Src/boardsupport.c:192:10:BSP_spi2_register_callback	16	static
../Core/Src/boardsupport.c:204:10:BSP_RegisterIRQCallback	16	static
../Core/Src/boardsupport.c:215:6:setSPI2Cs	16	static
../Core/Src/boardsupport.c:231:6:BSP_getConfigPins	24	static
../Core/Src/boardsupport.c:259:10:msgWrite	24	static
../Core/Src/boardsupport.c:278:10:BSP_SysNow	8	static
../Core/Src/boardsupport.c:288:10:BSP_InitSystem	16	static
../Core/Src/boardsupport.c:316:6:common_Fail	32	static
../Core/Src/boardsupport.c:330:6:common_Perf	24	static
